W/ContextImpl( 2329): Calling a method in the system process without a qualified user: android.app.ContextImpl.sendBroadcast:1501 com.android.server.InputMethodManagerService$4.run:2692 java.lang.Thread.run:841 <bottom of call stack> <bottom of call stack> 
D/STATUSBAR-StatusBarManagerService( 2329): manageDisableList what=0x0 pkg=WindowManager.LayoutParams
D/STATUSBAR-RecentsPanel( 2498): onStop()
D/STATUSBAR-RecentsPanelView( 2498): onUiHidden() - mShowing:false, mRecentTaskDescriptions != null:true
D/STATUSBAR-RecentsPanelView( 2498): clearRecentTasksList()
D/STATUSBAR-RecentTasksLoader( 2498): cancelLoadingThumbnailsAndIcons()
D/STATUSBAR-RecentTasksLoader( 2498): mTaskLoader.cancel()
D/STATUSBAR-RecentTasksLoader( 2498): mThumbnailLoader.cancel()
D/STATUSBAR-RecentTasksLoader( 2498):  - mRecentsPanel.onTaskLoadingCancelled()
D/STATUSBAR-RecentsPanelView( 2498): onTaskLoadingCancelled()
D/STATUSBAR-RecentTasksLoader( 2498):  - mRecentsPanel.dismiss()
D/RecentsPanelView( 2498): show: false
D/STATUSBAR-RecentsPanelView( 2498): onTaskLoadingCancelled()
D/STATUSBAR-RecentsPanel( 2498): onDestroy()
V/AlarmManager( 2329): waitForAlarm result :8
D/KeyguardClockWidgetService( 2926): onReceive action=android.intent.action.TIME_TICK
V/AlarmManager( 2329): ClockReceiver onReceive() ACTION_TIME_TICK
D/STATUSBAR-IconMerger( 2498): checkOverflow(1120), More:false, Req:false Child:1
D/WifiP2pService( 2329): InactiveState{ what=147461 }
D/WifiP2pService( 2329): P2pEnabledState{ what=147461 }
D/WifiP2pService( 2329): DefaultState{ what=147461 }
D/SSRMv2:SIOP( 2329): SIOP:: AP = 350, Delta = 0
D/RecentTasksLoader( 2498): preloadRecentTasksList
D/STATUSBAR-RecentTasksLoader( 2498): loadTasksInBackground() mstate:CANCELLED
D/STATUSBAR-RecentTasksLoader( 2498): loadThumbnailsAndIconsInBackground()
D/STATUSBAR-RecentTasksLoader( 2498): loadTasksInBackground -doInBackground()
D/STATUSBAR-RecentTasksLoader( 2498): loadThumbnailsAndIconsInBackground-doInBackground()
D/STATUSBAR-RecentTasksLoader( 2498):     recentTasks.size():2
D/STATUSBAR-RecentTasksLoader( 2498): loadTasksInBackground-onProgressUpdate()
D/STATUSBAR-RecentTasksLoader( 2498):  error - mRecentsPanel == null
D/STATUSBAR-RecentTasksLoader( 2498): loadTasksInBackground-onProgressUpdate()
D/STATUSBAR-RecentTasksLoader( 2498):  error - mRecentsPanel == null
D/STATUSBAR-RecentTasksLoader( 2498): loadThumbnailsAndIconsInBackground-onProgressUpdate()
D/STATUSBAR-RecentTasksLoader( 2498):     !isCancelled()
D/STATUSBAR-RecentTasksLoader( 2498): loadThumbnailsAndIconsInBackground-onProgressUpdate()
D/STATUSBAR-RecentTasksLoader( 2498):     !isCancelled()
D/STATUSBAR-RecentTasksLoader( 2498): mState = State.LOADED
D/VoIPInterfaceManager( 2329): isVoIPRinging()...
D/VoIPInterfaceManager( 2329): isVoIPRunningAndDeregi()...
D/VoIPInterfaceManager( 2329): Not exist call session
V/VibratorService( 2329): hasVibrator - useVibetonz: false
W/ActivityManager( 2329): mDVFSHelper.acquire()
D/StatusBarManagerService( 2329): tr p:2725,o:f
D/STATUSBAR-AirplaneModeQuickSettingButton( 2498): onReceive : android.intent.action.CLOSE_SYSTEM_DIALOGS
D/STATUSBAR-RecentsPanel( 2498): onCreate()
D/StatusBarManagerService( 2329): tr p:2498,o:f
D/STATUSBAR-RecentsPanelView( 2498): onFinishInflate()
D/STATUSBAR-RecentsPanel( 2498): PrivateMode  initState(false)
D/STATUSBAR-RecentsPanel( 2498): handleIntent(): com.android.systemui.recent.action.TOGGLE_RECENTS
D/STATUSBAR-RecentsPanelView( 2498): refreshRecentTasksList()
D/STATUSBAR-RecentsPanelView( 2498): onTasksLoaded()
D/RecentsPanelView( 2498): show: true
D/STATUSBAR-RecentsPanel( 2498): onStart()
D/STATUSBAR-RecentsPanelView( 2498): refreshRecentTasksList()
D/STATUSBAR-RecentTasksLoader( 2498): loadTasksInBackground() mstate:LOADED
D/STATUSBAR-RecentTasksLoader( 2498):     return (mState != State.CANCELLED)
D/STATUSBAR-RecentsPanelView( 2498): updateUiElements items:1 Showing:true
D/RecentsPanelView( 2498): show: true
D/STATUSBAR-RecentsPanel( 2498): onResume()
D/StatusBarManagerService( 2329): semi p:2498,o:f
D/STATUSBAR-AirplaneModeQuickSettingButton( 2498): onReceive : android.intent.action.CLOSE_SYSTEM_DIALOGS
D/STATUSBAR-AirplaneModeQuickSettingButton( 2498): onReceive : android.intent.action.CLOSE_SYSTEM_DIALOGS
D/STATUSBAR-RecentsPanel( 2498): onReceive(Intent { act=android.intent.action.CLOSE_SYSTEM_DIALOGS flg=0x50000010 (has extras) })
D/RecentsPanel( 2498): reason : recentapps
D/STATUSBAR-StatusBarManagerService( 2329): manageDisableList what=0x0 pkg=WindowManager.LayoutParams
W/ContextImpl( 2329): Calling a method in the system process without a qualified user: android.app.ContextImpl.sendBroadcast:1501 com.android.server.InputMethodManagerService$4.run:2692 java.lang.Thread.run:841 <bottom of call stack> <bottom of call stack> 
D/STATUSBAR-StatusBarManagerService( 2329): manageDisableList what=0x0 pkg=WindowManager.LayoutParams
W/ActivityManager( 2329): mDVFSHelper.release()
D/RecentTasksLoader( 2498): preloadRecentTasksList
D/STATUSBAR-RecentTasksLoader( 2498): loadTasksInBackground() mstate:LOADED
D/STATUSBAR-RecentTasksLoader( 2498):     return (mState != State.CANCELLED)
D/VoIPInterfaceManager( 2329): isVoIPRinging()...
D/VoIPInterfaceManager( 2329): isVoIPRunningAndDeregi()...
D/VoIPInterfaceManager( 2329): Not exist call session
D/RecentTasksLoader( 2498): cancelPreloadingRecentTasksList
D/STATUSBAR-RecentTasksLoader( 2498): cancelLoadingThumbnailsAndIcons()
D/STATUSBAR-RecentTasksLoader( 2498): RecentsPanel is Showing : return)
I/WindowManager( 2329): startDockOrHome
D/PowerManagerService( 2329): [api] [s] userActivity : event: 0 flags: 0 (uid: 1000 pid: 2329) eventTime = 1807413
W/ActivityManager( 2329): mDVFSHelper.acquire()
D/STATUSBAR-AirplaneModeQuickSettingButton( 2498): onReceive : android.intent.action.CLOSE_SYSTEM_DIALOGS
D/STATUSBAR-RecentsPanel( 2498): onReceive(Intent { act=android.intent.action.CLOSE_SYSTEM_DIALOGS flg=0x50000010 (has extras) })
D/RecentsPanel( 2498): reason : homekey
D/STATUSBAR-RecentsPanel( 2498): dismissAndGoHome()
D/RecentsPanelView( 2498): show: false
D/STATUSBAR-RecentsPanel( 2498): onPause()
D/STATUSBAR-RecentsPanel( 2498): onReceive(Intent { act=com.android.systemui.recent.action.CLOSE flg=0x10 pkg=com.android.systemui })
D/StatusBarManagerService( 2329): semi p:2725,o:f
D/StatusBarManagerService( 2329): tr p:2725,o:f
D/STATUSBAR-StatusBarManagerService( 2329): manageDisableList what=0x0 pkg=WindowManager.LayoutParams
D/StatusBarManagerService( 2329): tr p:2725,o:f
W/ContextImpl( 2329): Calling a method in the system process without a qualified user: android.app.ContextImpl.sendBroadcast:1501 com.android.server.InputMethodManagerService$4.run:2692 java.lang.Thread.run:841 <bottom of call stack> <bottom of call stack> 
D/STATUSBAR-StatusBarManagerService( 2329): manageDisableList what=0x0 pkg=WindowManager.LayoutParams
W/ActivityManager( 2329): mDVFSHelper.release()
D/STATUSBAR-RecentsPanel( 2498): onStop()
D/STATUSBAR-RecentsPanelView( 2498): onUiHidden() - mShowing:false, mRecentTaskDescriptions != null:true
D/STATUSBAR-RecentsPanelView( 2498): clearRecentTasksList()
D/STATUSBAR-RecentTasksLoader( 2498): cancelLoadingThumbnailsAndIcons()
D/STATUSBAR-RecentTasksLoader( 2498): mTaskLoader.cancel()
D/STATUSBAR-RecentTasksLoader( 2498): mThumbnailLoader.cancel()
D/STATUSBAR-RecentTasksLoader( 2498):  - mRecentsPanel.onTaskLoadingCancelled()
D/STATUSBAR-RecentsPanelView( 2498): onTaskLoadingCancelled()
D/STATUSBAR-RecentTasksLoader( 2498):  - mRecentsPanel.dismiss()
D/RecentsPanelView( 2498): show: false
D/STATUSBAR-RecentsPanelView( 2498): onTaskLoadingCancelled()
D/STATUSBAR-RecentsPanel( 2498): onDestroy()
D/BatteryService( 2329): level:17, scale:100, status:3, health:2, present:true, voltage: 3526, temperature: 345, technology: Li-ion, AC powered:false, USB powered:false, Wireless powered:false, icon:17303550, invalid charger:0, online:1, current avg:-837, charge type:0, power sharing:false
D/BatteryService( 2329): Sending ACTION_BATTERY_CHANGED.
D/STATUSBAR-PhoneStatusBar( 2498):  mBrightnessEnablebySettings = true mBrightnessEnablebyBattery = true mBrightnessEnablebyDisableFlag = true mPmsBrightnessEnablebySettings = true
D/BatteryMeterView( 2498): ACTION_BATTERY_CHANGED : level:17 status:3 health:2
D/STATUSBAR-IconMerger( 2498): checkOverflow(1120), More:false, Req:false Child:1
D/PowerManagerService( 2329): [api] userActivityFromNative : 40 (event: 2 flags: 0) eventTime = 1812156
W/ActivityManager( 2329): mDVFSHelper.acquire()
D/StatusBarManagerService( 2329): tr p:2329,o:f
D/StatusBarManagerService( 2329): tr p:2725,o:f
D/BarController.StatusBar( 2329): mState: WINDOW_STATE_HIDING
D/STATUSBAR-StatusBarManagerService( 2329): manageDisableList what=0x0 pkg=WindowManager.LayoutParams
W/ContextImpl( 2329): Calling a method in the system process without a qualified user: android.app.ContextImpl.sendBroadcast:1501 com.android.internal.policy.impl.PhoneWindowManager.notifyToSSRM:6304 com.android.internal.policy.impl.PhoneWindowManager.access$200:195 com.android.internal.policy.impl.PhoneWindowManager$PolicyHandler.handleMessage:766 android.os.Handler.dispatchMessage:102 
W/ActivityManager( 2329): Permission Denial: getCurrentUser() from pid=10467, uid=10168 requires android.permission.INTERACT_ACROSS_USERS
W/ActivityManager( 2329): Permission Denial: getCurrentUser() from pid=10467, uid=10168 requires android.permission.INTERACT_ACROSS_USERS
D/StatusBarManagerService( 2329): tr p:10467,o:f
--------- beginning of /dev/log/main
I/dalvikvm(10467): Could not find method android.widget.TextView.setAutoSizeTextTypeWithDefaults, referenced from method android.support.v7.widget.AppCompatTextView.setAutoSizeTextTypeWithDefaults
W/dalvikvm(10467): VFY: unable to resolve virtual method 21512: Landroid/widget/TextView;.setAutoSizeTextTypeWithDefaults (I)V
D/dalvikvm(10467): VFY: replacing opcode 0x6f at 0x0004
I/SurfaceFlinger( 1891): Device Built-in Screen -> ls 0 
I/SurfaceFlinger( 1891): Device Built-in Screen -> ls 0 
I/SurfaceFlinger( 1891): Device Built-in Screen -> ls 0 
I/SurfaceFlinger( 1891): Device Built-in Screen -> ls 0 
I/SurfaceFlinger( 1891): Device Built-in Screen -> ls 0 
I/SurfaceFlinger( 1891): Device Built-in Screen -> ls 0 
D/PhoneStatusBar( 2498): setSemiTransparentMode=false, mTransparentMode=false, mSemiTransparentMode=false, mMultiWindowMode=false
I/SurfaceFlinger( 1891): Device Built-in Screen -> ls 0 
I/SurfaceFlinger( 1891): Device Built-in Screen -> ls 0 
I/SurfaceFlinger( 1891): Device Built-in Screen -> ls 0 
I/SurfaceFlinger( 1891): Device Built-in Screen -> ls 0 
I/SurfaceFlinger( 1891): Device Built-in Screen -> ls 0 
I/SurfaceFlinger( 1891): Device Built-in Screen -> ls 0 
D/SSRMv2:SIOP( 2329): SIOP:: AP = 350, Delta = 0
D/StatusBarManagerService( 2329): semi p:10467,o:f
D/SSRMv2:TSP:AirViewOnOff( 2329): SettingsAirViewInfo:: 000000000
I/SurfaceFlinger( 1891): Device Built-in Screen -> ls 0 
I/SurfaceFlinger( 1891): Device Built-in Screen -> ls 0 
I/SurfaceFlinger( 1891): Device Built-in Screen -> ls 0 
I/SurfaceFlinger( 1891): Device Built-in Screen -> ls 0 
I/SurfaceFlinger( 1891): Device Built-in Screen -> ls 0 
I/SurfaceFlinger( 1891): Device Built-in Screen -> ls 0 
D/KeyguardUpdateMonitor( 2498): sendKeyguardVisibilityChanged(true)
I/KeyguardUpdateMonitor( 2498): visibility is same
D/KeyguardUpdateMonitor( 2498): sendKeyguardVisibilityChanged(true)
I/KeyguardUpdateMonitor( 2498): visibility is same
I/SurfaceFlinger( 1891): Device Built-in Screen -> ls 0 
I/SurfaceFlinger( 1891): Device Built-in Screen -> ls 0 
I/SurfaceFlinger( 1891): Device Built-in Screen -> ls 0 
I/SurfaceFlinger( 1891): Device Built-in Screen -> ls 0 
I/SurfaceFlinger( 1891): Device Built-in Screen -> ls 0 
I/SurfaceFlinger( 1891): Device Built-in Screen -> ls 0 
D/PointerIcon( 2329): setMouseIconStyle1 pointerType: 1001iconType:101 flag:0
D/PointerIcon( 2329): setMouseCustomIcon IconType is same.101
E/IMGSRV  (10467): :0: PVRDRMOpen: TP3, ret = 52
E/IMGSRV  (10467): :0: PVRDRMOpen: TP3, ret = 55
E/IMGSRV  (10467): :0: PVRDRMOpen: TP3, ret = 56
E/IMGSRV  (10467): :0: PVRDRMOpen: TP3, ret = 56
E/IMGSRV  (10467): :0: PVRDRMOpen: TP3, ret = 56
E/IMGSRV  (10467): :0: PVRDRMOpen: TP3, ret = 58
I/SurfaceFlinger( 1891): Device Built-in Screen -> ls 0 
I/SurfaceFlinger( 1891): Device Built-in Screen -> ls 0 
I/SurfaceFlinger( 1891): Device Built-in Screen -> ls 0 
I/SurfaceFlinger( 1891): Device Built-in Screen -> ls 0 
E/IMGSRV  ( 1891): :0: PVRDRMOpen: TP3, ret = 49
I/SurfaceFlinger( 1891): Device Built-in Screen -> ls 0 
I/SurfaceFlinger( 1891): Device Built-in Screen -> ls 0 
I/SurfaceFlinger( 1891): Device Built-in Screen -> ls 0 
I/SurfaceFlinger( 1891): Device Built-in Screen -> ls 0 
D/OpenGLRenderer(10467): Enabling debug mode 0
W/ContextImpl( 2329): Calling a method in the system process without a qualified user: android.app.ContextImpl.sendBroadcast:1501 com.android.server.InputMethodManagerService$4.run:2692 java.lang.Thread.run:841 <bottom of call stack> <bottom of call stack> 
I/SurfaceFlinger( 1891): Device Built-in Screen -> ls 0 
I/SurfaceFlinger( 1891): Device Built-in Screen -> ls 0 
I/SurfaceFlinger( 1891): Device Built-in Screen -> ls 0 
I/SurfaceFlinger( 1891): Device Built-in Screen -> ls 0 
D/KeyguardUpdateMonitor( 2498): sendKeyguardVisibilityChanged(true)
I/KeyguardUpdateMonitor( 2498): visibility is same
I/SurfaceFlinger( 1891): Device Built-in Screen -> ls 0 
I/SurfaceFlinger( 1891): Device Built-in Screen -> ls 0 
I/SurfaceFlinger( 1891): Device Built-in Screen -> ls 0 
I/SurfaceFlinger( 1891): Device Built-in Screen -> ls 0 
D/KeyguardUpdateMonitor( 2498): sendKeyguardVisibilityChanged(true)
I/KeyguardUpdateMonitor( 2498): visibility is same
I/SurfaceFlinger( 1891): Device Built-in Screen -> ls 0 
I/SurfaceFlinger( 1891): Device Built-in Screen -> ls 0 
I/SurfaceFlinger( 1891): Device Built-in Screen -> ls 0 
I/SurfaceFlinger( 1891): Device Built-in Screen -> ls 0 
W/ActivityManager( 2329): mDVFSHelper.release()
D/KeyguardUpdateMonitor( 2498): sendKeyguardVisibilityChanged(true)
I/KeyguardUpdateMonitor( 2498): visibility is same
D/KeyguardUpdateMonitor( 2498): sendKeyguardVisibilityChanged(true)
I/KeyguardUpdateMonitor( 2498): visibility is same
I/SurfaceFlinger( 1891): Device Built-in Screen -> ls 0 
I/SurfaceFlinger( 1891): Device Built-in Screen -> ls 0 
I/SurfaceFlinger( 1891): Device Built-in Screen -> ls 0 
D/KeyguardUpdateMonitor( 2498): sendKeyguardVisibilityChanged(true)
I/KeyguardUpdateMonitor( 2498): visibility is same
D/BarController.StatusBar( 2329): mState: WINDOW_STATE_HIDDEN
D/PhoneStatusBar( 2498): Status bar WINDOW_STATE_HIDDEN
I/SurfaceFlinger( 1891): Device Built-in Screen -> ls 0 
I/SurfaceFlinger( 1891): Device Built-in Screen -> ls 0 
I/SurfaceFlinger( 1891): Device Built-in Screen -> ls 0 
I/SurfaceFlinger( 1891): Device Built-in Screen -> ls 0 
I/SurfaceFlinger( 1891): Device Built-in Screen -> ls 0 
I/SurfaceFlinger( 1891): Device Built-in Screen -> ls 0 
I/SurfaceFlinger( 1891): Device Built-in Screen -> ls 0 
I/SurfaceFlinger( 1891): Device Built-in Screen -> ls 0 
I/SurfaceFlinger( 1891): Device Built-in Screen -> ls 0 
I/SurfaceFlinger( 1891): Device Built-in Screen -> ls 0 
I/SurfaceFlinger( 1891): Device Built-in Screen -> ls 0 
I/SurfaceFlinger( 1891): Device Built-in Screen -> ls 0 
I/SurfaceFlinger( 1891): Device Built-in Screen -> ls 0 
I/SurfaceFlinger( 1891): Device Built-in Screen -> ls 0 
I/SurfaceFlinger( 1891): Device Built-in Screen -> ls 0 
I/SurfaceFlinger( 1891): Device Built-in Screen -> ls 0 
I/SurfaceFlinger( 1891): Device Built-in Screen -> ls 0 
I/SurfaceFlinger( 1891): Device Built-in Screen -> ls 0 
I/SurfaceFlinger( 1891): Device Built-in Screen -> ls 0 
I/SurfaceFlinger( 1891): Device Built-in Screen -> ls 0 
I/SurfaceFlinger( 1891): Device Built-in Screen -> ls 0 
I/SurfaceFlinger( 1891): Device Built-in Screen -> ls 0 
I/SurfaceFlinger( 1891): Device Built-in Screen -> ls 0 
I/SurfaceFlinger( 1891): Device Built-in Screen -> ls 0 
I/SurfaceFlinger( 1891): Device Built-in Screen -> ls 0 
I/SurfaceFlinger( 1891): Device Built-in Screen -> ls 0 
I/SurfaceFlinger( 1891): Device Built-in Screen -> ls 0 
I/SurfaceFlinger( 1891): Device Built-in Screen -> ls 0 
I/SurfaceFlinger( 1891): Device Built-in Screen -> ls 0 
I/SurfaceFlinger( 1891): Device Built-in Screen -> ls 0 
I/SurfaceFlinger( 1891): Device Built-in Screen -> ls 0 
I/SurfaceFlinger( 1891): Device Built-in Screen -> ls 0 
I/SurfaceFlinger( 1891): Device Built-in Screen -> ls 0 
I/SurfaceFlinger( 1891): Device Built-in Screen -> ls 0 
I/SurfaceFlinger( 1891): Device Built-in Screen -> ls 0 
I/SurfaceFlinger( 1891): Device Built-in Screen -> ls 0 
I/SurfaceFlinger( 1891): Device Built-in Screen -> ls 0 
I/SurfaceFlinger( 1891): Device Built-in Screen -> ls 0 
I/SurfaceFlinger( 1891): Device Built-in Screen -> ls 0 
I/SurfaceFlinger( 1891): Device Built-in Screen -> ls 0 
I/SurfaceFlinger( 1891): Device Built-in Screen -> ls 0 
I/SurfaceFlinger( 1891): Device Built-in Screen -> ls 0 
D/KeyguardUpdateMonitor( 2498): sendKeyguardVisibilityChanged(true)
I/KeyguardUpdateMonitor( 2498): visibility is same
D/KeyguardUpdateMonitor( 2498): sendKeyguardVisibilityChanged(true)
I/KeyguardUpdateMonitor( 2498): visibility is same
I/SurfaceFlinger( 1891): Device Built-in Screen -> ls 0 
I/SurfaceFlinger( 1891): Device Built-in Screen -> ls 0 
I/SurfaceFlinger( 1891): Device Built-in Screen -> ls 0 
D/SSRMv2:SIOP( 2329): SIOP:: AP = 350, Delta = 0
I/InputReader( 2329): Touch event's action is 0x0 (deviceType=0) [pCnt=1, s=0.166 ] when=1823388187000
I/InputDispatcher( 2329): Delivering touch to: action: 0x0, toolType: 1
E/IMGSRV  ( 1891): :0: PVRDRMOpen: TP3, ret = 50
I/SurfaceFlinger( 1891): Device Built-in Screen -> ls 0 
I/InputReader( 2329): Touch event's action is 0x1 (deviceType=0) [pCnt=1, s=] when=1823454277000
I/InputDispatcher( 2329): Delivering touch to: action: 0x1, toolType: 1
E/IMGSRV  ( 1891): :0: PVRDRMOpen: TP3, ret = 56
I/SurfaceFlinger( 1891): Device Built-in Screen -> ls 0 
E/Watchdog( 2329): !@Sync 60
D/SSRMv2:SIOP( 2329): SIOP:: AP = 350, Delta = 0
I/wpa_supplicant( 2626): Scan requested (ret=0) - scan timeout 30 seconds
I/wpa_supplicant( 2626): nl80211: Received scan results (15 BSSes)
D/Tethering( 2329): interfaceLinkStateChanged wlan0, true
D/Tethering( 2329): interfaceStatusChanged wlan0, true
I/wpa_supplicant( 2626): wlan0: Setting scan request: 64 sec 0 usec
I/wpa_supplicant( 2626): wlan0: CTRL-EVENT-NO-CONNECTION
I/wpa_supplicant( 2626): wlan0: Setting scan request: 64 sec 0 usec
I/dalvikvm( 2329): Could not compile trace for Landroid/os/RemoteCallbackList;finishBroadcast, offset 21
I/dalvikvm( 2329): ++++++++++++++++++++++++++++++++++++++++++++
I/dalvikvm( 2329): JIT_INFO: ME Issues while compiling trace  Landroid/os/RemoteCallbackList;finishBroadcast, offset 21
I/dalvikvm( 2329): 	The trace provoked a spill.
I/dalvikvm( 2329): Trying less registerization from 1 to 0
D/WifiP2pService( 2329): InactiveState{ what=147461 }
D/WifiP2pService( 2329): P2pEnabledState{ what=147461 }
D/WifiP2pService( 2329): DefaultState{ what=147461 }
D/KeyguardUpdateMonitor( 2498): received broadcast android.intent.action.BATTERY_CHANGED
D/KeyguardUpdateMonitor( 2498): handleBatteryUpdate
D/BatteryService( 2329): level:16, scale:100, status:3, health:2, present:true, voltage: 3537, temperature: 342, technology: Li-ion, AC powered:false, USB powered:false, Wireless powered:false, icon:17303550, invalid charger:0, online:1, current avg:-766, charge type:0, power sharing:false
D/BatteryService( 2329): Sending ACTION_BATTERY_CHANGED.
D/STATUSBAR-PhoneStatusBar( 2498):  mBrightnessEnablebySettings = true mBrightnessEnablebyBattery = true mBrightnessEnablebyDisableFlag = true mPmsBrightnessEnablebySettings = true
D/BatteryMeterView( 2498): ACTION_BATTERY_CHANGED : level:16 status:3 health:2
D/STATUSBAR-IconMerger( 2498): checkOverflow(1120), More:false, Req:false Child:1
I/SurfaceFlinger( 1891): Device Built-in Screen -> ls 0 
D/BatteryMeterView( 2498): onDraw batteryColor : -1
I/SurfaceFlinger( 1891): Device Built-in Screen -> ls 0 
D/SSRMv2:SIOP( 2329): SIOP:: AP = 350, Delta = 0
D/InputReader( 2329): Input event: value=1
D/InputReader( 2329): !@notifyKey(172), action=0
D/InputManager-JNI( 2329): !@interceptKeyBeforeQueueing(172), action=0
D/InputManager-JNI( 2329): !@handleInterceptActions(172), action=0
D/RecentTasksLoader( 2498): preloadRecentTasksList
D/STATUSBAR-RecentTasksLoader( 2498): loadTasksInBackground() mstate:CANCELLED
D/STATUSBAR-RecentTasksLoader( 2498): loadThumbnailsAndIconsInBackground()
D/STATUSBAR-RecentTasksLoader( 2498): loadTasksInBackground -doInBackground()
D/STATUSBAR-RecentTasksLoader( 2498): loadThumbnailsAndIconsInBackground-doInBackground()
I/ProcessStatsService( 2329): Prepared write state in 29ms
D/STATUSBAR-RecentTasksLoader( 2498):     recentTasks.size():2
E/IMGSRV  ( 1891): :0: PVRDRMOpen: TP3, ret = 72
D/STATUSBAR-RecentTasksLoader( 2498): loadTasksInBackground-onProgressUpdate()
D/STATUSBAR-RecentTasksLoader( 2498):  error - mRecentsPanel == null
D/STATUSBAR-RecentTasksLoader( 2498): loadTasksInBackground-onProgressUpdate()
D/STATUSBAR-RecentTasksLoader( 2498):  error - mRecentsPanel == null
D/dalvikvm( 2329): GC_FOR_ALLOC freed 896K, 14% free 23550K/27268K, paused 106ms, total 106ms
D/InputReader( 2329): Input event: value=0
D/InputReader( 2329): !@notifyKey(172), action=1
D/InputManager-JNI( 2329): !@interceptKeyBeforeQueueing(172), action=1
D/InputManager-JNI( 2329): !@handleInterceptActions(172), action=1
D/VoIPInterfaceManager( 2329): isVoIPRinging()...
E/IMGSRV  ( 1891): :0: PVRDRMOpen: TP3, ret = 71
D/VoIPInterfaceManager( 2329): isVoIPRunningAndDeregi()...
D/VoIPInterfaceManager( 2329): Not exist call session
D/dalvikvm( 2498): GC_CONCURRENT freed 4645K, 57% free 17490K/40336K, paused 3ms+9ms, total 27ms
D/dalvikvm( 2329): GC_FOR_ALLOC freed 283K, 14% free 23631K/27268K, paused 80ms, total 80ms
V/STATUSBAR-RecentTasksLoader( 2498): Loaded bitmap for task 29: android.graphics.Bitmap@224145d8 isPrivate? false PrivateSetting:false
D/RecentTasksLoader( 2498): cancelPreloadingRecentTasksList
D/STATUSBAR-RecentTasksLoader( 2498): cancelLoadingThumbnailsAndIcons()
D/STATUSBAR-RecentTasksLoader( 2498): mTaskLoader.cancel()
D/STATUSBAR-RecentTasksLoader( 2498): mThumbnailLoader.cancel()
V/STATUSBAR-RecentTasksLoader( 2498): Loaded bitmap for task 29: android.graphics.Bitmap@221cebc8 isPrivate? false PrivateSetting:false
I/ProcessStatsService( 2329): Pruning old procstats: /data/system/procstats/state-2018-01-21-10-31-48.bin
I/WindowManager( 2329): startDockOrHome
D/PowerManagerService( 2329): [api] [s] userActivity : event: 0 flags: 0 (uid: 1000 pid: 2329) eventTime = 1844653
D/STATUSBAR-AirplaneModeQuickSettingButton( 2498): onReceive : android.intent.action.CLOSE_SYSTEM_DIALOGS
W/ActivityManager( 2329): mDVFSHelper.acquire()
D/PointerIcon( 2329): setMouseIconStyle1 pointerType: 1001iconType:101 flag:0
D/PointerIcon( 2329): setMouseCustomIcon IconType is same.101
D/SurfaceWidgetView( 2725): destroyHardwareResources():571062104
D/SurfaceWidgetView( 2725): destroyHardwareResources():571078160
D/KeyguardUpdateMonitor( 2498): sendKeyguardVisibilityChanged(true)
I/KeyguardUpdateMonitor( 2498): visibility is same
D/KeyguardUpdateMonitor( 2498): sendKeyguardVisibilityChanged(true)
I/KeyguardUpdateMonitor( 2498): visibility is same
W/ContextImpl( 2329): Calling a method in the system process without a qualified user: android.app.ContextImpl.sendBroadcast:1501 com.android.internal.policy.impl.PhoneWindowManager.notifyToSSRM:6304 com.android.internal.policy.impl.PhoneWindowManager.access$200:195 com.android.internal.policy.impl.PhoneWindowManager$PolicyHandler.handleMessage:766 android.os.Handler.dispatchMessage:102 
D/KeyguardUpdateMonitor( 2498): sendKeyguardVisibilityChanged(true)
I/KeyguardUpdateMonitor( 2498): visibility is same
D/SurfaceWidgetConnection( 2725): .SurfaceWidgetWeather#1 is being resumed by launcher
D/SurfaceWidgetConnection( 2725): .BriefingWidget#1 is being resumed by launcher
D/SurfaceWidgetClient$ISurfaceWidgetStub( 2895): [237392/4] Surface widget resume on instance = 1
D/SurfaceWidgetClient$ISurfaceWidgetStub( 2907): [237392/4] Surface widget resume on instance = 1
D/SurfaceWidgetClient$ISurfaceWidgetStub( 2895): [237392/4] Surface widget visibility changed visibility = true on instance = 1
D/SurfaceWidget.Renderer( 2895): [237392/4] SurfaceWidget drawing first frame
D/accuweather( 2895): [Accuweather_J_Tab]>>> SWW:158 [0:0] [SWW] onResume : rI = 1
I/SurfaceFlinger( 1891): Device Built-in Screen -> ls 0 
I/SurfaceFlinger( 1891): Device Built-in Screen -> ls 0 
D/accuweather( 2895): [Accuweather_J_Tab]>>> WR:610 [0:0] onGLDraw : BG texture = 490007
I/SurfaceFlinger( 1891): Device Built-in Screen -> ls 0 
D/accuweather( 2895): [Accuweather_J_Tab]>>> SWW:163 [0:0] [SWW] onResume : Orientation = 2/2
D/accuweather( 2895): [Accuweather_J_Tab]>>> WR:448 [0:0] =============== updateTime = 1
D/accuweather( 2895): [Accuweather_J_Tab]>>> SWW:177 [0:0] [SWW] onResume : size = 1
D/SurfaceWidgetClient$ISurfaceWidgetStub( 2907): [237392/4] Surface widget visibility changed visibility = true on instance = 1
D/SurfaceWidget.Renderer( 2907): [237392/4] SurfaceWidget drawing first frame
D/SSRMv2:TSP:AirViewOnOff( 2329): SettingsAirViewInfo:: 000000000
D/Launcher.Workspace( 2725): exitWidgetResizeMode State: NORMAL, newDragStarted: false
D/Launcher( 2725): onRestart, Launcher: 566858704
D/Launcher( 2725): onStart, Launcher: 566858704
D/Launcher.HomeView( 2725): onStart
D/Launcher( 2725): onResume, Launcher: 566858704
D/PhoneStatusBar( 2498): setSemiTransparentMode=false, mTransparentMode=false, mSemiTransparentMode=false, mMultiWindowMode=false
D/Launcher.HomeView( 2725): onResume
D/PhoneStatusBar( 2498): setTransGradationMode=false, mTransparentMode=false, mSemiTransparentMode=false, mMultiWindowMode=false
D/StatusBarManagerService( 2329): semi p:2725,o:f
D/StatusBarManagerService( 2329): tr p:2725,o:f
D/accuweather( 2895): [Accuweather_J_Tab]>>> DBH:1761 [0:0] gADWI : count = 1
D/MenuAppsGridFragment( 2725): onResume
D/SurfaceWidgetClient$ISurfaceWidgetStub( 2895): [237392/4] Surface widget visibility changed visibility = true on instance = 1
D/SurfaceWidgetClient$ISurfaceWidgetStub( 2907): [237392/4] Surface widget visibility changed visibility = true on instance = 1
D/SurfaceWidget.Renderer( 2895): [237392/4] SurfaceWidget drawing first frame
I/SurfaceFlinger( 1891): Device Built-in Screen -> ls 0 
D/accuweather( 2895): [Accuweather_J_Tab]>>> WCD:416 [0:0]  onFirstUpdate :: fU = false
D/SurfaceWidget.Renderer( 2907): [237392/4] SurfaceWidget drawing first frame
D/accuweather( 2895): [Accuweather_J_Tab]>>> SWW:292 [0:0] hideMsg : mResumeInstnceList[0] = 1
D/accuweather( 2895): [Accuweather_J_Tab]>>> WR:772 [0:0] hideMsg : -1, isShow = false
D/accuweather( 2895): [Accuweather_J_Tab]>>> WR:778 [0:0] hideMsg : 0
D/accuweather( 2895): [Accuweather_J_Tab]>>> WCD:456 [0:0]  onResume : fU = false, cnt =1
D/accuweather( 2895): [Accuweather_J_Tab]>>> WCD:1310 [0:0] AR_S_T : 3
D/accuweather( 2895): [Accuweather_J_Tab]>>> WCD:1335 [0:0] cARH()
D/accuweather( 2895): [Accuweather_J_Tab]>>> WCD:1359 [0:0] sAS
D/accuweather( 2895): [Accuweather_J_Tab]>>> WCD:1366 [0:0] sAS : scroll = 0, size = 1
D/accuweather( 2895): [Accuweather_J_Tab]>>> WCD:466 [0:0]  onResume :: mFAR = false, cC = false, isa = false
D/accuweather( 2895): [Accuweather_J_Tab]>>> SWW:582 [0:0]  registerTTReceiver ! 
D/accuweather( 2895): [Accuweather_J_Tab]>>> WR:488 [0:0] onResume : 1, widgetMode : 2, orientation : 2
D/comsamsunglog( 2895): [Accuweather_J_Tab]>>> ==============================================================================================
D/comsamsunglog( 2895): [Accuweather_J_Tab]>>> widgetappatheroaccuweather [Version : 14102401] [ 1 ] 
D/comsamsunglog( 2895): [Accuweather_J_Tab]>>> Header set to : ===> "accuweather" <===
D/comsamsunglog( 2895): [Accuweather_J_Tab]>>> ==============================================================================================
D/accuweather( 2895): [Accuweather_J_Tab]>>> SM:1085 [0:0] updateCurrentCityTime : [1]0/1
D/accuweather( 2895): [Accuweather_J_Tab]>>> SM:1100 [0:0] updateCurrentCityTime , ConditionLayerWidth = 813, mConditionLayerHeight = 525
D/STATUSBAR-StatusBarManagerService( 2329): manageDisableList what=0x0 pkg=WindowManager.LayoutParams
D/KeyguardUpdateMonitor( 2498): sendKeyguardVisibilityChanged(true)
I/KeyguardUpdateMonitor( 2498): visibility is same
D/accuweather( 2895): [Accuweather_J_Tab]>>> SM:1936 [0:0] drw 1nd Tm dt = Fr, 1 Januar
I/SurfaceFlinger( 1891): Device Built-in Screen -> ls 0 
I/SurfaceFlinger( 1891): Device Built-in Screen -> ls 0 
I/SurfaceFlinger( 1891): Device Built-in Screen -> ls 0 
D/accuweather( 2895): [Accuweather_J_Tab]>>> SM:1130 [0:0] updateCityAniType : mCityList.size():1 mCityIndex : 0
D/ProgramMonitor(10329): LAUNCHER_RESUME
D/ProgramMonitor(10329): isWidgetEnabled:0  mViews:null
V/TaskCloserActivity(10329): TaskCloserActivity onReceive()
D/PointerIcon( 2329): setMouseIconStyle1 pointerType: 1001iconType:101 flag:0
D/PointerIcon( 2329): setMouseCustomIcon IconType is same.101
W/ContextImpl(10329): Implicit intents with startService are not safe: Intent { act=com.sec.android.app.controlpanel.service.REMOTE_SERVICE } android.content.ContextWrapper.bindService:529 com.sec.android.widgetapp.programmonitorwidget.taskcloser.TaskCloserActivity.onReceive:371 com.sec.android.widgetapp.programmonitorwidget.ProgramMonitorProvider.onReceive:423 
D/accuweather( 2895): [Accuweather_J_Tab]>>> SM:3149 [0:0] onR : isAni = false
I/SurfaceFlinger( 1891): Device Built-in Screen -> ls 0 
I/SurfaceFlinger( 1891): Device Built-in Screen -> ls 0 
E/IMGSRV  ( 1891): :0: PVRDRMOpen: TP3, ret = 55
I/SurfaceFlinger( 1891): Device Built-in Screen -> ls 0 
D/accuweather( 2895): [Accuweather_J_Tab]>>> U:213 [0:0] widget 1516931340000
D/accuweather( 2895): [Accuweather_J_Tab]>>> WCD:1212 [0:0] nt=1516931340000
D/accuweather( 2895): [Accuweather_J_Tab]>>> WCD:1213 [0:0] [ARH] now = [378696044317] lt = [1516931340000] need RF = [false]
D/accuweather( 2895): [Accuweather_J_Tab]>>> WCD:1218 [0:0] nt - now =1138235295683
D/accuweather( 2895): [Accuweather_J_Tab]>>> WCD:1219 [0:0]  now : 82/01/01 02:20:44 lt : 18/01/26 02:49:00
D/accuweather( 2895): [Accuweather_J_Tab]>>> U:2868 [0:0] get UT pref:0
D/accuweather( 2895): [Accuweather_J_Tab]>>> SWW:419 [0:0] getRefreshAnimation : mResumeInstnceList[0] = 1
D/PhoneStatusBar( 2498): setTransGradationMode=false, mTransparentMode=false, mSemiTransparentMode=false, mMultiWindowMode=false
D/accuweather( 2895): [Accuweather_J_Tab]>>> SWW:521 [0:0] =================== , resume :1
I/SurfaceFlinger( 1891): Device Built-in Screen -> ls 0 
I/SurfaceFlinger( 1891): Device Built-in Screen -> ls 0 
I/SurfaceFlinger( 1891): Device Built-in Screen -> ls 0 
D/StatusBarManagerService( 2329): tr p:2725,o:f
W/ContextImpl( 2329): Calling a method in the system process without a qualified user: android.app.ContextImpl.sendBroadcast:1501 com.android.server.InputMethodManagerService$4.run:2692 java.lang.Thread.run:841 <bottom of call stack> <bottom of call stack> 
I/SurfaceFlinger( 1891): Device Built-in Screen -> ls 0 
I/SurfaceFlinger( 1891): Device Built-in Screen -> ls 0 
I/SurfaceFlinger( 1891): Device Built-in Screen -> ls 0 
D/KeyguardUpdateMonitor( 2498): sendKeyguardVisibilityChanged(true)
I/KeyguardUpdateMonitor( 2498): visibility is same
I/SurfaceFlinger( 1891): Device Built-in Screen -> ls 0 
I/SurfaceFlinger( 1891): Device Built-in Screen -> ls 0 
I/SurfaceFlinger( 1891): Device Built-in Screen -> ls 0 
D/KeyguardUpdateMonitor( 2498): sendKeyguardVisibilityChanged(true)
I/KeyguardUpdateMonitor( 2498): visibility is same
D/KeyguardUpdateMonitor( 2498): sendKeyguardVisibilityChanged(true)
I/KeyguardUpdateMonitor( 2498): visibility is same
D/BarController.StatusBar( 2329): mState: WINDOW_STATE_SHOWING
D/STATUSBAR-StatusBarManagerService( 2329): manageDisableList what=0x0 pkg=WindowManager.LayoutParams
D/KeyguardUpdateMonitor( 2498): sendKeyguardVisibilityChanged(true)
I/KeyguardUpdateMonitor( 2498): visibility is same
D/PhoneStatusBar( 2498): Status bar WINDOW_STATE_SHOWING
D/KeyguardUpdateMonitor( 2498): sendKeyguardVisibilityChanged(true)
I/KeyguardUpdateMonitor( 2498): visibility is same
D/KeyguardUpdateMonitor( 2498): sendKeyguardVisibilityChanged(true)
I/KeyguardUpdateMonitor( 2498): visibility is same
I/SurfaceFlinger( 1891): Device Built-in Screen -> ls 0 
I/SurfaceFlinger( 1891): Device Built-in Screen -> ls 0 
I/SurfaceFlinger( 1891): Device Built-in Screen -> ls 0 
I/SurfaceFlinger( 1891): Device Built-in Screen -> ls 0 
I/SurfaceFlinger( 1891): Device Built-in Screen -> ls 0 
I/SurfaceFlinger( 1891): Device Built-in Screen -> ls 0 
I/SurfaceFlinger( 1891): Device Built-in Screen -> ls 0 
I/SurfaceFlinger( 1891): Device Built-in Screen -> ls 0 
I/SurfaceFlinger( 1891): Device Built-in Screen -> ls 0 
I/SurfaceFlinger( 1891): Device Built-in Screen -> ls 0 
I/SurfaceFlinger( 1891): Device Built-in Screen -> ls 0 
I/SurfaceFlinger( 1891): Device Built-in Screen -> ls 0 
I/SurfaceFlinger( 1891): Device Built-in Screen -> ls 0 
I/SurfaceFlinger( 1891): Device Built-in Screen -> ls 0 
I/SurfaceFlinger( 1891): Device Built-in Screen -> ls 0 
I/SurfaceFlinger( 1891): Device Built-in Screen -> ls 0 
I/SurfaceFlinger( 1891): Device Built-in Screen -> ls 0 
I/SurfaceFlinger( 1891): Device Built-in Screen -> ls 0 
I/SurfaceFlinger( 1891): Device Built-in Screen -> ls 0 
I/SurfaceFlinger( 1891): Device Built-in Screen -> ls 0 
I/SurfaceFlinger( 1891): Device Built-in Screen -> ls 0 
I/SurfaceFlinger( 1891): Device Built-in Screen -> ls 0 
I/SurfaceFlinger( 1891): Device Built-in Screen -> ls 0 
I/SurfaceFlinger( 1891): Device Built-in Screen -> ls 0 
I/SurfaceFlinger( 1891): Device Built-in Screen -> ls 0 
I/SurfaceFlinger( 1891): Device Built-in Screen -> ls 0 
I/SurfaceFlinger( 1891): Device Built-in Screen -> ls 0 
I/SurfaceFlinger( 1891): Device Built-in Screen -> ls 0 
I/SurfaceFlinger( 1891): Device Built-in Screen -> ls 0 
I/SurfaceFlinger( 1891): Device Built-in Screen -> ls 0 
I/SurfaceFlinger( 1891): Device Built-in Screen -> ls 0 
I/SurfaceFlinger( 1891): Device Built-in Screen -> ls 0 
I/SurfaceFlinger( 1891): Device Built-in Screen -> ls 0 
I/SurfaceFlinger( 1891): Device Built-in Screen -> ls 0 
I/SurfaceFlinger( 1891): Device Built-in Screen -> ls 0 
I/SurfaceFlinger( 1891): Device Built-in Screen -> ls 0 
I/SurfaceFlinger( 1891): Device Built-in Screen -> ls 0 
I/SurfaceFlinger( 1891): Device Built-in Screen -> ls 0 
I/SurfaceFlinger( 1891): Device Built-in Screen -> ls 0 
I/SurfaceFlinger( 1891): Device Built-in Screen -> ls 0 
I/SurfaceFlinger( 1891): Device Built-in Screen -> ls 0 
I/SurfaceFlinger( 1891): Device Built-in Screen -> ls 0 
I/SurfaceFlinger( 1891): Device Built-in Screen -> ls 0 
I/SurfaceFlinger( 1891): Device Built-in Screen -> ls 0 
I/SurfaceFlinger( 1891): Device Built-in Screen -> ls 0 
I/SurfaceFlinger( 1891): Device Built-in Screen -> ls 0 
I/SurfaceFlinger( 1891): Device Built-in Screen -> ls 0 
I/SurfaceFlinger( 1891): Device Built-in Screen -> ls 0 
I/SurfaceFlinger( 1891): Device Built-in Screen -> ls 0 
I/SurfaceFlinger( 1891): Device Built-in Screen -> ls 0 
I/SurfaceFlinger( 1891): Device Built-in Screen -> ls 0 
I/SurfaceFlinger( 1891): Device Built-in Screen -> ls 0 
I/SurfaceFlinger( 1891): Device Built-in Screen -> ls 0 
I/SurfaceFlinger( 1891): Device Built-in Screen -> ls 0 
I/SurfaceFlinger( 1891): Device Built-in Screen -> ls 0 
I/SurfaceFlinger( 1891): Device Built-in Screen -> ls 0 
I/SurfaceFlinger( 1891): Device Built-in Screen -> ls 0 
I/SurfaceFlinger( 1891): Device Built-in Screen -> ls 0 
I/SurfaceFlinger( 1891): Device Built-in Screen -> ls 0 
I/SurfaceFlinger( 1891): Device Built-in Screen -> ls 0 
I/SurfaceFlinger( 1891): Device Built-in Screen -> ls 0 
I/SurfaceFlinger( 1891): Device Built-in Screen -> ls 0 
I/SurfaceFlinger( 1891): Device Built-in Screen -> ls 0 
I/SurfaceFlinger( 1891): Device Built-in Screen -> ls 0 
I/SurfaceFlinger( 1891): Device Built-in Screen -> ls 0 
I/SurfaceFlinger( 1891): Device Built-in Screen -> ls 0 
I/SurfaceFlinger( 1891): Device Built-in Screen -> ls 0 
I/SurfaceFlinger( 1891): Device Built-in Screen -> ls 0 
I/SurfaceFlinger( 1891): Device Built-in Screen -> ls 0 
I/SurfaceFlinger( 1891): Device Built-in Screen -> ls 0 
I/SurfaceFlinger( 1891): Device Built-in Screen -> ls 0 
I/SurfaceFlinger( 1891): Device Built-in Screen -> ls 0 
I/SurfaceFlinger( 1891): Device Built-in Screen -> ls 0 
I/SurfaceFlinger( 1891): Device Built-in Screen -> ls 0 
I/SurfaceFlinger( 1891): Device Built-in Screen -> ls 0 
I/SurfaceFlinger( 1891): Device Built-in Screen -> ls 0 
I/SurfaceFlinger( 1891): Device Built-in Screen -> ls 0 
I/SurfaceFlinger( 1891): Device Built-in Screen -> ls 0 
I/SurfaceFlinger( 1891): Device Built-in Screen -> ls 0 
I/SurfaceFlinger( 1891): Device Built-in Screen -> ls 0 
I/SurfaceFlinger( 1891): Device Built-in Screen -> ls 0 
I/SurfaceFlinger( 1891): Device Built-in Screen -> ls 0 
I/SurfaceFlinger( 1891): Device Built-in Screen -> ls 0 
I/SurfaceFlinger( 1891): Device Built-in Screen -> ls 0 
I/SurfaceFlinger( 1891): Device Built-in Screen -> ls 0 
I/SurfaceFlinger( 1891): Device Built-in Screen -> ls 0 
I/SurfaceFlinger( 1891): Device Built-in Screen -> ls 0 
I/SurfaceFlinger( 1891): Device Built-in Screen -> ls 0 
I/SurfaceFlinger( 1891): Device Built-in Screen -> ls 0 
I/SurfaceFlinger( 1891): Device Built-in Screen -> ls 0 
I/SurfaceFlinger( 1891): Device Built-in Screen -> ls 0 
I/SurfaceFlinger( 1891): Device Built-in Screen -> ls 0 
I/SurfaceFlinger( 1891): Device Built-in Screen -> ls 0 
I/SurfaceFlinger( 1891): Device Built-in Screen -> ls 0 
I/SurfaceFlinger( 1891): Device Built-in Screen -> ls 0 
D/KeyguardUpdateMonitor( 2498): sendKeyguardVisibilityChanged(true)
I/KeyguardUpdateMonitor( 2498): visibility is same
I/SurfaceFlinger( 1891): Device Built-in Screen -> ls 0 
I/SurfaceFlinger( 1891): Device Built-in Screen -> ls 0 
I/SurfaceFlinger( 1891): Device Built-in Screen -> ls 0 
I/SurfaceFlinger( 1891): Device Built-in Screen -> ls 0 
I/SurfaceFlinger( 1891): Device Built-in Screen -> ls 0 
W/ActivityManager( 2329): mDVFSHelper.release()
I/SurfaceFlinger( 1891): Device Built-in Screen -> ls 0 
I/SurfaceFlinger( 1891): Device Built-in Screen -> ls 0 
I/SurfaceFlinger( 1891): Device Built-in Screen -> ls 0 
I/SurfaceFlinger( 1891): Device Built-in Screen -> ls 0 
I/SurfaceFlinger( 1891): Device Built-in Screen -> ls 0 
I/SurfaceFlinger( 1891): Device Built-in Screen -> ls 0 
I/SurfaceFlinger( 1891): Device Built-in Screen -> ls 0 
I/SurfaceFlinger( 1891): Device Built-in Screen -> ls 0 
I/SurfaceFlinger( 1891): Device Built-in Screen -> ls 0 
I/SurfaceFlinger( 1891): Device Built-in Screen -> ls 0 
I/SurfaceFlinger( 1891): Device Built-in Screen -> ls 0 
I/SurfaceFlinger( 1891): Device Built-in Screen -> ls 0 
I/SurfaceFlinger( 1891): Device Built-in Screen -> ls 0 
I/SurfaceFlinger( 1891): Device Built-in Screen -> ls 0 
I/SurfaceFlinger( 1891): Device Built-in Screen -> ls 0 
I/SurfaceFlinger( 1891): Device Built-in Screen -> ls 0 
I/SurfaceFlinger( 1891): Device Built-in Screen -> ls 0 
I/SurfaceFlinger( 1891): Device Built-in Screen -> ls 0 
I/SurfaceFlinger( 1891): Device Built-in Screen -> ls 0 
I/SurfaceFlinger( 1891): Device Built-in Screen -> ls 0 
I/SurfaceFlinger( 1891): Device Built-in Screen -> ls 0 
I/SurfaceFlinger( 1891): Device Built-in Screen -> ls 0 
I/SurfaceFlinger( 1891): Device Built-in Screen -> ls 0 
I/SurfaceFlinger( 1891): Device Built-in Screen -> ls 0 
I/SurfaceFlinger( 1891): Device Built-in Screen -> ls 0 
I/SurfaceFlinger( 1891): Device Built-in Screen -> ls 0 
I/SurfaceFlinger( 1891): Device Built-in Screen -> ls 0 
I/SurfaceFlinger( 1891): Device Built-in Screen -> ls 0 
I/SurfaceFlinger( 1891): Device Built-in Screen -> ls 0 
I/SurfaceFlinger( 1891): Device Built-in Screen -> ls 0 
I/SurfaceFlinger( 1891): Device Built-in Screen -> ls 0 
I/SurfaceFlinger( 1891): Device Built-in Screen -> ls 0 
I/SurfaceFlinger( 1891): Device Built-in Screen -> ls 0 
I/SurfaceFlinger( 1891): Device Built-in Screen -> ls 0 
I/SurfaceFlinger( 1891): Device Built-in Screen -> ls 0 
D/KeyguardUpdateMonitor( 2498): sendKeyguardVisibilityChanged(true)
I/KeyguardUpdateMonitor( 2498): visibility is same
D/KeyguardUpdateMonitor( 2498): sendKeyguardVisibilityChanged(true)
I/KeyguardUpdateMonitor( 2498): visibility is same
W/SurfaceFlinger( 1891): couldn't log to binary event log: overflow.
I/SurfaceFlinger( 1891): Device Built-in Screen -> ls 0 
I/SurfaceFlinger( 1891): Device Built-in Screen -> ls 0 
I/SurfaceFlinger( 1891): Device Built-in Screen -> ls 0 
I/SurfaceFlinger( 1891): Device Built-in Screen -> ls 0 
I/SurfaceFlinger( 1891): Device Built-in Screen -> ls 0 
D/KeyguardUpdateMonitor( 2498): sendKeyguardVisibilityChanged(true)
I/KeyguardUpdateMonitor( 2498): visibility is same
W/io.grpc.internal.dj( 4234): [{0}] Failed to resolve name. status={1}
V/UsbHostManager( 2329): USB HOST UEVENT: {SUBSYSTEM=host_notify, STATE=REMOVE, DEVNAME=usb_otg, DEVPATH=/devices/virtual/host_notify/usb_otg, SEQNUM=2627, ACTION=change}
D/UsbHostManager( 2329): set wakelock timeout 6000
D/UsbHostNotification( 2329): setUsbObserverNotification : cancel id = 998563545, device = UsbDevices
D/UsbHostNotification( 2329): setUsbObserverNotification : notify id = 998563545, device = UsbDevices, title = USB-Connector getrennt.
D/UsbHostNotification( 2329): send the timeout : current  378696048196, vailed = -2998, displayed = 378696048194
D/UsbHostNotification( 2329): send the timeout : current  378696048196, vailed = -2998, displayed = 378696048194
W/ContextImpl( 2329): Calling a method in the system process without a qualified user: android.app.ContextImpl.sendBroadcast:1515 com.android.server.StatusBarManagerService.sendNotification:987 com.android.server.StatusBarManagerService.addNotification:676 com.android.server.NotificationManagerService$7.run:2148 android.os.Handler.handleCallback:733 
I/dalvikvm( 2329): Could not compile trace for Landroid/util/ArrayMap;freeArrays, offset 71
I/dalvikvm( 2329): ++++++++++++++++++++++++++++++++++++++++++++
I/dalvikvm( 2329): JIT_INFO: ME Issues while compiling trace  Landroid/util/ArrayMap;freeArrays, offset 71
I/dalvikvm( 2329): 	The trace provoked a spill.
I/dalvikvm( 2329): Trying less registerization from 1 to 0
D/STATUSBAR-StatusBarManagerService( 2329): sendNotification(1) - 998563545
D/ProgressBar( 2498): setProgressDrawable drawableHeight = 7
D/PhoneStatusBar( 2498): tick(): knoxCustomManager = android.app.enterprise.knoxcustom.KnoxCustomManager@21c541a0
D/ContexualWidgetMonitor( 2498): action =com.android.server.NotificationManagerService.NotificationArrived
D/ContexualWidgetMonitor( 2498): pkg =null
D/ContexualWidgetMonitor( 2498): mCheckMissedEvent =false
I/SurfaceFlinger( 1891): Device Built-in Screen -> ls 0 
I/SurfaceFlinger( 1891): Device Built-in Screen -> ls 0 
I/SurfaceFlinger( 1891): Device Built-in Screen -> ls 0 
I/SurfaceFlinger( 1891): Device Built-in Screen -> ls 0 
I/SurfaceFlinger( 1891): Device Built-in Screen -> ls 0 
I/SurfaceFlinger( 1891): Device Built-in Screen -> ls 0 
I/SurfaceFlinger( 1891): Device Built-in Screen -> ls 0 
I/SurfaceFlinger( 1891): Device Built-in Screen -> ls 0 
I/SurfaceFlinger( 1891): Device Built-in Screen -> ls 0 
I/SurfaceFlinger( 1891): Device Built-in Screen -> ls 0 
I/SurfaceFlinger( 1891): Device Built-in Screen -> ls 0 
I/SurfaceFlinger( 1891): Device Built-in Screen -> ls 0 
I/SurfaceFlinger( 1891): Device Built-in Screen -> ls 0 
I/SurfaceFlinger( 1891): Device Built-in Screen -> ls 0 
I/SurfaceFlinger( 1891): Device Built-in Screen -> ls 0 
I/SurfaceFlinger( 1891): Device Built-in Screen -> ls 0 
I/SurfaceFlinger( 1891): Device Built-in Screen -> ls 0 
I/SurfaceFlinger( 1891): Device Built-in Screen -> ls 0 
I/SurfaceFlinger( 1891): Device Built-in Screen -> ls 0 
I/SurfaceFlinger( 1891): Device Built-in Screen -> ls 0 
I/SurfaceFlinger( 1891): Device Built-in Screen -> ls 0 
I/SurfaceFlinger( 1891): Device Built-in Screen -> ls 0 
I/SurfaceFlinger( 1891): Device Built-in Screen -> ls 0 
I/SurfaceFlinger( 1891): Device Built-in Screen -> ls 0 
I/SurfaceFlinger( 1891): Device Built-in Screen -> ls 0 
I/SurfaceFlinger( 1891): Device Built-in Screen -> ls 0 
I/SurfaceFlinger( 1891): Device Built-in Screen -> ls 0 
I/SurfaceFlinger( 1891): Device Built-in Screen -> ls 0 
I/SurfaceFlinger( 1891): Device Built-in Screen -> ls 0 
I/SurfaceFlinger( 1891): Device Built-in Screen -> ls 0 
I/SurfaceFlinger( 1891): Device Built-in Screen -> ls 0 
I/SurfaceFlinger( 1891): Device Built-in Screen -> ls 0 
I/SurfaceFlinger( 1891): Device Built-in Screen -> ls 0 
I/SurfaceFlinger( 1891): Device Built-in Screen -> ls 0 
D/NotificationService( 2329): cancelNotificationLocked
D/NotificationService( 2329):  hasClearableItems
D/NotificationService( 2329):  has clearable items no 
D/NotificationService( 2329): cancelNotificationLocked: cancel alarm
D/NotificationService( 2329): cancelNotificationLocked: cancel alarm
D/UsbHostNotification( 2329): setUsbObserverNotification : cancel id = 998563545, device = UsbDevices
W/ContextImpl( 2329): Calling a method in the system process without a qualified user: android.app.ContextImpl.sendBroadcast:1515 com.android.server.StatusBarManagerService.sendNotification:987 com.android.server.StatusBarManagerService.removeNotification:712 com.android.server.NotificationManagerService.cancelNotificationLocked:2461 com.android.server.NotificationManagerService.access$5100:160 
D/STATUSBAR-StatusBarManagerService( 2329): sendNotification(3) - 998563545
D/LightsService( 2329): [api] [SvcLED] turnOff:: id = 4 (uid: 1000 pid: 2329) 
D/LightsService( 2329): [SvcLED] setSvcLedStateLocked:: SvcLEDState : 0x0 -> 0x0 | SvcLED(id=4) set Off
D/LightsService( 2329): [SvcLED] Lux failed to be updated in 0ms. -> handleForcedSvcLEDTasK
D/LightsService( 2329): [SvcLED]  setSvcLedLightLocked :: Current SvcLED(id=3) maintains its priority right
I/SurfaceFlinger( 1891): Device Built-in Screen -> ls 0 
D/STATUSBAR-IconMerger( 2498): checkOverflow(1120), More:false, Req:false Child:1
I/SurfaceFlinger( 1891): Device Built-in Screen -> ls 0 
I/SurfaceFlinger( 1891): Device Built-in Screen -> ls 0 
I/SurfaceFlinger( 1891): Device Built-in Screen -> ls 0 
I/SurfaceFlinger( 1891): Device Built-in Screen -> ls 0 
I/SurfaceFlinger( 1891): Device Built-in Screen -> ls 0 
I/SurfaceFlinger( 1891): Device Built-in Screen -> ls 0 
I/SurfaceFlinger( 1891): Device Built-in Screen -> ls 0 
I/SurfaceFlinger( 1891): Device Built-in Screen -> ls 0 
I/SurfaceFlinger( 1891): Device Built-in Screen -> ls 0 
I/SurfaceFlinger( 1891): Device Built-in Screen -> ls 0 
I/SurfaceFlinger( 1891): Device Built-in Screen -> ls 0 
I/SurfaceFlinger( 1891): Device Built-in Screen -> ls 0 
I/SurfaceFlinger( 1891): Device Built-in Screen -> ls 0 
I/SurfaceFlinger( 1891): Device Built-in Screen -> ls 0 
I/SurfaceFlinger( 1891): Device Built-in Screen -> ls 0 
I/SurfaceFlinger( 1891): Device Built-in Screen -> ls 0 
I/SurfaceFlinger( 1891): Device Built-in Screen -> ls 0 
I/SurfaceFlinger( 1891): Device Built-in Screen -> ls 0 
I/SurfaceFlinger( 1891): Device Built-in Screen -> ls 0 
I/SurfaceFlinger( 1891): Device Built-in Screen -> ls 0 
I/SurfaceFlinger( 1891): Device Built-in Screen -> ls 0 
I/SurfaceFlinger( 1891): Device Built-in Screen -> ls 0 
I/SurfaceFlinger( 1891): Device Built-in Screen -> ls 0 
I/SurfaceFlinger( 1891): Device Built-in Screen -> ls 0 
I/SurfaceFlinger( 1891): Device Built-in Screen -> ls 0 
I/SurfaceFlinger( 1891): Device Built-in Screen -> ls 0 
I/SurfaceFlinger( 1891): Device Built-in Screen -> ls 0 
I/SurfaceFlinger( 1891): Device Built-in Screen -> ls 0 
I/SurfaceFlinger( 1891): Device Built-in Screen -> ls 0 
I/SurfaceFlinger( 1891): Device Built-in Screen -> ls 0 
I/SurfaceFlinger( 1891): Device Built-in Screen -> ls 0 
I/SurfaceFlinger( 1891): Device Built-in Screen -> ls 0 
I/SurfaceFlinger( 1891): Device Built-in Screen -> ls 0 
I/SurfaceFlinger( 1891): Device Built-in Screen -> ls 0 
E/Watchdog( 2329): !@Sync 61
D/SSRMv2:SIOP( 2329): SIOP:: AP = 350, Delta = 0
E/IMGSRV  ( 1891): :0: PVRDRMOpen: TP3, ret = 49
I/SurfaceFlinger( 1891): Device Built-in Screen -> ls 0 
E/IMGSRV  ( 1891): :0: PVRDRMOpen: TP3, ret = 37
I/SurfaceFlinger( 1891): Device Built-in Screen -> ls 0 
I/SurfaceFlinger( 1891): Device Built-in Screen -> ls 0 
I/SurfaceFlinger( 1891): Device Built-in Screen -> ls 0 
I/SurfaceFlinger( 1891): Device Built-in Screen -> ls 0 
I/SurfaceFlinger( 1891): Device Built-in Screen -> ls 0 
I/SurfaceFlinger( 1891): Device Built-in Screen -> ls 0 
I/SurfaceFlinger( 1891): Device Built-in Screen -> ls 0 
I/SurfaceFlinger( 1891): Device Built-in Screen -> ls 0 
I/SurfaceFlinger( 1891): Device Built-in Screen -> ls 0 
I/SurfaceFlinger( 1891): Device Built-in Screen -> ls 0 
I/SurfaceFlinger( 1891): Device Built-in Screen -> ls 0 
I/SurfaceFlinger( 1891): Device Built-in Screen -> ls 0 
I/SurfaceFlinger( 1891): Device Built-in Screen -> ls 0 
I/SurfaceFlinger( 1891): Device Built-in Screen -> ls 0 
I/SurfaceFlinger( 1891): Device Built-in Screen -> ls 0 
V/UsbHostManager( 2329): USB HOST UEVENT: {SUBSYSTEM=host_notify, STATE=ADD, DEVNAME=usb_otg, DEVPATH=/devices/virtual/host_notify/usb_otg, SEQNUM=2629, ACTION=change}
D/UsbHostManager( 2329): turnOnLcd :: 
D/PowerManagerService( 2329): [api] [s] wakeUp (uid: 1000 pid: 2329) eventTime = 1855164
D/UsbHostNotification( 2329): setUsbObserverNotification : cancel id = 998563545, device = UsbDevices
D/UsbHostNotification( 2329): setUsbObserverNotification : notify id = 998563545, device = UsbDevices, title = USB-Connector verbunden.
