D/BarController.StatusBar( 2329): mTransientBarState: TRANSIENT_BAR_SHOWING
D/STATUSBAR-StatusBarManagerService( 2329): manageDisableList what=0x0 pkg=WindowManager.LayoutParams
D/BarController.StatusBar( 2329): mState: WINDOW_STATE_SHOWING
D/STATUSBAR-StatusBarManagerService( 2329): manageDisableList what=0x0 pkg=WindowManager.LayoutParams
D/BarController.StatusBar( 2329): mTransientBarState: TRANSIENT_BAR_HIDING
D/STATUSBAR-IconMerger( 2498): checkOverflow(1120), More:false, Req:false Child:2
D/BatteryService( 2329): level:17, scale:100, status:3, health:2, present:true, voltage: 3557, temperature: 361, technology: Li-ion, AC powered:false, USB powered:false, Wireless powered:false, icon:17303550, invalid charger:0, online:1, current avg:-765, charge type:0, power sharing:false
D/BatteryService( 2329): Sending ACTION_BATTERY_CHANGED.
D/STATUSBAR-PhoneStatusBar( 2498):  mBrightnessEnablebySettings = true mBrightnessEnablebyBattery = true mBrightnessEnablebyDisableFlag = true mPmsBrightnessEnablebySettings = true
D/BatteryMeterView( 2498): ACTION_BATTERY_CHANGED : level:17 status:3 health:2
D/STATUSBAR-IconMerger( 2498): checkOverflow(1120), More:false, Req:false Child:2
D/BarController.StatusBar( 2329): mState: WINDOW_STATE_HIDDEN
D/BarController.StatusBar( 2329): mTransientBarState: TRANSIENT_BAR_NONE
D/STATUSBAR-StatusBarManagerService( 2329): manageDisableList what=0x0 pkg=WindowManager.LayoutParams
D/BarController.NavigationBar( 2329): Not showing transient bar, bar doesn't exist
D/BarController.CocktailBar( 2329): Not showing transient bar, bar doesn't exist
D/BarController.StatusBar( 2329): mTransientBarState: TRANSIENT_BAR_SHOW_REQUESTED
D/BarController.StatusBar( 2329): mTransientBarState: TRANSIENT_BAR_SHOWING
D/STATUSBAR-StatusBarManagerService( 2329): manageDisableList what=0x0 pkg=WindowManager.LayoutParams
D/BarController.StatusBar( 2329): mState: WINDOW_STATE_SHOWING
D/STATUSBAR-StatusBarManagerService( 2329): manageDisableList what=0x0 pkg=WindowManager.LayoutParams
D/BarController.StatusBar( 2329): mTransientBarState: TRANSIENT_BAR_HIDING
D/BarController.StatusBar( 2329): mState: WINDOW_STATE_HIDING
D/BarController.StatusBar( 2329): mState: WINDOW_STATE_HIDDEN
D/BarController.StatusBar( 2329): mTransientBarState: TRANSIENT_BAR_NONE
D/STATUSBAR-StatusBarManagerService( 2329): manageDisableList what=0x0 pkg=WindowManager.LayoutParams
D/RecentTasksLoader( 2498): preloadRecentTasksList
D/STATUSBAR-RecentTasksLoader( 2498): loadTasksInBackground() mstate:CANCELLED
D/STATUSBAR-RecentTasksLoader( 2498): loadThumbnailsAndIconsInBackground()
D/STATUSBAR-RecentTasksLoader( 2498): loadTasksInBackground -doInBackground()
D/STATUSBAR-RecentTasksLoader( 2498): loadThumbnailsAndIconsInBackground-doInBackground()
D/STATUSBAR-RecentTasksLoader( 2498):     recentTasks.size():2
D/STATUSBAR-RecentTasksLoader( 2498): loadTasksInBackground-onProgressUpdate()
D/STATUSBAR-RecentTasksLoader( 2498):  error - mRecentsPanel == null
D/STATUSBAR-RecentTasksLoader( 2498): loadTasksInBackground-onProgressUpdate()
D/STATUSBAR-RecentTasksLoader( 2498):  error - mRecentsPanel == null
D/VoIPInterfaceManager( 2329): isVoIPRinging()...
D/VoIPInterfaceManager( 2329): isVoIPRunningAndDeregi()...
D/VoIPInterfaceManager( 2329): Not exist call session
D/RecentTasksLoader( 2498): cancelPreloadingRecentTasksList
D/STATUSBAR-RecentTasksLoader( 2498): cancelLoadingThumbnailsAndIcons()
D/STATUSBAR-RecentTasksLoader( 2498): mTaskLoader.cancel()
D/STATUSBAR-RecentTasksLoader( 2498): mThumbnailLoader.cancel()
I/WindowManager( 2329): startDockOrHome
D/PowerManagerService( 2329): [api] [s] userActivity : event: 0 flags: 0 (uid: 1000 pid: 2329) eventTime = 1724442
W/ActivityManager( 2329): mDVFSHelper.acquire()
D/STATUSBAR-AirplaneModeQuickSettingButton( 2498): onReceive : android.intent.action.CLOSE_SYSTEM_DIALOGS
W/ContextImpl( 2329): Calling a method in the system process without a qualified user: android.app.ContextImpl.sendBroadcast:1501 com.android.internal.policy.impl.PhoneWindowManager.notifyToSSRM:6304 com.android.internal.policy.impl.PhoneWindowManager.access$200:195 com.android.internal.policy.impl.PhoneWindowManager$PolicyHandler.handleMessage:766 android.os.Handler.dispatchMessage:102 
D/SSRMv2:TSP:AirViewOnOff( 2329): SettingsAirViewInfo:: 000000000
D/StatusBarManagerService( 2329): semi p:2725,o:f
D/StatusBarManagerService( 2329): tr p:2725,o:f
W/ActivityManager( 2329): Permission Denial: getCurrentUser() from pid=10277, uid=10061 requires android.permission.INTERACT_ACROSS_USERS
I/ActivityManager( 2329): Killing 9731:com.android.browser/u0a140 (adj 15): empty #31
D/STATUSBAR-StatusBarManagerService( 2329): manageDisableList what=0x0 pkg=WindowManager.LayoutParams
D/StatusBarManagerService( 2329): tr p:2725,o:f
W/ContextImpl( 2329): Calling a method in the system process without a qualified user: android.app.ContextImpl.sendBroadcast:1501 com.android.server.InputMethodManagerService$4.run:2692 java.lang.Thread.run:841 <bottom of call stack> <bottom of call stack> 
W/ActivityManager( 2329): Permission Denial: getCurrentUser() from pid=10289, uid=10148 requires android.permission.INTERACT_ACROSS_USERS
W/ActivityManager( 2329): mDVFSHelper.release()
I/ActivityManager( 2329): Killing 7784:com.sec.android.app.sns3/u0a22 (adj 15): empty #31
D/BarController.StatusBar( 2329): mState: WINDOW_STATE_SHOWING
D/STATUSBAR-StatusBarManagerService( 2329): manageDisableList what=0x0 pkg=WindowManager.LayoutParams
W/ActivityManager( 2329): Permission Denial: getCurrentUser() from pid=10302, uid=10149 requires android.permission.INTERACT_ACROSS_USERS
I/ActivityManager( 2329): Killing 7086:com.sec.android.nearby.mediaserver/u0a59 (adj 15): empty #31
W/ActivityManager( 2329): Permission Denial: getCurrentUser() from pid=10316, uid=10150 requires android.permission.INTERACT_ACROSS_USERS
I/ActivityManager( 2329): Killing 9859:com.android.defcontainer/u0a8 (adj 15): empty #31
W/ActivityManager( 2329): Permission Denial: getCurrentUser() from pid=10329, uid=10157 requires android.permission.INTERACT_ACROSS_USERS
I/ActivityManager( 2329): Killing 9876:com.sec.esdk.elm/u0a94 (adj 15): empty #31
I/ActivityManager( 2329): Killing 5177:com.sec.android.nearby.mediaserver:server/u0a59 (adj 15): empty #31
D/PowerManagerService( 2329): [api] userActivityFromNative : 10 (event: 1 flags: 0) eventTime = 1726777
D/RecentTasksLoader( 2498): preloadRecentTasksList
D/STATUSBAR-RecentTasksLoader( 2498): loadTasksInBackground() mstate:CANCELLED
D/STATUSBAR-RecentTasksLoader( 2498): loadThumbnailsAndIconsInBackground()
D/STATUSBAR-RecentTasksLoader( 2498): loadTasksInBackground -doInBackground()
D/STATUSBAR-RecentTasksLoader( 2498): loadThumbnailsAndIconsInBackground-doInBackground()
D/STATUSBAR-RecentTasksLoader( 2498):     recentTasks.size():3
D/STATUSBAR-RecentTasksLoader( 2498): loadTasksInBackground-onProgressUpdate()
D/STATUSBAR-RecentTasksLoader( 2498):  error - mRecentsPanel == null
D/STATUSBAR-RecentTasksLoader( 2498): loadTasksInBackground-onProgressUpdate()
D/STATUSBAR-RecentTasksLoader( 2498):  error - mRecentsPanel == null
D/STATUSBAR-RecentTasksLoader( 2498): loadThumbnailsAndIconsInBackground-onProgressUpdate()
D/STATUSBAR-RecentTasksLoader( 2498):     !isCancelled()
D/STATUSBAR-RecentTasksLoader( 2498): loadThumbnailsAndIconsInBackground-onProgressUpdate()
D/STATUSBAR-RecentTasksLoader( 2498):     !isCancelled()
D/STATUSBAR-RecentTasksLoader( 2498): loadThumbnailsAndIconsInBackground-onProgressUpdate()
D/STATUSBAR-RecentTasksLoader( 2498):     !isCancelled()
D/STATUSBAR-RecentTasksLoader( 2498): mState = State.LOADED
D/VoIPInterfaceManager( 2329): isVoIPRinging()...
D/VoIPInterfaceManager( 2329): isVoIPRunningAndDeregi()...
D/VoIPInterfaceManager( 2329): Not exist call session
V/VibratorService( 2329): hasVibrator - useVibetonz: false
W/ActivityManager( 2329): mDVFSHelper.acquire()
D/StatusBarManagerService( 2329): tr p:2725,o:f
D/STATUSBAR-AirplaneModeQuickSettingButton( 2498): onReceive : android.intent.action.CLOSE_SYSTEM_DIALOGS
D/STATUSBAR-RecentsPanel( 2498): onCreate()
D/StatusBarManagerService( 2329): tr p:2498,o:f
D/STATUSBAR-RecentsPanelView( 2498): onFinishInflate()
D/STATUSBAR-RecentsPanel( 2498): PrivateMode  initState(false)
D/STATUSBAR-RecentsPanel( 2498): handleIntent(): com.android.systemui.recent.action.TOGGLE_RECENTS
D/STATUSBAR-RecentsPanelView( 2498): refreshRecentTasksList()
D/STATUSBAR-RecentsPanelView( 2498): onTasksLoaded()
D/RecentsPanelView( 2498): show: true
D/STATUSBAR-RecentsPanel( 2498): onStart()
D/STATUSBAR-RecentsPanelView( 2498): refreshRecentTasksList()
D/STATUSBAR-RecentTasksLoader( 2498): loadTasksInBackground() mstate:LOADED
D/STATUSBAR-RecentTasksLoader( 2498):     return (mState != State.CANCELLED)
D/STATUSBAR-RecentsPanelView( 2498): updateUiElements items:2 Showing:true
D/RecentsPanelView( 2498): show: true
D/STATUSBAR-RecentsPanel( 2498): onResume()
D/StatusBarManagerService( 2329): semi p:2498,o:f
D/STATUSBAR-AirplaneModeQuickSettingButton( 2498): onReceive : android.intent.action.CLOSE_SYSTEM_DIALOGS
D/STATUSBAR-AirplaneModeQuickSettingButton( 2498): onReceive : android.intent.action.CLOSE_SYSTEM_DIALOGS
D/STATUSBAR-RecentsPanel( 2498): onReceive(Intent { act=android.intent.action.CLOSE_SYSTEM_DIALOGS flg=0x50000010 (has extras) })
D/RecentsPanel( 2498): reason : recentapps
D/STATUSBAR-StatusBarManagerService( 2329): manageDisableList what=0x0 pkg=WindowManager.LayoutParams
W/ContextImpl( 2329): Calling a method in the system process without a qualified user: android.app.ContextImpl.sendBroadcast:1501 com.android.server.InputMethodManagerService$4.run:2692 java.lang.Thread.run:841 <bottom of call stack> <bottom of call stack> 
D/STATUSBAR-StatusBarManagerService( 2329): manageDisableList what=0x0 pkg=WindowManager.LayoutParams
D/WifiP2pService( 2329): InactiveState{ what=147461 }
D/WifiP2pService( 2329): P2pEnabledState{ what=147461 }
D/WifiP2pService( 2329): DefaultState{ what=147461 }
W/ActivityManager( 2329): mDVFSHelper.release()
D/RecentsPanelView( 2498): show: false
D/STATUSBAR-RecentsPanel( 2498): dismissAndGoHome()
D/RecentsPanelView( 2498): show: false
D/STATUSBAR-RecentsPanel( 2498): onPause()
W/ActivityManager( 2329): mDVFSHelper.acquire()
D/StatusBarManagerService( 2329): semi p:9970,o:f
D/STATUSBAR-StatusBarManagerService( 2329): manageDisableList what=0x0 pkg=WindowManager.LayoutParams
W/ContextImpl( 2329): Calling a method in the system process without a qualified user: android.app.ContextImpl.sendBroadcast:1501 com.android.server.InputMethodManagerService$4.run:2692 java.lang.Thread.run:841 <bottom of call stack> <bottom of call stack> 
D/BarController.StatusBar( 2329): mState: WINDOW_STATE_HIDING
W/ContextImpl( 2329): Calling a method in the system process without a qualified user: android.app.ContextImpl.sendBroadcast:1501 com.android.internal.policy.impl.PhoneWindowManager.notifyToSSRM:6304 com.android.internal.policy.impl.PhoneWindowManager.access$200:195 com.android.internal.policy.impl.PhoneWindowManager$PolicyHandler.handleMessage:766 android.os.Handler.dispatchMessage:102 
D/SSRMv2:TSP:AirViewOnOff( 2329): SettingsAirViewInfo:: 000000000
D/STATUSBAR-RecentsPanel( 2498): onReceive(Intent { act=com.android.systemui.recent.action.CLOSE flg=0x10 pkg=com.android.systemui })
W/ActivityManager( 2329): mDVFSHelper.release()
D/STATUSBAR-RecentsPanel( 2498): onStop()
D/STATUSBAR-RecentsPanelView( 2498): onUiHidden() - mShowing:false, mRecentTaskDescriptions != null:true
D/STATUSBAR-RecentsPanelView( 2498): clearRecentTasksList()
D/STATUSBAR-RecentTasksLoader( 2498): cancelLoadingThumbnailsAndIcons()
D/STATUSBAR-RecentTasksLoader( 2498): mTaskLoader.cancel()
D/STATUSBAR-RecentTasksLoader( 2498): mThumbnailLoader.cancel()
D/STATUSBAR-RecentTasksLoader( 2498):  - mRecentsPanel.onTaskLoadingCancelled()
D/STATUSBAR-RecentsPanelView( 2498): onTaskLoadingCancelled()
D/STATUSBAR-RecentTasksLoader( 2498):  - mRecentsPanel.dismiss()
D/RecentsPanelView( 2498): show: false
D/STATUSBAR-RecentsPanelView( 2498): onTaskLoadingCancelled()
D/STATUSBAR-RecentsPanel( 2498): onDestroy()
D/BarController.StatusBar( 2329): mState: WINDOW_STATE_HIDDEN
D/SSRMv2:SIOP( 2329): SIOP:: AP = 350, Delta = 10
E/Watchdog( 2329): !@Sync 57
D/RecentTasksLoader( 2498): preloadRecentTasksList
D/STATUSBAR-RecentTasksLoader( 2498): loadTasksInBackground() mstate:CANCELLED
D/STATUSBAR-RecentTasksLoader( 2498): loadThumbnailsAndIconsInBackground()
D/STATUSBAR-RecentTasksLoader( 2498): loadTasksInBackground -doInBackground()
D/STATUSBAR-RecentTasksLoader( 2498): loadThumbnailsAndIconsInBackground-doInBackground()
D/STATUSBAR-RecentTasksLoader( 2498):     recentTasks.size():2
D/STATUSBAR-RecentTasksLoader( 2498): loadTasksInBackground-onProgressUpdate()
D/STATUSBAR-RecentTasksLoader( 2498):  error - mRecentsPanel == null
D/STATUSBAR-RecentTasksLoader( 2498): loadTasksInBackground-onProgressUpdate()
D/STATUSBAR-RecentTasksLoader( 2498):  error - mRecentsPanel == null
D/VoIPInterfaceManager( 2329): isVoIPRinging()...
D/VoIPInterfaceManager( 2329): isVoIPRunningAndDeregi()...
D/VoIPInterfaceManager( 2329): Not exist call session
D/RecentTasksLoader( 2498): cancelPreloadingRecentTasksList
D/STATUSBAR-RecentTasksLoader( 2498): cancelLoadingThumbnailsAndIcons()
D/STATUSBAR-RecentTasksLoader( 2498): mTaskLoader.cancel()
D/STATUSBAR-RecentTasksLoader( 2498): mThumbnailLoader.cancel()
I/WindowManager( 2329): startDockOrHome
D/PowerManagerService( 2329): [api] [s] userActivity : event: 0 flags: 0 (uid: 1000 pid: 2329) eventTime = 1738039
D/STATUSBAR-AirplaneModeQuickSettingButton( 2498): onReceive : android.intent.action.CLOSE_SYSTEM_DIALOGS
W/ActivityManager( 2329): mDVFSHelper.acquire()
W/ContextImpl( 2329): Calling a method in the system process without a qualified user: android.app.ContextImpl.sendBroadcast:1501 com.android.internal.policy.impl.PhoneWindowManager.notifyToSSRM:6304 com.android.internal.policy.impl.PhoneWindowManager.access$200:195 com.android.internal.policy.impl.PhoneWindowManager$PolicyHandler.handleMessage:766 android.os.Handler.dispatchMessage:102 
D/SSRMv2:TSP:AirViewOnOff( 2329): SettingsAirViewInfo:: 000000000
D/StatusBarManagerService( 2329): semi p:2725,o:f
D/StatusBarManagerService( 2329): tr p:2725,o:f
D/STATUSBAR-StatusBarManagerService( 2329): manageDisableList what=0x0 pkg=WindowManager.LayoutParams
D/StatusBarManagerService( 2329): tr p:2725,o:f
W/ContextImpl( 2329): Calling a method in the system process without a qualified user: android.app.ContextImpl.sendBroadcast:1501 com.android.server.InputMethodManagerService$4.run:2692 java.lang.Thread.run:841 <bottom of call stack> <bottom of call stack> 
D/BarController.StatusBar( 2329): mState: WINDOW_STATE_SHOWING
D/STATUSBAR-StatusBarManagerService( 2329): manageDisableList what=0x0 pkg=WindowManager.LayoutParams
W/ActivityManager( 2329): mDVFSHelper.release()
D/STATUSBAR-PhoneStatusBar( 2498): makeExpandedVisible
D/STATUSBAR-QuickSettingPanel( 2498): setSingleLine:true
D/STATUSBAR-QuickSettingPanel( 2498): updateButtonInfo mButtonWidth : 182 mColumnNumber:7 orien: 2
D/STATUSBAR-PhoneStatusBar( 2498): Mini Controller text scroll : ON
D/VibratorService( 2329): JNI vibratorOff()
D/LightsService( 2329): [api] [SvcLED] turnOff:: id = 4 (uid: 10030 pid: 2498) 
D/LightsService( 2329): [SvcLED] setSvcLedStateLocked:: SvcLEDState : 0x0 -> 0x0 | SvcLED(id=4) set Off
D/LightsService( 2329): [SvcLED] Lux failed to be updated in 0ms. -> handleForcedSvcLEDTasK
D/LightsService( 2329): [SvcLED]  setSvcLedLightLocked :: Current SvcLED(id=3) maintains its priority right
D/BarController.StatusBar( 2329): Not showing transient bar, bar already visible
D/BarController.NavigationBar( 2329): Not showing transient bar, bar doesn't exist
D/BarController.CocktailBar( 2329): Not showing transient bar, bar doesn't exist
D/STATUSBAR-StatusBarManagerService( 2329): manageDisableList what=0x0 pkg=WindowManager.LayoutParams
V/AlarmManager( 2329): waitForAlarm result :8
D/KeyguardClockWidgetService( 2926): onReceive action=android.intent.action.TIME_TICK
V/AlarmManager( 2329): ClockReceiver onReceive() ACTION_TIME_TICK
D/PhoneStatusBarView( 2498): onPanelFullyOpened in EXPAND_NOTI_ACTION
D/STATUSBAR-IconMerger( 2498): checkOverflow(1120), More:false, Req:false Child:2
D/SSRMv2:SIOP( 2329): SIOP:: AP = 350, Delta = 0
D/SSRMv2:TSP:AirViewOnOff( 2329): SettingsAirViewInfo:: 000000000
W/ActivityManager( 2329): mDVFSHelper.acquire()
D/StatusBarManagerService( 2329): tr p:2725,o:f
W/ContextImpl( 2329): Calling a method in the system process without a qualified user: android.app.ContextImpl.sendBroadcast:1515 com.android.server.StatusBarManagerService.sendNotification:987 com.android.server.StatusBarManagerService.removeNotification:712 com.android.server.NotificationManagerService.cancelNotificationLocked:2461 com.android.server.NotificationManagerService.access$5100:160 
D/STATUSBAR-StatusBarManagerService( 2329): sendNotification(3) - 39789
D/LightsService( 2329): [api] [SvcLED] turnOff:: id = 4 (uid: 1000 pid: 2329) 
D/LightsService( 2329): [SvcLED] setSvcLedStateLocked:: SvcLEDState : 0x0 -> 0x0 | SvcLED(id=4) set Off
D/LightsService( 2329): [SvcLED] Lux failed to be updated in 0ms. -> handleForcedSvcLEDTasK
D/LightsService( 2329): [SvcLED]  setSvcLedLightLocked :: Current SvcLED(id=3) maintains its priority right
D/VibratorService( 2329): JNI vibratorOff()
D/LightsService( 2329): [api] [SvcLED] turnOff:: id = 4 (uid: 10030 pid: 2498) 
D/LightsService( 2329): [SvcLED] setSvcLedStateLocked:: SvcLEDState : 0x0 -> 0x0 | SvcLED(id=4) set Off
D/LightsService( 2329): [SvcLED] Lux failed to be updated in 0ms. -> handleForcedSvcLEDTasK
D/LightsService( 2329): [SvcLED]  setSvcLedLightLocked :: Current SvcLED(id=3) maintains its priority right
D/StatusBarManagerService( 2329): tr p:2329,o:f
D/StatusBarManagerService( 2329): semi p:2329,o:f
D/STATUSBAR-IconMerger( 2498): checkOverflow(1120), More:false, Req:false Child:1
D/StatusBarManagerService( 2329): tr p:8999,o:f
D/StatusBarManagerService( 2329): semi p:2329,o:f
D/MotionRecognitionService( 2329):  ssp status : false
D/SSRMv2:TSP:AirViewOnOff( 2329): SettingsAirViewInfo:: 000000000
D/STATUSBAR-PhoneStatusBar( 2498): makeExpandedInvisible
D/STATUSBAR-PhoneStatusBar( 2498): Mini Controller text scroll : OFF
D/STATUSBAR-QuickSettingPanel( 2498): setSingleLine:true
D/STATUSBAR-QuickSettingPanel( 2498): updateButtonInfo mButtonWidth : 182 mColumnNumber:7 orien: 2
D/STATUSBAR-StatusBarManagerService( 2329): manageDisableList what=0x0 pkg=WindowManager.LayoutParams
W/ActivityManager( 2329): Permission Denial: getCurrentUser() from pid=10362, uid=10022 requires android.permission.INTERACT_ACROSS_USERS
D/StatusBarManagerService( 2329): semi p:8999,o:f
W/ContextImpl( 8999): Calling a method in the system process without a qualified user: android.app.ContextImpl.startService:1857 android.content.ContextWrapper.startService:506 com.android.settings.nearby.NearbyEnabler.startDmsService:546 com.android.settings.nearby.NearbyEnabler.resume:316 com.android.settings.Settings$HeaderAdapter.resume:4696 
W/ContextImpl( 8999): Calling a method in the system process without a qualified user: android.app.ContextImpl.bindService:1930 android.content.ContextWrapper.bindService:529 com.android.settings.nearby.NearbyEnabler.startDmsService:548 com.android.settings.nearby.NearbyEnabler.resume:316 com.android.settings.Settings$HeaderAdapter.resume:4696 
I/ActivityManager( 2329): Killing 9987:com.android.keychain/1000 (adj 15): empty #31
D/StatusBarManagerService( 2329): semi p:8999,o:f
W/Vold    ( 1881): Returning OperationFailed - no handler for errno 30
W/ContextImpl( 8999): Calling a method in the system process without a qualified user: android.app.ContextImpl.sendBroadcast:1501 android.content.ContextWrapper.sendBroadcast:377 com.android.settings.powersavingmode.PowerSavingEnabler.setSwitch:278 com.android.settings.Settings$HeaderAdapter.getView:4386 android.widget.AbsListView.obtainView:2758 
W/ContextImpl( 8999): Calling a method in the system process without a qualified user: android.app.ContextImpl.sendBroadcast:1501 android.content.ContextWrapper.sendBroadcast:377 com.android.settings.powersavingmode.PowerSavingEnabler.setSwitch:278 com.android.settings.Settings$HeaderAdapter.getView:4386 android.widget.AbsListView.obtainView:2728 
W/ContextImpl( 2329): Calling a method in the system process without a qualified user: android.app.ContextImpl.sendBroadcast:1501 com.android.server.InputMethodManagerService$4.run:2692 java.lang.Thread.run:841 <bottom of call stack> <bottom of call stack> 
I/ActivityManager( 2329): Killing 10064:com.samsung.videohub/u0a159 (adj 15): empty #31
W/ActivityManager( 2329): mDVFSHelper.release()
W/ContextImpl( 8999): Calling a method in the system process without a qualified user: android.app.ContextImpl.sendBroadcast:1501 android.content.ContextWrapper.sendBroadcast:377 com.android.settings.nearby.NearbyEnabler$3.onServiceConnected:609 android.app.LoadedApk$ServiceDispatcher.doConnected:1114 android.app.LoadedApk$ServiceDispatcher$RunConnection.run:1131 
D/SSRMv2:SIOP( 2329): SIOP:: AP = 350, Delta = 0
D/BatteryService( 2329): level:17, scale:100, status:3, health:2, present:true, voltage: 3531, temperature: 348, technology: Li-ion, AC powered:false, USB powered:false, Wireless powered:false, icon:17303550, invalid charger:0, online:1, current avg:-860, charge type:0, power sharing:false
D/BatteryService( 2329): Sending ACTION_BATTERY_CHANGED.
D/STATUSBAR-PhoneStatusBar( 2498):  mBrightnessEnablebySettings = true mBrightnessEnablebyBattery = true mBrightnessEnablebyDisableFlag = true mPmsBrightnessEnablebySettings = true
D/BatteryMeterView( 2498): ACTION_BATTERY_CHANGED : level:17 status:3 health:2
D/STATUSBAR-IconMerger( 2498): checkOverflow(1120), More:false, Req:false Child:1
W/ContextImpl( 8999): Calling a method in the system process without a qualified user: android.app.ContextImpl.sendBroadcast:1501 android.content.ContextWrapper.sendBroadcast:377 com.android.settings.powersavingmode.PowerSavingEnabler.setSwitch:278 com.android.settings.Settings$HeaderAdapter.getView:4386 android.widget.AbsListView.obtainView:2728 
D/PowerManagerService( 2329): [api] userActivityFromNative : 20 (event: 3 flags: 0) eventTime = 1759805
D/RecentTasksLoader( 2498): preloadRecentTasksList
D/STATUSBAR-RecentTasksLoader( 2498): loadTasksInBackground() mstate:CANCELLED
D/STATUSBAR-RecentTasksLoader( 2498): loadThumbnailsAndIconsInBackground()
D/STATUSBAR-RecentTasksLoader( 2498): loadTasksInBackground -doInBackground()
D/STATUSBAR-RecentTasksLoader( 2498): loadThumbnailsAndIconsInBackground-doInBackground()
D/STATUSBAR-RecentTasksLoader( 2498): loadFirstTask Don't load excludeFromRecents : 24
D/STATUSBAR-RecentTasksLoader( 2498):     recentTasks.size():3
D/STATUSBAR-RecentTasksLoader( 2498): Don't load excludeFromRecents : 24
D/STATUSBAR-RecentTasksLoader( 2498): loadTasksInBackground-onProgressUpdate()
D/STATUSBAR-RecentTasksLoader( 2498):  error - mRecentsPanel == null
D/STATUSBAR-RecentTasksLoader( 2498): loadTasksInBackground-onProgressUpdate()
D/STATUSBAR-RecentTasksLoader( 2498):  error - mRecentsPanel == null
D/STATUSBAR-RecentTasksLoader( 2498): loadThumbnailsAndIconsInBackground-onProgressUpdate()
D/STATUSBAR-RecentTasksLoader( 2498):     !isCancelled()
D/STATUSBAR-RecentTasksLoader( 2498): loadThumbnailsAndIconsInBackground-onProgressUpdate()
D/STATUSBAR-RecentTasksLoader( 2498):     !isCancelled()
D/STATUSBAR-RecentTasksLoader( 2498): loadThumbnailsAndIconsInBackground-onProgressUpdate()
D/STATUSBAR-RecentTasksLoader( 2498):     !isCancelled()
D/STATUSBAR-RecentTasksLoader( 2498): mState = State.LOADED
D/VoIPInterfaceManager( 2329): isVoIPRinging()...
D/VoIPInterfaceManager( 2329): isVoIPRunningAndDeregi()...
D/VoIPInterfaceManager( 2329): Not exist call session
D/RecentTasksLoader( 2498): cancelPreloadingRecentTasksList
D/STATUSBAR-RecentTasksLoader( 2498): cancelLoadingThumbnailsAndIcons()
D/STATUSBAR-RecentTasksLoader( 2498): mTaskLoader.cancel()
D/STATUSBAR-RecentTasksLoader( 2498): mThumbnailLoader.cancel()
I/WindowManager( 2329): startDockOrHome
D/PowerManagerService( 2329): [api] [s] userActivity : event: 0 flags: 0 (uid: 1000 pid: 2329) eventTime = 1760744
D/STATUSBAR-AirplaneModeQuickSettingButton( 2498): onReceive : android.intent.action.CLOSE_SYSTEM_DIALOGS
W/ActivityManager( 2329): mDVFSHelper.acquire()
D/PowerManagerService( 2329): SystemPowerSaveModeReceiver onReceive
D/PowerManagerService( 2329): [api] updateSettingsLocked : mDreamsEnabledSetting: false mDreamsActivateOnSleepSetting: false mDreamsActivateOnDockSetting: true mScreenOffTimeoutSetting: 60000 mStayOnWhilePluggedInSetting: 0 mScreenBrightnessSetting: 115 mDynamicAutoBrightnessRatioValueSetting: 200 mScreenAutoBrightnessAdjustmentSetting: 1.0 mScreenBrightnessModeSetting: 0 mSmartStayEnabledSetting: false mTouchKeyOffTimeoutSetting: -1 mPowerSaveModeSettingBroadcasted false mLimitedPerformanceBroadcasted true mTouchKeyForceDisableOverrideFromSystemPowerSaveMode: false mATTautoPowerSavingModeSetting: false mATTautoPowerSavingModeSuspend: false mEmergencyMode false mAutoPowerOffTimeoutSetting: 0 mSecuredLockEnableSetting: 0 mSecuredLockTimeoutSetting: -1
W/ContextImpl( 8999): Calling a method in the system process without a qualified user: android.app.ContextImpl.sendBroadcast:1501 android.content.ContextWrapper.sendBroadcast:377 com.android.settings.dormantmode.DormantModeEnabler.pause:118 com.android.settings.Settings$HeaderAdapter.pause:4735 com.android.settings.Settings.onPause:1789 
W/ContextImpl( 8999): Calling a method in the system process without a qualified user: android.app.ContextImpl.sendBroadcast:1501 android.content.ContextWrapper.sendBroadcast:377 com.android.settings.personalpage.PersonalPageEnabler.pause:103 com.android.settings.Settings$HeaderAdapter.pause:4736 com.android.settings.Settings.onPause:1789 
W/ContextImpl( 8999): Calling a method in the system process without a qualified user: android.app.ContextImpl.sendBroadcast:1501 android.content.ContextWrapper.sendBroadcast:377 com.android.settings.DrivingModeEnabler.pause:136 com.android.settings.Settings$HeaderAdapter.pause:4737 com.android.settings.Settings.onPause:1789 
D/StatusBarManagerService( 2329): semi p:2725,o:f
D/StatusBarManagerService( 2329): tr p:2725,o:f
D/STATUSBAR-StatusBarManagerService( 2329): manageDisableList what=0x0 pkg=WindowManager.LayoutParams
D/StatusBarManagerService( 2329): tr p:2725,o:f
W/ContextImpl( 2329): Calling a method in the system process without a qualified user: android.app.ContextImpl.sendBroadcast:1501 com.android.server.InputMethodManagerService$4.run:2692 java.lang.Thread.run:841 <bottom of call stack> <bottom of call stack> 
D/STATUSBAR-StatusBarManagerService( 2329): manageDisableList what=0x0 pkg=WindowManager.LayoutParams
D/SSRMv2:SIOP( 2329): SIOP:: AP = 350, Delta = 0
W/ActivityManager( 2329): mDVFSHelper.release()
I/ActivityManager( 2329): Killing 10077:com.samsung.groupcast/u0a25 (adj 15): empty #31
D/RecentTasksLoader( 2498): preloadRecentTasksList
D/STATUSBAR-RecentTasksLoader( 2498): loadTasksInBackground() mstate:CANCELLED
D/STATUSBAR-RecentTasksLoader( 2498): loadThumbnailsAndIconsInBackground()
D/STATUSBAR-RecentTasksLoader( 2498): loadTasksInBackground -doInBackground()
D/STATUSBAR-RecentTasksLoader( 2498): loadThumbnailsAndIconsInBackground-doInBackground()
D/STATUSBAR-RecentTasksLoader( 2498):     recentTasks.size():3
D/STATUSBAR-RecentTasksLoader( 2498): loadTasksInBackground-onProgressUpdate()
D/STATUSBAR-RecentTasksLoader( 2498):  error - mRecentsPanel == null
D/STATUSBAR-RecentTasksLoader( 2498): loadTasksInBackground-onProgressUpdate()
D/STATUSBAR-RecentTasksLoader( 2498):  error - mRecentsPanel == null
D/STATUSBAR-RecentTasksLoader( 2498): loadThumbnailsAndIconsInBackground-onProgressUpdate()
D/STATUSBAR-RecentTasksLoader( 2498):     !isCancelled()
D/STATUSBAR-RecentTasksLoader( 2498): loadThumbnailsAndIconsInBackground-onProgressUpdate()
D/STATUSBAR-RecentTasksLoader( 2498):     !isCancelled()
D/STATUSBAR-RecentTasksLoader( 2498): loadThumbnailsAndIconsInBackground-onProgressUpdate()
D/STATUSBAR-RecentTasksLoader( 2498):     !isCancelled()
D/STATUSBAR-RecentTasksLoader( 2498): mState = State.LOADED
D/VoIPInterfaceManager( 2329): isVoIPRinging()...
D/VoIPInterfaceManager( 2329): isVoIPRunningAndDeregi()...
D/VoIPInterfaceManager( 2329): Not exist call session
V/VibratorService( 2329): hasVibrator - useVibetonz: false
W/ActivityManager( 2329): mDVFSHelper.acquire()
D/StatusBarManagerService( 2329): tr p:2725,o:f
D/STATUSBAR-AirplaneModeQuickSettingButton( 2498): onReceive : android.intent.action.CLOSE_SYSTEM_DIALOGS
D/STATUSBAR-RecentsPanel( 2498): onCreate()
D/StatusBarManagerService( 2329): tr p:2498,o:f
D/STATUSBAR-RecentsPanelView( 2498): onFinishInflate()
D/STATUSBAR-RecentsPanel( 2498): PrivateMode  initState(false)
D/STATUSBAR-RecentsPanel( 2498): handleIntent(): com.android.systemui.recent.action.TOGGLE_RECENTS
D/STATUSBAR-RecentsPanelView( 2498): refreshRecentTasksList()
D/STATUSBAR-RecentsPanelView( 2498): onTasksLoaded()
D/RecentsPanelView( 2498): show: true
D/STATUSBAR-RecentsPanel( 2498): onStart()
D/STATUSBAR-RecentsPanelView( 2498): refreshRecentTasksList()
D/STATUSBAR-RecentTasksLoader( 2498): loadTasksInBackground() mstate:LOADED
D/STATUSBAR-RecentTasksLoader( 2498):     return (mState != State.CANCELLED)
D/STATUSBAR-RecentsPanelView( 2498): updateUiElements items:2 Showing:true
D/RecentsPanelView( 2498): show: true
D/STATUSBAR-RecentsPanel( 2498): onResume()
D/StatusBarManagerService( 2329): semi p:2498,o:f
D/STATUSBAR-AirplaneModeQuickSettingButton( 2498): onReceive : android.intent.action.CLOSE_SYSTEM_DIALOGS
D/STATUSBAR-AirplaneModeQuickSettingButton( 2498): onReceive : android.intent.action.CLOSE_SYSTEM_DIALOGS
D/STATUSBAR-RecentsPanel( 2498): onReceive(Intent { act=android.intent.action.CLOSE_SYSTEM_DIALOGS flg=0x50000010 (has extras) })
D/RecentsPanel( 2498): reason : recentapps
D/STATUSBAR-StatusBarManagerService( 2329): manageDisableList what=0x0 pkg=WindowManager.LayoutParams
W/ContextImpl( 2329): Calling a method in the system process without a qualified user: android.app.ContextImpl.sendBroadcast:1501 com.android.server.InputMethodManagerService$4.run:2692 java.lang.Thread.run:841 <bottom of call stack> <bottom of call stack> 
D/STATUSBAR-StatusBarManagerService( 2329): manageDisableList what=0x0 pkg=WindowManager.LayoutParams
W/ActivityManager( 2329): mDVFSHelper.release()
E/Watchdog( 2329): !@Sync 58
I/ActivityManager( 2329): Killing 10090:com.google.android.partnersetup/u0a40 (adj 15): empty #31
I/ActivityManager( 2329): Killing 9970:com.example.android.videoplayersample/u0a168 (adj 9): remove task
I/WindowState( 2329): WIN DEATH: Window{220e5510 u0 com.example.android.videoplayersample/com.example.android.videoplayersample.MainActivity}
D/RecentTasksLoader( 2498): preloadRecentTasksList
D/STATUSBAR-RecentTasksLoader( 2498): loadTasksInBackground() mstate:LOADED
D/STATUSBAR-RecentTasksLoader( 2498):     return (mState != State.CANCELLED)
D/VoIPInterfaceManager( 2329): isVoIPRinging()...
D/VoIPInterfaceManager( 2329): isVoIPRunningAndDeregi()...
D/VoIPInterfaceManager( 2329): Not exist call session
D/RecentTasksLoader( 2498): cancelPreloadingRecentTasksList
D/STATUSBAR-RecentTasksLoader( 2498): cancelLoadingThumbnailsAndIcons()
D/STATUSBAR-RecentTasksLoader( 2498): RecentsPanel is Showing : return)
I/WindowManager( 2329): startDockOrHome
D/PowerManagerService( 2329): [api] [s] userActivity : event: 0 flags: 0 (uid: 1000 pid: 2329) eventTime = 1765131
D/STATUSBAR-AirplaneModeQuickSettingButton( 2498): onReceive : android.intent.action.CLOSE_SYSTEM_DIALOGS
W/ActivityManager( 2329): mDVFSHelper.acquire()
D/STATUSBAR-RecentsPanel( 2498): onReceive(Intent { act=android.intent.action.CLOSE_SYSTEM_DIALOGS flg=0x50000010 (has extras) })
D/RecentsPanel( 2498): reason : homekey
D/STATUSBAR-RecentsPanel( 2498): dismissAndGoHome()
D/RecentsPanelView( 2498): show: false
D/STATUSBAR-RecentsPanel( 2498): onPause()
D/STATUSBAR-RecentsPanel( 2498): onReceive(Intent { act=com.android.systemui.recent.action.CLOSE flg=0x10 pkg=com.android.systemui })
D/StatusBarManagerService( 2329): semi p:2725,o:f
D/StatusBarManagerService( 2329): tr p:2725,o:f
D/STATUSBAR-StatusBarManagerService( 2329): manageDisableList what=0x0 pkg=WindowManager.LayoutParams
D/StatusBarManagerService( 2329): tr p:2725,o:f
W/ContextImpl( 2329): Calling a method in the system process without a qualified user: android.app.ContextImpl.sendBroadcast:1501 com.android.server.InputMethodManagerService$4.run:2692 java.lang.Thread.run:841 <bottom of call stack> <bottom of call stack> 
D/STATUSBAR-StatusBarManagerService( 2329): manageDisableList what=0x0 pkg=WindowManager.LayoutParams
W/ActivityManager( 2329): mDVFSHelper.release()
D/STATUSBAR-RecentsPanel( 2498): onStop()
D/STATUSBAR-RecentsPanelView( 2498): onUiHidden() - mShowing:false, mRecentTaskDescriptions != null:true
D/STATUSBAR-RecentsPanelView( 2498): clearRecentTasksList()
D/STATUSBAR-RecentTasksLoader( 2498): cancelLoadingThumbnailsAndIcons()
D/STATUSBAR-RecentTasksLoader( 2498): mTaskLoader.cancel()
D/STATUSBAR-RecentTasksLoader( 2498): mThumbnailLoader.cancel()
D/STATUSBAR-RecentTasksLoader( 2498):  - mRecentsPanel.onTaskLoadingCancelled()
D/STATUSBAR-RecentsPanelView( 2498): onTaskLoadingCancelled()
D/STATUSBAR-RecentTasksLoader( 2498):  - mRecentsPanel.dismiss()
D/RecentsPanelView( 2498): show: false
D/STATUSBAR-RecentsPanelView( 2498): onTaskLoadingCancelled()
D/STATUSBAR-RecentsPanel( 2498): onDestroy()
W/ActivityManager( 2329): mDVFSHelper.acquire()
D/StatusBarManagerService( 2329): tr p:2725,o:f
D/StatusBarManagerService( 2329): tr p:8999,o:f
D/MotionRecognitionService( 2329):  ssp status : false
D/StatusBarManagerService( 2329): semi p:8999,o:f
W/ContextImpl( 8999): Calling a method in the system process without a qualified user: android.app.ContextImpl.startService:1857 android.content.ContextWrapper.startService:506 com.android.settings.nearby.NearbyEnabler.startDmsService:546 com.android.settings.nearby.NearbyEnabler.resume:316 com.android.settings.Settings$HeaderAdapter.resume:4696 
W/ContextImpl( 8999): Calling a method in the system process without a qualified user: android.app.ContextImpl.bindService:1930 android.content.ContextWrapper.bindService:529 com.android.settings.nearby.NearbyEnabler.startDmsService:548 com.android.settings.nearby.NearbyEnabler.resume:316 com.android.settings.Settings$HeaderAdapter.resume:4696 
W/Vold    ( 1881): Returning OperationFailed - no handler for errno 30
E/WifiService( 2329): Start scan, start assoc
D/StatusBarManagerService( 2329): semi p:8999,o:f
D/STATUSBAR-StatusBarManagerService( 2329): manageDisableList what=0x0 pkg=WindowManager.LayoutParams
D/StatusBarManagerService( 2329): semi p:8999,o:f
W/ContextImpl( 8999): Calling a method in the system process without a qualified user: android.app.ContextImpl.sendBroadcast:1501 android.content.ContextWrapper.sendBroadcast:377 com.android.settings.powersavingmode.PowerSavingEnabler.setSwitch:278 com.android.settings.Settings$HeaderAdapter.getView:4386 android.widget.AbsListView.obtainView:2758 
D/MotionRecognitionService( 2329):  open api 0
D/MotionRecognitionService( 2329):   .registerCallback : 1, motion_sensors=1, client= 
D/MotionRecognitionService( 2329):   .isMotionEngineEnabled : false
D/MotionRecognitionService( 2329): Acquire sensors : Settings = 0
D/MotionRecognitionService( 2329): Acquired sensors for motion : 0
W/ContextImpl( 8999): Calling a method in the system process without a qualified user: android.app.ContextImpl.sendBroadcast:1501 android.content.ContextWrapper.sendBroadcast:377 com.android.settings.powersavingmode.PowerSavingEnabler.setSwitch:278 com.android.settings.Settings$HeaderAdapter.getView:4386 android.widget.AbsListView.obtainView:2728 
D/STATUSBAR-StatusBarManagerService( 2329): manageDisableList what=0x0 pkg=WindowManager.LayoutParams
W/ContextImpl( 2329): Calling a method in the system process without a qualified user: android.app.ContextImpl.sendBroadcast:1501 com.android.server.InputMethodManagerService$4.run:2692 java.lang.Thread.run:841 <bottom of call stack> <bottom of call stack> 
W/ContextImpl( 8999): Calling a method in the system process without a qualified user: android.app.ContextImpl.sendBroadcast:1501 android.content.ContextWrapper.sendBroadcast:377 com.android.settings.nearby.NearbyEnabler$3.onServiceConnected:609 android.app.LoadedApk$ServiceDispatcher.doConnected:1114 android.app.LoadedApk$ServiceDispatcher$RunConnection.run:1131 
D/WifiService( 2329): startScan by pid=8999, uid=1000
W/ActivityManager( 2329): mDVFSHelper.release()
D/RecentTasksLoader( 2498): preloadRecentTasksList
D/STATUSBAR-RecentTasksLoader( 2498): loadTasksInBackground() mstate:CANCELLED
D/STATUSBAR-RecentTasksLoader( 2498): loadThumbnailsAndIconsInBackground()
D/STATUSBAR-RecentTasksLoader( 2498): loadTasksInBackground -doInBackground()
D/STATUSBAR-RecentTasksLoader( 2498): loadThumbnailsAndIconsInBackground-doInBackground()
D/STATUSBAR-RecentTasksLoader( 2498):     recentTasks.size():1
D/STATUSBAR-RecentTasksLoader( 2498): loadTasksInBackground-onProgressUpdate()
D/STATUSBAR-RecentTasksLoader( 2498):  error - mRecentsPanel == null
D/STATUSBAR-RecentTasksLoader( 2498): loadTasksInBackground-onProgressUpdate()
D/STATUSBAR-RecentTasksLoader( 2498):  error - mRecentsPanel == null
D/VoIPInterfaceManager( 2329): isVoIPRinging()...
D/VoIPInterfaceManager( 2329): isVoIPRunningAndDeregi()...
D/VoIPInterfaceManager( 2329): Not exist call session
D/STATUSBAR-RecentTasksLoader( 2498): loadThumbnailsAndIconsInBackground-onProgressUpdate()
D/STATUSBAR-RecentTasksLoader( 2498):     !isCancelled()
D/STATUSBAR-RecentTasksLoader( 2498): loadThumbnailsAndIconsInBackground-onProgressUpdate()
D/STATUSBAR-RecentTasksLoader( 2498):     !isCancelled()
D/STATUSBAR-RecentTasksLoader( 2498): mState = State.LOADED
D/RecentTasksLoader( 2498): cancelPreloadingRecentTasksList
D/STATUSBAR-RecentTasksLoader( 2498): cancelLoadingThumbnailsAndIcons()
D/STATUSBAR-RecentTasksLoader( 2498): mTaskLoader.cancel()
D/STATUSBAR-RecentTasksLoader( 2498): mThumbnailLoader.cancel()
I/WindowManager( 2329): startDockOrHome
D/PowerManagerService( 2329): [api] [s] userActivity : event: 0 flags: 0 (uid: 1000 pid: 2329) eventTime = 1769121
D/STATUSBAR-AirplaneModeQuickSettingButton( 2498): onReceive : android.intent.action.CLOSE_SYSTEM_DIALOGS
W/ActivityManager( 2329): mDVFSHelper.acquire()
E/WifiService( 2329): Start scan, start assoc
D/MotionRecognitionService( 2329):  open api 0
D/MotionRecognitionService( 2329):   .unregisterCallback : 0, client= 
D/PowerManagerService( 2329): SystemPowerSaveModeReceiver onReceive
D/PowerManagerService( 2329): [api] updateSettingsLocked : mDreamsEnabledSetting: false mDreamsActivateOnSleepSetting: false mDreamsActivateOnDockSetting: true mScreenOffTimeoutSetting: 60000 mStayOnWhilePluggedInSetting: 0 mScreenBrightnessSetting: 115 mDynamicAutoBrightnessRatioValueSetting: 200 mScreenAutoBrightnessAdjustmentSetting: 1.0 mScreenBrightnessModeSetting: 0 mSmartStayEnabledSetting: false mTouchKeyOffTimeoutSetting: -1 mPowerSaveModeSettingBroadcasted false mLimitedPerformanceBroadcasted true mTouchKeyForceDisableOverrideFromSystemPowerSaveMode: false mATTautoPowerSavingModeSetting: false mATTautoPowerSavingModeSuspend: false mEmergencyMode false mAutoPowerOffTimeoutSetting: 0 mSecuredLockEnableSetting: 0 mSecuredLockTimeoutSetting: -1
W/ContextImpl( 8999): Calling a method in the system process without a qualified user: android.app.ContextImpl.sendBroadcast:1501 android.content.ContextWrapper.sendBroadcast:377 com.android.settings.dormantmode.DormantModeEnabler.pause:118 com.android.settings.Settings$HeaderAdapter.pause:4735 com.android.settings.Settings.onPause:1789 
W/ContextImpl( 8999): Calling a method in the system process without a qualified user: android.app.ContextImpl.sendBroadcast:1501 android.content.ContextWrapper.sendBroadcast:377 com.android.settings.personalpage.PersonalPageEnabler.pause:103 com.android.settings.Settings$HeaderAdapter.pause:4736 com.android.settings.Settings.onPause:1789 
W/ContextImpl( 8999): Calling a method in the system process without a qualified user: android.app.ContextImpl.sendBroadcast:1501 android.content.ContextWrapper.sendBroadcast:377 com.android.settings.DrivingModeEnabler.pause:136 com.android.settings.Settings$HeaderAdapter.pause:4737 com.android.settings.Settings.onPause:1789 
D/StatusBarManagerService( 2329): semi p:2725,o:f
D/StatusBarManagerService( 2329): tr p:2725,o:f
D/STATUSBAR-StatusBarManagerService( 2329): manageDisableList what=0x0 pkg=WindowManager.LayoutParams
D/StatusBarManagerService( 2329): tr p:2725,o:f
W/ContextImpl( 2329): Calling a method in the system process without a qualified user: android.app.ContextImpl.sendBroadcast:1501 com.android.server.InputMethodManagerService$4.run:2692 java.lang.Thread.run:841 <bottom of call stack> <bottom of call stack> 
W/ActivityManager( 2329): mDVFSHelper.release()
D/STATUSBAR-StatusBarManagerService( 2329): manageDisableList what=0x0 pkg=WindowManager.LayoutParams
D/PowerManagerService( 2329): [api] userActivityFromNative : 30 (event: 2 flags: 0) eventTime = 1769922
D/WifiP2pService( 2329): InactiveState{ what=147461 }
D/WifiP2pService( 2329): P2pEnabledState{ what=147461 }
D/WifiP2pService( 2329): DefaultState{ what=147461 }
D/SSRMv2:SIOP( 2329): SIOP:: AP = 360, Delta = 10
W/ActivityManager( 2329): mDVFSHelper.acquire()
D/StatusBarManagerService( 2329): tr p:2329,o:f
D/StatusBarManagerService( 2329): tr p:2725,o:f
D/BarController.StatusBar( 2329): mState: WINDOW_STATE_HIDING
D/STATUSBAR-StatusBarManagerService( 2329): manageDisableList what=0x0 pkg=WindowManager.LayoutParams
W/ContextImpl( 2329): Calling a method in the system process without a qualified user: android.app.ContextImpl.sendBroadcast:1501 com.android.internal.policy.impl.PhoneWindowManager.notifyToSSRM:6304 com.android.internal.policy.impl.PhoneWindowManager.access$200:195 com.android.internal.policy.impl.PhoneWindowManager$PolicyHandler.handleMessage:766 android.os.Handler.dispatchMessage:102 
D/SSRMv2:TSP:AirViewOnOff( 2329): SettingsAirViewInfo:: 000000000
W/ActivityManager( 2329): Permission Denial: getCurrentUser() from pid=10436, uid=10168 requires android.permission.INTERACT_ACROSS_USERS
W/ActivityManager( 2329): Permission Denial: getCurrentUser() from pid=10436, uid=10168 requires android.permission.INTERACT_ACROSS_USERS
D/StatusBarManagerService( 2329): tr p:10436,o:f
D/StatusBarManagerService( 2329): semi p:10436,o:f
W/ContextImpl( 2329): Calling a method in the system process without a qualified user: android.app.ContextImpl.sendBroadcast:1501 com.android.server.InputMethodManagerService$4.run:2692 java.lang.Thread.run:841 <bottom of call stack> <bottom of call stack> 
W/ActivityManager( 2329): mDVFSHelper.release()
D/BarController.StatusBar( 2329): mState: WINDOW_STATE_HIDDEN
D/WifiP2pService( 2329): InactiveState{ what=147461 }
D/WifiP2pService( 2329): P2pEnabledState{ what=147461 }
D/WifiP2pService( 2329): DefaultState{ what=147461 }
D/BatteryService( 2329): level:17, scale:100, status:3, health:2, present:true, voltage: 3510, temperature: 347, technology: Li-ion, AC powered:false, USB powered:false, Wireless powered:false, icon:17303550, invalid charger:0, online:1, current avg:-866, charge type:0, power sharing:false
D/BatteryService( 2329): Sending ACTION_BATTERY_CHANGED.
D/STATUSBAR-PhoneStatusBar( 2498):  mBrightnessEnablebySettings = true mBrightnessEnablebyBattery = true mBrightnessEnablebyDisableFlag = true mPmsBrightnessEnablebySettings = true
D/BatteryMeterView( 2498): ACTION_BATTERY_CHANGED : level:17 status:3 health:2
D/STATUSBAR-IconMerger( 2498): checkOverflow(1120), More:false, Req:false Child:1
D/SSRMv2:SIOP( 2329): SIOP:: AP = 350, Delta = -10
D/RecentTasksLoader( 2498): preloadRecentTasksList
D/STATUSBAR-RecentTasksLoader( 2498): loadTasksInBackground() mstate:CANCELLED
D/STATUSBAR-RecentTasksLoader( 2498): loadThumbnailsAndIconsInBackground()
D/STATUSBAR-RecentTasksLoader( 2498): loadTasksInBackground -doInBackground()
D/STATUSBAR-RecentTasksLoader( 2498): loadThumbnailsAndIconsInBackground-doInBackground()
D/STATUSBAR-RecentTasksLoader( 2498):     recentTasks.size():2
D/STATUSBAR-RecentTasksLoader( 2498): loadTasksInBackground-onProgressUpdate()
D/STATUSBAR-RecentTasksLoader( 2498):  error - mRecentsPanel == null
D/STATUSBAR-RecentTasksLoader( 2498): loadTasksInBackground-onProgressUpdate()
D/STATUSBAR-RecentTasksLoader( 2498):  error - mRecentsPanel == null
D/STATUSBAR-RecentTasksLoader( 2498): loadThumbnailsAndIconsInBackground-onProgressUpdate()
D/STATUSBAR-RecentTasksLoader( 2498):     !isCancelled()
D/STATUSBAR-RecentTasksLoader( 2498): loadThumbnailsAndIconsInBackground-onProgressUpdate()
D/STATUSBAR-RecentTasksLoader( 2498):     !isCancelled()
D/STATUSBAR-RecentTasksLoader( 2498): loadThumbnailsAndIconsInBackground-onProgressUpdate()
D/STATUSBAR-RecentTasksLoader( 2498):     !isCancelled()
D/STATUSBAR-RecentTasksLoader( 2498): mState = State.LOADED
D/VoIPInterfaceManager( 2329): isVoIPRinging()...
D/VoIPInterfaceManager( 2329): isVoIPRunningAndDeregi()...
D/VoIPInterfaceManager( 2329): Not exist call session
V/VibratorService( 2329): hasVibrator - useVibetonz: false
W/ActivityManager( 2329): mDVFSHelper.acquire()
D/STATUSBAR-AirplaneModeQuickSettingButton( 2498): onReceive : android.intent.action.CLOSE_SYSTEM_DIALOGS
W/ContextImpl( 2329): Calling a method in the system process without a qualified user: android.app.ContextImpl.sendBroadcast:1501 com.android.internal.policy.impl.PhoneWindowManager.notifyToSSRM:6304 com.android.internal.policy.impl.PhoneWindowManager.access$200:195 com.android.internal.policy.impl.PhoneWindowManager$PolicyHandler.handleMessage:766 android.os.Handler.dispatchMessage:102 
D/STATUSBAR-RecentsPanel( 2498): onCreate()
D/SSRMv2:TSP:AirViewOnOff( 2329): SettingsAirViewInfo:: 000000000
D/StatusBarManagerService( 2329): tr p:2498,o:f
D/STATUSBAR-RecentsPanelView( 2498): onFinishInflate()
D/STATUSBAR-RecentsPanel( 2498): PrivateMode  initState(false)
D/STATUSBAR-RecentsPanel( 2498): handleIntent(): com.android.systemui.recent.action.TOGGLE_RECENTS
D/STATUSBAR-RecentsPanelView( 2498): refreshRecentTasksList()
D/STATUSBAR-RecentsPanelView( 2498): onTasksLoaded()
D/RecentsPanelView( 2498): show: true
D/STATUSBAR-RecentsPanel( 2498): onStart()
D/STATUSBAR-RecentsPanelView( 2498): refreshRecentTasksList()
D/STATUSBAR-RecentTasksLoader( 2498): loadTasksInBackground() mstate:LOADED
D/STATUSBAR-RecentTasksLoader( 2498):     return (mState != State.CANCELLED)
D/STATUSBAR-RecentsPanelView( 2498): updateUiElements items:2 Showing:true
D/RecentsPanelView( 2498): show: true
D/STATUSBAR-RecentsPanel( 2498): onResume()
D/StatusBarManagerService( 2329): semi p:2498,o:f
D/STATUSBAR-AirplaneModeQuickSettingButton( 2498): onReceive : android.intent.action.CLOSE_SYSTEM_DIALOGS
D/STATUSBAR-AirplaneModeQuickSettingButton( 2498): onReceive : android.intent.action.CLOSE_SYSTEM_DIALOGS
D/STATUSBAR-RecentsPanel( 2498): onReceive(Intent { act=android.intent.action.CLOSE_SYSTEM_DIALOGS flg=0x50000010 (has extras) })
D/RecentsPanel( 2498): reason : recentapps
D/STATUSBAR-StatusBarManagerService( 2329): manageDisableList what=0x0 pkg=WindowManager.LayoutParams
W/ContextImpl( 2329): Calling a method in the system process without a qualified user: android.app.ContextImpl.sendBroadcast:1501 com.android.server.InputMethodManagerService$4.run:2692 java.lang.Thread.run:841 <bottom of call stack> <bottom of call stack> 
D/BarController.StatusBar( 2329): mState: WINDOW_STATE_SHOWING
W/ActivityManager( 2329): mDVFSHelper.release()
D/SSRMv2:SIOP( 2329): SIOP:: AP = 350, Delta = 0
I/ActivityManager( 2329): Killing 10436:com.example.android.videoplayersample/u0a168 (adj 9): remove task
I/WindowState( 2329): WIN DEATH: Window{22437f60 u0 com.example.android.videoplayersample/com.example.android.videoplayersample.MainActivity}
D/RecentTasksLoader( 2498): preloadRecentTasksList
D/STATUSBAR-RecentTasksLoader( 2498): loadTasksInBackground() mstate:LOADED
D/STATUSBAR-RecentTasksLoader( 2498):     return (mState != State.CANCELLED)
D/VoIPInterfaceManager( 2329): isVoIPRinging()...
D/VoIPInterfaceManager( 2329): isVoIPRunningAndDeregi()...
D/VoIPInterfaceManager( 2329): Not exist call session
D/RecentTasksLoader( 2498): cancelPreloadingRecentTasksList
D/STATUSBAR-RecentTasksLoader( 2498): cancelLoadingThumbnailsAndIcons()
D/STATUSBAR-RecentTasksLoader( 2498): RecentsPanel is Showing : return)
I/WindowManager( 2329): startDockOrHome
D/PowerManagerService( 2329): [api] [s] userActivity : event: 0 flags: 0 (uid: 1000 pid: 2329) eventTime = 1793490
D/STATUSBAR-AirplaneModeQuickSettingButton( 2498): onReceive : android.intent.action.CLOSE_SYSTEM_DIALOGS
W/ActivityManager( 2329): mDVFSHelper.acquire()
D/STATUSBAR-RecentsPanel( 2498): onReceive(Intent { act=android.intent.action.CLOSE_SYSTEM_DIALOGS flg=0x50000010 (has extras) })
D/RecentsPanel( 2498): reason : homekey
D/STATUSBAR-RecentsPanel( 2498): dismissAndGoHome()
D/RecentsPanelView( 2498): show: false
E/Watchdog( 2329): !@Sync 59
D/STATUSBAR-RecentsPanel( 2498): onPause()
D/STATUSBAR-RecentsPanel( 2498): onReceive(Intent { act=com.android.systemui.recent.action.CLOSE flg=0x10 pkg=com.android.systemui })
D/StatusBarManagerService( 2329): semi p:2725,o:f
D/StatusBarManagerService( 2329): tr p:2725,o:f
W/ActivityManager( 2329): mDVFSHelper.release()
D/STATUSBAR-StatusBarManagerService( 2329): manageDisableList what=0x0 pkg=WindowManager.LayoutParams
D/StatusBarManagerService( 2329): tr p:2725,o:f
