--------- beginning of /dev/log/system
D/STATUSBAR-AirplaneModeQuickSettingButton( 2498): onReceive : android.intent.action.CLOSE_SYSTEM_DIALOGS
D/STATUSBAR-RecentsPanel( 2498): onReceive(Intent { act=android.intent.action.CLOSE_SYSTEM_DIALOGS flg=0x50000010 (has extras) })
D/RecentsPanel( 2498): reason : recentapps
D/PowerManagerService( 2329): [api] userActivityFromNative : 20 (event: 1 flags: 0) eventTime = 730501
D/STATUSBAR-StatusBarManagerService( 2329): manageDisableList what=0x0 pkg=WindowManager.LayoutParams
W/ActivityManager( 2329): mDVFSHelper.release()
W/ActivityManager( 2329): Permission Denial: getCurrentUser() from pid=8103, uid=10121 requires android.permission.INTERACT_ACROSS_USERS
W/Vold    ( 1881): Returning OperationFailed - no handler for errno 30
W/Vold    ( 1881): Returning OperationFailed - no handler for errno 30
W/Vold    ( 1881): Returning OperationFailed - no handler for errno 30
D/WifiP2pService( 2329): InactiveState{ what=147461 }
D/WifiP2pService( 2329): P2pEnabledState{ what=147461 }
D/WifiP2pService( 2329): DefaultState{ what=147461 }
D/STATUSBAR-StatusBarManagerService( 2329): manageDisableList what=0x0 pkg=WindowManager.LayoutParams
W/ContextImpl( 2329): Calling a method in the system process without a qualified user: android.app.ContextImpl.sendBroadcast:1501 com.android.server.InputMethodManagerService$4.run:2692 java.lang.Thread.run:841 <bottom of call stack> <bottom of call stack> 
D/SSRMv2:SIOP( 2329): SIOP:: AP = 350, Delta = 10
I/ActivityManager( 2329): Killing 7317:com.android.musicfx/u0a9 (adj 15): empty #31
I/ActivityManager( 2329): Killing 5120:com.android.settings/1000 (adj 9): remove task
D/STATUSBAR-RecentsPanel( 2498): dismissAndGoHome()
D/RecentsPanelView( 2498): show: false
I/WindowState( 2329): WIN DEATH: Window{2211af50 u0 com.android.settings/com.android.settings.Settings}
D/STATUSBAR-RecentsPanelView( 2498): clearRecentTasksList()
D/STATUSBAR-RecentTasksLoader( 2498): cancelLoadingThumbnailsAndIcons()
D/STATUSBAR-RecentTasksLoader( 2498): mTaskLoader.cancel()
D/STATUSBAR-RecentTasksLoader( 2498): mThumbnailLoader.cancel()
D/STATUSBAR-RecentTasksLoader( 2498):  - mRecentsPanel.onTaskLoadingCancelled()
D/STATUSBAR-RecentsPanelView( 2498): onTaskLoadingCancelled()
D/STATUSBAR-RecentTasksLoader( 2498):  - mRecentsPanel.dismiss()
D/RecentsPanelView( 2498): show: false
D/STATUSBAR-RecentsPanelView( 2498): onTaskLoadingCancelled()
D/STATUSBAR-RecentsPanel( 2498): onPause()
W/ActivityManager( 2329): mDVFSHelper.acquire()
D/STATUSBAR-StatusBarManagerService( 2329): manageDisableList what=0x0 pkg=WindowManager.LayoutParams
D/StatusBarManagerService( 2329): tr p:2725,o:f
W/ContextImpl( 2329): Calling a method in the system process without a qualified user: android.app.ContextImpl.sendBroadcast:1501 com.android.server.InputMethodManagerService$4.run:2692 java.lang.Thread.run:841 <bottom of call stack> <bottom of call stack> 
D/StatusBarManagerService( 2329): semi p:2725,o:f
D/StatusBarManagerService( 2329): tr p:2725,o:f
D/STATUSBAR-StatusBarManagerService( 2329): manageDisableList what=0x0 pkg=WindowManager.LayoutParams
W/ActivityManager( 2329): mDVFSHelper.release()
D/STATUSBAR-RecentsPanel( 2498): onStop()
D/STATUSBAR-RecentsPanelView( 2498): onUiHidden() - mShowing:false, mRecentTaskDescriptions != null:false
D/STATUSBAR-RecentsPanel( 2498): onDestroy()
E/Watchdog( 2329): !@Sync 24
W/ActivityManager( 2329): mDVFSHelper.acquire()
D/StatusBarManagerService( 2329): tr p:2329,o:f
D/StatusBarManagerService( 2329): tr p:2725,o:f
D/BarController.StatusBar( 2329): mState: WINDOW_STATE_HIDING
D/STATUSBAR-StatusBarManagerService( 2329): manageDisableList what=0x0 pkg=WindowManager.LayoutParams
W/ContextImpl( 2329): Calling a method in the system process without a qualified user: android.app.ContextImpl.sendBroadcast:1501 com.android.internal.policy.impl.PhoneWindowManager.notifyToSSRM:6304 com.android.internal.policy.impl.PhoneWindowManager.access$200:195 com.android.internal.policy.impl.PhoneWindowManager$PolicyHandler.handleMessage:766 android.os.Handler.dispatchMessage:102 
D/SSRMv2:TSP:AirViewOnOff( 2329): SettingsAirViewInfo:: 000000000
W/ActivityManager( 2329): Permission Denial: getCurrentUser() from pid=8265, uid=10168 requires android.permission.INTERACT_ACROSS_USERS
W/ActivityManager( 2329): Permission Denial: getCurrentUser() from pid=8265, uid=10168 requires android.permission.INTERACT_ACROSS_USERS
D/StatusBarManagerService( 2329): tr p:8265,o:f
D/StatusBarManagerService( 2329): semi p:8265,o:f
D/BarController.StatusBar( 2329): mState: WINDOW_STATE_HIDDEN
W/ContextImpl( 2329): Calling a method in the system process without a qualified user: android.app.ContextImpl.sendBroadcast:1501 com.android.server.InputMethodManagerService$4.run:2692 java.lang.Thread.run:841 <bottom of call stack> <bottom of call stack> 
W/ActivityManager( 2329): mDVFSHelper.release()
D/SSRMv2:SIOP( 2329): SIOP:: AP = 340, Delta = -10
D/PowerManagerService( 2329): [api] release WakeLock flags=0x10000006 tag=PowerUI uid=10030 pid=2498 (0x0)
D/UsbSettingsManager( 2329): requestPermission:/dev/bus/usb/001/004 ,pi PendingIntent{22206ab0: PendingIntentRecord{21daa690 com.example.android.videoplayersample broadcastIntent}}
D/UsbSettingsManager( 2329): Request Permission for Device vendorId: 10862, productId: 32771, package: com.example.android.videoplayersample
D/UsbSettingsManager( 2329): hasPermission++
D/UsbSettingsManager( 2329): hasPermission: UsbDevice[mName=/dev/bus/usb/001/004,mVendorId=10862,mProductId=32771,mClass=239,mSubclass=2,mProtocol=1,mInterfaces=[Landroid.os.Parcelable;@2252ab10]for null
D/UsbSettingsManager( 2329): requestPermission:/dev/bus/usb/001/004 hasn't permissions, request it
D/UsbSettingsManager( 2329): requestPermissionDialog: for com.example.android.videoplayersample
D/UsbSettingsManager( 2329): requestPermissionDialog: startActivityAsUser UsbPermissionActivity com.example.android.videoplayersample intent Intent { flg=0x10000000 cmp=com.android.systemui/.usb.UsbPermissionActivity (has extras) } mUserUserHandle{0}
W/ActivityManager( 2329): mDVFSHelper.acquire()
D/StatusBarManagerService( 2329): semi p:2498,o:f
D/STATUSBAR-StatusBarManagerService( 2329): manageDisableList what=0x0 pkg=WindowManager.LayoutParams
W/ActivityManager( 2329): mDVFSHelper.release()
I/ActivityManager( 2329): Waited long enough for: ServiceRecord{22430260 u0 com.google.android.music/com.google.android.wearable.datatransfer.DataSyncService}
W/ActivityManager( 2329): mDVFSHelper.acquire()
D/StatusBarManagerService( 2329): semi p:8265,o:f
D/STATUSBAR-StatusBarManagerService( 2329): manageDisableList what=0x0 pkg=WindowManager.LayoutParams
W/ActivityManager( 2329): mDVFSHelper.release()
W/InputMethodManagerService( 2329): Window already focused, ignoring focus gain of: com.android.internal.view.IInputMethodClient$Stub$Proxy@22525b40 attribute=null, token = android.os.BinderProxy@2252af30
D/UsbSettingsManager( 2329): grantDevicePermission: UsbDevice[mName=/dev/bus/usb/001/004,mVendorId=10862,mProductId=32771,mClass=239,mSubclass=2,mProtocol=1,mInterfaces=[Landroid.os.Parcelable;@2244e108] for 10168
D/UsbSettingsManager( 2329): grantDevicePermission: mDevicePermissionMap put UsbDevice[mName=/dev/bus/usb/001/004,mVendorId=10862,mProductId=32771,mClass=239,mSubclass=2,mProtocol=1,mInterfaces=[Landroid.os.Parcelable;@2244e108] for {}
D/UsbSettingsManager( 2329): setDevicePackage: /dev/bus/usb/001/004 for com.example.android.videoplayersample
V/UsbSettingsManager( 2329): writeSettingsLocked: /data/system/users/0/usb_device_manager.xml
D/UsbSettingsManager( 2329): checkPermission: /dev/bus/usb/001/004
D/UsbSettingsManager( 2329): hasPermission++
D/UsbSettingsManager( 2329): hasPermission: UsbDevice[mName=/dev/bus/usb/001/004,mVendorId=10862,mProductId=32771,mClass=239,mSubclass=2,mProtocol=1,mInterfaces=[Landroid.hardware.usb.UsbInterface;@224c84e8]for {10168=true}
V/AlarmManager( 2329): waitForAlarm result :8
W/ActivityManager( 2329): mDVFSHelper.acquire()
W/ContextImpl( 2329): Calling a method in the system process without a qualified user: android.app.ContextImpl.sendBroadcast:1501 com.android.internal.policy.impl.PhoneWindowManager.notifyToSSRM:6304 com.android.internal.policy.impl.PhoneWindowManager.access$200:195 com.android.internal.policy.impl.PhoneWindowManager$PolicyHandler.handleMessage:766 android.os.Handler.dispatchMessage:102 
D/SSRMv2:TSP:AirViewOnOff( 2329): SettingsAirViewInfo:: 000000000
W/ActivityManager( 2329): Permission Denial: getCurrentUser() from pid=8265, uid=10168 requires android.permission.INTERACT_ACROSS_USERS
D/StatusBarManagerService( 2329): tr p:8265,o:f
E/AndroidRuntime( 8265): FATAL EXCEPTION: main
E/AndroidRuntime( 8265): Process: com.example.android.videoplayersample, PID: 8265
E/AndroidRuntime( 8265): java.lang.RuntimeException: Unable to start activity ComponentInfo{com.example.android.videoplayersample/com.example.android.videoplayersample.VideoActivity}: java.lang.IllegalArgumentException: MediaButtonReceiver component may not be null.
E/AndroidRuntime( 8265): 	at android.app.ActivityThread.performLaunchActivity(ActivityThread.java:2404)
E/AndroidRuntime( 8265): 	at android.app.ActivityThread.handleLaunchActivity(ActivityThread.java:2464)
E/AndroidRuntime( 8265): 	at android.app.ActivityThread.access$900(ActivityThread.java:172)
E/AndroidRuntime( 8265): 	at android.app.ActivityThread$H.handleMessage(ActivityThread.java:1308)
E/AndroidRuntime( 8265): 	at android.os.Handler.dispatchMessage(Handler.java:102)
E/AndroidRuntime( 8265): 	at android.os.Looper.loop(Looper.java:146)
E/AndroidRuntime( 8265): 	at android.app.ActivityThread.main(ActivityThread.java:5653)
E/AndroidRuntime( 8265): 	at java.lang.reflect.Method.invokeNative(Native Method)
E/AndroidRuntime( 8265): 	at java.lang.reflect.Method.invoke(Method.java:515)
E/AndroidRuntime( 8265): 	at com.android.internal.os.ZygoteInit$MethodAndArgsCaller.run(ZygoteInit.java:1291)
E/AndroidRuntime( 8265): 	at com.android.internal.os.ZygoteInit.main(ZygoteInit.java:1107)
E/AndroidRuntime( 8265): 	at dalvik.system.NativeStart.main(Native Method)
E/AndroidRuntime( 8265): Caused by: java.lang.IllegalArgumentException: MediaButtonReceiver component may not be null.
E/AndroidRuntime( 8265): 	at android.support.v4.media.session.MediaSessionCompat$MediaSessionImplBase.<init>(MediaSessionCompat.java:1825)
E/AndroidRuntime( 8265): 	at android.support.v4.media.session.MediaSessionCompat$MediaSessionImplApi18.<init>(MediaSessionCompat.java:2979)
E/AndroidRuntime( 8265): 	at android.support.v4.media.session.MediaSessionCompat$MediaSessionImplApi19.<init>(MediaSessionCompat.java:3062)
E/AndroidRuntime( 8265): 	at android.support.v4.media.session.MediaSessionCompat.<init>(MediaSessionCompat.java:400)
E/AndroidRuntime( 8265): 	at android.support.v4.media.session.MediaSessionCompat.<init>(MediaSessionCompat.java:346)
E/AndroidRuntime( 8265): 	at com.example.android.videoplayersample.VideoActivity.createMediaSession(VideoActivity.kt:82)
E/AndroidRuntime( 8265): 	at com.example.android.videoplayersample.VideoActivity.onCreate(VideoActivity.kt:57)
E/AndroidRuntime( 8265): 	at android.app.Activity.performCreate(Activity.java:5541)
E/AndroidRuntime( 8265): 	at android.app.Instrumentation.callActivityOnCreate(Instrumentation.java:1093)
E/AndroidRuntime( 8265): 	at android.app.ActivityThread.performLaunchActivity(ActivityThread.java:2368)
E/AndroidRuntime( 8265): 	... 11 more
W/ActivityManager( 2329):   Force finishing activity com.example.android.videoplayersample/.VideoActivity
W/ActivityManager( 2329):   Force finishing activity com.example.android.videoplayersample/.MainActivity
D/STATUSBAR-StatusBarManagerService( 2329): manageDisableList what=0x0 pkg=WindowManager.LayoutParams
W/ContextImpl( 2329): Calling a method in the system process without a qualified user: android.app.ContextImpl.sendBroadcast:1515 com.android.server.analytics.data.collection.application.CrashAnrDetector.broadcastEvent:296 com.android.server.analytics.data.collection.application.CrashAnrDetector.processDropBoxEntry:254 com.android.server.analytics.data.collection.application.CrashAnrDetector.access$100:60 com.android.server.analytics.data.collection.application.CrashAnrDetector$1.onReceive:102 
D/StatusBarManagerService( 2329): semi p:2725,o:f
D/StatusBarManagerService( 2329): tr p:2725,o:f
D/BarController.StatusBar( 2329): mState: WINDOW_STATE_SHOWING
D/STATUSBAR-StatusBarManagerService( 2329): manageDisableList what=0x0 pkg=WindowManager.LayoutParams
I/ActivityManager( 2329): Killing 7332:com.samsung.groupcast/u0a25 (adj 15): empty #31
W/ActivityManager( 2329): mDVFSHelper.release()
D/SSRMv2:SIOP( 2329): SIOP:: AP = 350, Delta = 10
D/STATUSBAR-StatusBarManagerService( 2329): manageDisableList what=0x0 pkg=WindowManager.LayoutParams
D/StatusBarManagerService( 2329): tr p:2725,o:f
W/ContextImpl( 2329): Calling a method in the system process without a qualified user: android.app.ContextImpl.sendBroadcast:1501 com.android.server.InputMethodManagerService$4.run:2692 java.lang.Thread.run:841 <bottom of call stack> <bottom of call stack> 
I/WindowState( 2329): WIN DEATH: Window{221f3238 u0 com.example.android.videoplayersample/com.example.android.videoplayersample.MainActivity}
I/ActivityManager( 2329): Process com.example.android.videoplayersample (pid 8265) (adj 9) has died.
D/RecentTasksLoader( 2498): preloadRecentTasksList
D/STATUSBAR-RecentTasksLoader( 2498): loadTasksInBackground() mstate:CANCELLED
D/STATUSBAR-RecentTasksLoader( 2498): loadThumbnailsAndIconsInBackground()
D/STATUSBAR-RecentTasksLoader( 2498): loadTasksInBackground -doInBackground()
D/STATUSBAR-RecentTasksLoader( 2498): loadThumbnailsAndIconsInBackground-doInBackground()
D/STATUSBAR-RecentTasksLoader( 2498):     recentTasks.size():2
D/STATUSBAR-RecentTasksLoader( 2498): loadTasksInBackground-onProgressUpdate()
D/STATUSBAR-RecentTasksLoader( 2498):  error - mRecentsPanel == null
D/STATUSBAR-RecentTasksLoader( 2498): loadTasksInBackground-onProgressUpdate()
D/STATUSBAR-RecentTasksLoader( 2498):  error - mRecentsPanel == null
D/STATUSBAR-RecentTasksLoader( 2498): loadThumbnailsAndIconsInBackground-onProgressUpdate()
D/STATUSBAR-RecentTasksLoader( 2498):     !isCancelled()
D/STATUSBAR-RecentTasksLoader( 2498): loadThumbnailsAndIconsInBackground-onProgressUpdate()
D/STATUSBAR-RecentTasksLoader( 2498):     !isCancelled()
D/STATUSBAR-RecentTasksLoader( 2498): mState = State.LOADED
D/BatteryService( 2329): level:15, scale:100, status:3, health:2, present:true, voltage: 3241, temperature: 396, technology: Li-ion, AC powered:false, USB powered:false, Wireless powered:false, icon:17303550, invalid charger:0, online:1, current avg:-1134, charge type:0, power sharing:false
D/BatteryService( 2329): Sending ACTION_BATTERY_CHANGED.
D/STATUSBAR-PhoneStatusBar( 2498):  mBrightnessEnablebySettings = true mBrightnessEnablebyBattery = true mBrightnessEnablebyDisableFlag = true mPmsBrightnessEnablebySettings = true
D/BatteryMeterView( 2498): ACTION_BATTERY_CHANGED : level:15 status:3 health:2
D/STATUSBAR-IconMerger( 2498): checkOverflow(1120), More:false, Req:false Child:3
D/PowerManagerService( 2329): [api] userActivityFromNative : 30 (event: 1 flags: 0) eventTime = 760308
D/VoIPInterfaceManager( 2329): isVoIPRinging()...
D/VoIPInterfaceManager( 2329): isVoIPRunningAndDeregi()...
D/VoIPInterfaceManager( 2329): Not exist call session
V/VibratorService( 2329): hasVibrator - useVibetonz: false
W/ActivityManager( 2329): mDVFSHelper.acquire()
D/StatusBarManagerService( 2329): tr p:2725,o:f
D/STATUSBAR-AirplaneModeQuickSettingButton( 2498): onReceive : android.intent.action.CLOSE_SYSTEM_DIALOGS
D/STATUSBAR-RecentsPanel( 2498): onCreate()
D/StatusBarManagerService( 2329): tr p:2498,o:f
D/STATUSBAR-RecentsPanelView( 2498): onFinishInflate()
D/STATUSBAR-RecentsPanel( 2498): PrivateMode  initState(false)
D/STATUSBAR-RecentsPanel( 2498): handleIntent(): com.android.systemui.recent.action.TOGGLE_RECENTS
D/STATUSBAR-RecentsPanelView( 2498): refreshRecentTasksList()
D/STATUSBAR-RecentsPanelView( 2498): onTasksLoaded()
D/RecentsPanelView( 2498): show: true
D/STATUSBAR-RecentsPanel( 2498): onStart()
D/STATUSBAR-RecentsPanelView( 2498): refreshRecentTasksList()
D/STATUSBAR-RecentTasksLoader( 2498): loadTasksInBackground() mstate:LOADED
D/STATUSBAR-RecentTasksLoader( 2498):     return (mState != State.CANCELLED)
D/STATUSBAR-RecentsPanelView( 2498): updateUiElements items:1 Showing:true
D/RecentsPanelView( 2498): show: true
D/STATUSBAR-RecentsPanel( 2498): onResume()
D/StatusBarManagerService( 2329): semi p:2498,o:f
D/STATUSBAR-AirplaneModeQuickSettingButton( 2498): onReceive : android.intent.action.CLOSE_SYSTEM_DIALOGS
D/STATUSBAR-AirplaneModeQuickSettingButton( 2498): onReceive : android.intent.action.CLOSE_SYSTEM_DIALOGS
D/STATUSBAR-RecentsPanel( 2498): onReceive(Intent { act=android.intent.action.CLOSE_SYSTEM_DIALOGS flg=0x50000010 (has extras) })
D/RecentsPanel( 2498): reason : recentapps
D/STATUSBAR-StatusBarManagerService( 2329): manageDisableList what=0x0 pkg=WindowManager.LayoutParams
W/ContextImpl( 2329): Calling a method in the system process without a qualified user: android.app.ContextImpl.sendBroadcast:1501 com.android.server.InputMethodManagerService$4.run:2692 java.lang.Thread.run:841 <bottom of call stack> <bottom of call stack> 
D/STATUSBAR-StatusBarManagerService( 2329): manageDisableList what=0x0 pkg=WindowManager.LayoutParams
W/ActivityManager( 2329): mDVFSHelper.release()
D/RecentsPanelView( 2498): show: false
W/ActivityManager( 2329): mDVFSHelper.acquire()
D/StatusBarManagerService( 2329): tr p:2329,o:f
D/STATUSBAR-RecentsPanel( 2498): dismissAndGoHome()
D/RecentsPanelView( 2498): show: false
D/STATUSBAR-RecentsPanel( 2498): onPause()
D/BarController.StatusBar( 2329): mState: WINDOW_STATE_HIDING
D/STATUSBAR-StatusBarManagerService( 2329): manageDisableList what=0x0 pkg=WindowManager.LayoutParams
W/ContextImpl( 2329): Calling a method in the system process without a qualified user: android.app.ContextImpl.sendBroadcast:1501 com.android.internal.policy.impl.PhoneWindowManager.notifyToSSRM:6304 com.android.internal.policy.impl.PhoneWindowManager.access$200:195 com.android.internal.policy.impl.PhoneWindowManager$PolicyHandler.handleMessage:766 android.os.Handler.dispatchMessage:102 
D/SSRMv2:TSP:AirViewOnOff( 2329): SettingsAirViewInfo:: 000000000
D/STATUSBAR-RecentsPanel( 2498): onReceive(Intent { act=com.android.systemui.recent.action.CLOSE flg=0x10 pkg=com.android.systemui })
W/ActivityManager( 2329): Permission Denial: getCurrentUser() from pid=8532, uid=10168 requires android.permission.INTERACT_ACROSS_USERS
W/ActivityManager( 2329): Permission Denial: getCurrentUser() from pid=8532, uid=10168 requires android.permission.INTERACT_ACROSS_USERS
D/StatusBarManagerService( 2329): tr p:8532,o:f
D/StatusBarManagerService( 2329): semi p:8532,o:f
W/ContextImpl( 2329): Calling a method in the system process without a qualified user: android.app.ContextImpl.sendBroadcast:1501 com.android.server.InputMethodManagerService$4.run:2692 java.lang.Thread.run:841 <bottom of call stack> <bottom of call stack> 
W/ActivityManager( 2329): mDVFSHelper.release()
D/STATUSBAR-RecentsPanel( 2498): onStop()
D/STATUSBAR-RecentsPanelView( 2498): onUiHidden() - mShowing:false, mRecentTaskDescriptions != null:true
D/STATUSBAR-RecentsPanelView( 2498): clearRecentTasksList()
D/STATUSBAR-RecentTasksLoader( 2498): cancelLoadingThumbnailsAndIcons()
D/STATUSBAR-RecentTasksLoader( 2498): mTaskLoader.cancel()
D/STATUSBAR-RecentTasksLoader( 2498): mThumbnailLoader.cancel()
D/STATUSBAR-RecentTasksLoader( 2498):  - mRecentsPanel.onTaskLoadingCancelled()
D/STATUSBAR-RecentsPanelView( 2498): onTaskLoadingCancelled()
D/STATUSBAR-RecentTasksLoader( 2498):  - mRecentsPanel.dismiss()
D/RecentsPanelView( 2498): show: false
D/STATUSBAR-RecentsPanelView( 2498): onTaskLoadingCancelled()
D/STATUSBAR-RecentsPanel( 2498): onDestroy()
D/BarController.StatusBar( 2329): mState: WINDOW_STATE_HIDDEN
D/SSRMv2:SIOP( 2329): SIOP:: AP = 350, Delta = 0
D/UsbSettingsManager( 2329): requestPermission:/dev/bus/usb/001/004 ,pi PendingIntent{21ca1da8: PendingIntentRecord{21daa690 com.example.android.videoplayersample broadcastIntent}}
D/UsbSettingsManager( 2329): Request Permission for Device vendorId: 10862, productId: 32771, package: com.example.android.videoplayersample
D/UsbSettingsManager( 2329): hasPermission++
D/UsbSettingsManager( 2329): hasPermission: UsbDevice[mName=/dev/bus/usb/001/004,mVendorId=10862,mProductId=32771,mClass=239,mSubclass=2,mProtocol=1,mInterfaces=[Landroid.os.Parcelable;@224a4b90]for {10168=true}
D/UsbSettingsManager( 2329): requestPermission:/dev/bus/usb/001/004 has permissions
D/UsbSettingsManager( 2329): checkPermission: /dev/bus/usb/001/004
D/UsbSettingsManager( 2329): hasPermission++
D/UsbSettingsManager( 2329): hasPermission: UsbDevice[mName=/dev/bus/usb/001/004,mVendorId=10862,mProductId=32771,mClass=239,mSubclass=2,mProtocol=1,mInterfaces=[Landroid.hardware.usb.UsbInterface;@224c84e8]for {10168=true}
W/ActivityManager( 2329): mDVFSHelper.acquire()
W/ContextImpl( 2329): Calling a method in the system process without a qualified user: android.app.ContextImpl.sendBroadcast:1501 com.android.internal.policy.impl.PhoneWindowManager.notifyToSSRM:6304 com.android.internal.policy.impl.PhoneWindowManager.access$200:195 com.android.internal.policy.impl.PhoneWindowManager$PolicyHandler.handleMessage:766 android.os.Handler.dispatchMessage:102 
D/SSRMv2:TSP:AirViewOnOff( 2329): SettingsAirViewInfo:: 000000000
W/ActivityManager( 2329): Permission Denial: getCurrentUser() from pid=8532, uid=10168 requires android.permission.INTERACT_ACROSS_USERS
D/StatusBarManagerService( 2329): tr p:8532,o:f
E/AndroidRuntime( 8532): FATAL EXCEPTION: main
E/AndroidRuntime( 8532): Process: com.example.android.videoplayersample, PID: 8532
E/AndroidRuntime( 8532): java.lang.RuntimeException: Unable to start activity ComponentInfo{com.example.android.videoplayersample/com.example.android.videoplayersample.VideoActivity}: java.lang.IllegalArgumentException: MediaButtonReceiver component may not be null.
E/AndroidRuntime( 8532): 	at android.app.ActivityThread.performLaunchActivity(ActivityThread.java:2404)
E/AndroidRuntime( 8532): 	at android.app.ActivityThread.handleLaunchActivity(ActivityThread.java:2464)
E/AndroidRuntime( 8532): 	at android.app.ActivityThread.access$900(ActivityThread.java:172)
E/AndroidRuntime( 8532): 	at android.app.ActivityThread$H.handleMessage(ActivityThread.java:1308)
E/AndroidRuntime( 8532): 	at android.os.Handler.dispatchMessage(Handler.java:102)
E/AndroidRuntime( 8532): 	at android.os.Looper.loop(Looper.java:146)
E/AndroidRuntime( 8532): 	at android.app.ActivityThread.main(ActivityThread.java:5653)
E/AndroidRuntime( 8532): 	at java.lang.reflect.Method.invokeNative(Native Method)
E/AndroidRuntime( 8532): 	at java.lang.reflect.Method.invoke(Method.java:515)
E/AndroidRuntime( 8532): 	at com.android.internal.os.ZygoteInit$MethodAndArgsCaller.run(ZygoteInit.java:1291)
E/AndroidRuntime( 8532): 	at com.android.internal.os.ZygoteInit.main(ZygoteInit.java:1107)
E/AndroidRuntime( 8532): 	at dalvik.system.NativeStart.main(Native Method)
E/AndroidRuntime( 8532): Caused by: java.lang.IllegalArgumentException: MediaButtonReceiver component may not be null.
E/AndroidRuntime( 8532): 	at android.support.v4.media.session.MediaSessionCompat$MediaSessionImplBase.<init>(MediaSessionCompat.java:1825)
E/AndroidRuntime( 8532): 	at android.support.v4.media.session.MediaSessionCompat$MediaSessionImplApi18.<init>(MediaSessionCompat.java:2979)
E/AndroidRuntime( 8532): 	at android.support.v4.media.session.MediaSessionCompat$MediaSessionImplApi19.<init>(MediaSessionCompat.java:3062)
E/AndroidRuntime( 8532): 	at android.support.v4.media.session.MediaSessionCompat.<init>(MediaSessionCompat.java:400)
E/AndroidRuntime( 8532): 	at android.support.v4.media.session.MediaSessionCompat.<init>(MediaSessionCompat.java:346)
E/AndroidRuntime( 8532): 	at com.example.android.videoplayersample.VideoActivity.createMediaSession(VideoActivity.kt:82)
E/AndroidRuntime( 8532): 	at com.example.android.videoplayersample.VideoActivity.onCreate(VideoActivity.kt:57)
E/AndroidRuntime( 8532): 	at android.app.Activity.performCreate(Activity.java:5541)
E/AndroidRuntime( 8532): 	at android.app.Instrumentation.callActivityOnCreate(Instrumentation.java:1093)
E/AndroidRuntime( 8532): 	at android.app.ActivityThread.performLaunchActivity(ActivityThread.java:2368)
E/AndroidRuntime( 8532): 	... 11 more
W/ActivityManager( 2329):   Force finishing activity com.example.android.videoplayersample/.VideoActivity
W/ActivityManager( 2329):   Force finishing activity com.example.android.videoplayersample/.MainActivity
D/STATUSBAR-StatusBarManagerService( 2329): manageDisableList what=0x0 pkg=WindowManager.LayoutParams
W/ContextImpl( 2329): Calling a method in the system process without a qualified user: android.app.ContextImpl.sendBroadcast:1515 com.android.server.analytics.data.collection.application.CrashAnrDetector.broadcastEvent:296 com.android.server.analytics.data.collection.application.CrashAnrDetector.processDropBoxEntry:254 com.android.server.analytics.data.collection.application.CrashAnrDetector.access$100:60 com.android.server.analytics.data.collection.application.CrashAnrDetector$1.onReceive:102 
W/ActivityManager( 2329): mDVFSHelper.release()
W/ActivityManager( 2329): mDVFSHelper.acquire()
D/StatusBarManagerService( 2329): semi p:2725,o:f
D/StatusBarManagerService( 2329): tr p:2725,o:f
D/BarController.StatusBar( 2329): mState: WINDOW_STATE_SHOWING
D/STATUSBAR-StatusBarManagerService( 2329): manageDisableList what=0x0 pkg=WindowManager.LayoutParams
W/ActivityManager( 2329): mDVFSHelper.release()
D/STATUSBAR-StatusBarManagerService( 2329): manageDisableList what=0x0 pkg=WindowManager.LayoutParams
D/StatusBarManagerService( 2329): tr p:2725,o:f
W/ContextImpl( 2329): Calling a method in the system process without a qualified user: android.app.ContextImpl.sendBroadcast:1501 com.android.server.InputMethodManagerService$4.run:2692 java.lang.Thread.run:841 <bottom of call stack> <bottom of call stack> 
I/ActivityManager( 2329): Process com.example.android.videoplayersample (pid 8532) (adj 9) has died.
I/WindowState( 2329): WIN DEATH: Window{221d61d8 u0 com.example.android.videoplayersample/com.example.android.videoplayersample.MainActivity}
D/RecentTasksLoader( 2498): preloadRecentTasksList
D/STATUSBAR-RecentTasksLoader( 2498): loadTasksInBackground() mstate:CANCELLED
D/STATUSBAR-RecentTasksLoader( 2498): loadThumbnailsAndIconsInBackground()
D/STATUSBAR-RecentTasksLoader( 2498): loadTasksInBackground -doInBackground()
D/STATUSBAR-RecentTasksLoader( 2498): loadThumbnailsAndIconsInBackground-doInBackground()
D/STATUSBAR-RecentTasksLoader( 2498):     recentTasks.size():2
D/STATUSBAR-RecentTasksLoader( 2498): loadTasksInBackground-onProgressUpdate()
D/STATUSBAR-RecentTasksLoader( 2498):  error - mRecentsPanel == null
D/STATUSBAR-RecentTasksLoader( 2498): loadTasksInBackground-onProgressUpdate()
D/STATUSBAR-RecentTasksLoader( 2498):  error - mRecentsPanel == null
D/STATUSBAR-RecentTasksLoader( 2498): loadThumbnailsAndIconsInBackground-onProgressUpdate()
D/STATUSBAR-RecentTasksLoader( 2498):     !isCancelled()
D/STATUSBAR-RecentTasksLoader( 2498): loadThumbnailsAndIconsInBackground-onProgressUpdate()
D/STATUSBAR-RecentTasksLoader( 2498):     !isCancelled()
D/STATUSBAR-RecentTasksLoader( 2498): mState = State.LOADED
D/VoIPInterfaceManager( 2329): isVoIPRinging()...
D/VoIPInterfaceManager( 2329): isVoIPRunningAndDeregi()...
D/VoIPInterfaceManager( 2329): Not exist call session
V/VibratorService( 2329): hasVibrator - useVibetonz: false
W/ActivityManager( 2329): mDVFSHelper.acquire()
D/StatusBarManagerService( 2329): tr p:2725,o:f
D/STATUSBAR-AirplaneModeQuickSettingButton( 2498): onReceive : android.intent.action.CLOSE_SYSTEM_DIALOGS
D/STATUSBAR-RecentsPanel( 2498): onCreate()
D/StatusBarManagerService( 2329): tr p:2498,o:f
D/STATUSBAR-RecentsPanelView( 2498): onFinishInflate()
D/STATUSBAR-RecentsPanel( 2498): PrivateMode  initState(false)
D/STATUSBAR-RecentsPanel( 2498): handleIntent(): com.android.systemui.recent.action.TOGGLE_RECENTS
D/STATUSBAR-RecentsPanelView( 2498): refreshRecentTasksList()
D/STATUSBAR-RecentsPanelView( 2498): onTasksLoaded()
D/RecentsPanelView( 2498): show: true
D/STATUSBAR-RecentsPanel( 2498): onStart()
D/STATUSBAR-RecentsPanelView( 2498): refreshRecentTasksList()
D/STATUSBAR-RecentTasksLoader( 2498): loadTasksInBackground() mstate:LOADED
D/STATUSBAR-RecentTasksLoader( 2498):     return (mState != State.CANCELLED)
D/STATUSBAR-RecentsPanelView( 2498): updateUiElements items:1 Showing:true
D/RecentsPanelView( 2498): show: true
D/STATUSBAR-RecentsPanel( 2498): onResume()
D/StatusBarManagerService( 2329): semi p:2498,o:f
D/STATUSBAR-AirplaneModeQuickSettingButton( 2498): onReceive : android.intent.action.CLOSE_SYSTEM_DIALOGS
D/STATUSBAR-AirplaneModeQuickSettingButton( 2498): onReceive : android.intent.action.CLOSE_SYSTEM_DIALOGS
D/STATUSBAR-RecentsPanel( 2498): onReceive(Intent { act=android.intent.action.CLOSE_SYSTEM_DIALOGS flg=0x50000010 (has extras) })
D/RecentsPanel( 2498): reason : recentapps
D/STATUSBAR-StatusBarManagerService( 2329): manageDisableList what=0x0 pkg=WindowManager.LayoutParams
W/ContextImpl( 2329): Calling a method in the system process without a qualified user: android.app.ContextImpl.sendBroadcast:1501 com.android.server.InputMethodManagerService$4.run:2692 java.lang.Thread.run:841 <bottom of call stack> <bottom of call stack> 
D/STATUSBAR-StatusBarManagerService( 2329): manageDisableList what=0x0 pkg=WindowManager.LayoutParams
W/ActivityManager( 2329): mDVFSHelper.release()
D/STATUSBAR-RecentsPanel( 2498): dismissAndGoBack()
D/RecentsPanelView( 2498): show: false
D/STATUSBAR-RecentsPanel( 2498): onPause()
W/ActivityManager( 2329): mDVFSHelper.acquire()
D/StatusBarManagerService( 2329): semi p:2725,o:f
D/StatusBarManagerService( 2329): tr p:2725,o:f
D/STATUSBAR-StatusBarManagerService( 2329): manageDisableList what=0x0 pkg=WindowManager.LayoutParams
D/StatusBarManagerService( 2329): tr p:2725,o:f
W/ContextImpl( 2329): Calling a method in the system process without a qualified user: android.app.ContextImpl.sendBroadcast:1501 com.android.server.InputMethodManagerService$4.run:2692 java.lang.Thread.run:841 <bottom of call stack> <bottom of call stack> 
D/STATUSBAR-StatusBarManagerService( 2329): manageDisableList what=0x0 pkg=WindowManager.LayoutParams
W/ActivityManager( 2329): mDVFSHelper.release()
D/STATUSBAR-RecentsPanel( 2498): onStop()
D/STATUSBAR-RecentsPanelView( 2498): onUiHidden() - mShowing:false, mRecentTaskDescriptions != null:true
D/STATUSBAR-RecentsPanelView( 2498): clearRecentTasksList()
D/STATUSBAR-RecentTasksLoader( 2498): cancelLoadingThumbnailsAndIcons()
D/STATUSBAR-RecentTasksLoader( 2498): mTaskLoader.cancel()
D/STATUSBAR-RecentTasksLoader( 2498): mThumbnailLoader.cancel()
D/STATUSBAR-RecentTasksLoader( 2498):  - mRecentsPanel.onTaskLoadingCancelled()
D/STATUSBAR-RecentsPanelView( 2498): onTaskLoadingCancelled()
D/STATUSBAR-RecentTasksLoader( 2498):  - mRecentsPanel.dismiss()
D/RecentsPanelView( 2498): show: false
D/STATUSBAR-RecentsPanelView( 2498): onTaskLoadingCancelled()
D/STATUSBAR-RecentsPanel( 2498): onDestroy()
E/Watchdog( 2329): !@Sync 25
D/SSRMv2:SIOP( 2329): SIOP:: AP = 350, Delta = 0
W/ActivityManager( 2329): mDVFSHelper.acquire()
D/StatusBarManagerService( 2329): tr p:2329,o:f
D/StatusBarManagerService( 2329): tr p:2725,o:f
D/BarController.StatusBar( 2329): mState: WINDOW_STATE_HIDING
D/STATUSBAR-StatusBarManagerService( 2329): manageDisableList what=0x0 pkg=WindowManager.LayoutParams
W/ContextImpl( 2329): Calling a method in the system process without a qualified user: android.app.ContextImpl.sendBroadcast:1501 com.android.internal.policy.impl.PhoneWindowManager.notifyToSSRM:6304 com.android.internal.policy.impl.PhoneWindowManager.access$200:195 com.android.internal.policy.impl.PhoneWindowManager$PolicyHandler.handleMessage:766 android.os.Handler.dispatchMessage:102 
D/SSRMv2:TSP:AirViewOnOff( 2329): SettingsAirViewInfo:: 000000000
W/ActivityManager( 2329): Permission Denial: getCurrentUser() from pid=8695, uid=10168 requires android.permission.INTERACT_ACROSS_USERS
W/ActivityManager( 2329): Permission Denial: getCurrentUser() from pid=8695, uid=10168 requires android.permission.INTERACT_ACROSS_USERS
D/StatusBarManagerService( 2329): tr p:8695,o:f
D/StatusBarManagerService( 2329): semi p:8695,o:f
W/ContextImpl( 2329): Calling a method in the system process without a qualified user: android.app.ContextImpl.sendBroadcast:1501 com.android.server.InputMethodManagerService$4.run:2692 java.lang.Thread.run:841 <bottom of call stack> <bottom of call stack> 
D/BarController.StatusBar( 2329): mState: WINDOW_STATE_HIDDEN
W/ActivityManager( 2329): mDVFSHelper.release()
D/UsbSettingsManager( 2329): requestPermission:/dev/bus/usb/001/004 ,pi PendingIntent{22206b28: PendingIntentRecord{21daa690 com.example.android.videoplayersample broadcastIntent}}
D/UsbSettingsManager( 2329): Request Permission for Device vendorId: 10862, productId: 32771, package: com.example.android.videoplayersample
D/UsbSettingsManager( 2329): hasPermission++
D/UsbSettingsManager( 2329): hasPermission: UsbDevice[mName=/dev/bus/usb/001/004,mVendorId=10862,mProductId=32771,mClass=239,mSubclass=2,mProtocol=1,mInterfaces=[Landroid.os.Parcelable;@2252acc0]for {10168=true}
D/UsbSettingsManager( 2329): requestPermission:/dev/bus/usb/001/004 has permissions
D/UsbSettingsManager( 2329): checkPermission: /dev/bus/usb/001/004
D/UsbSettingsManager( 2329): hasPermission++
D/UsbSettingsManager( 2329): hasPermission: UsbDevice[mName=/dev/bus/usb/001/004,mVendorId=10862,mProductId=32771,mClass=239,mSubclass=2,mProtocol=1,mInterfaces=[Landroid.hardware.usb.UsbInterface;@224c84e8]for {10168=true}
D/SSRMv2:SIOP( 2329): SIOP:: AP = 350, Delta = 0
W/ActivityManager( 2329): mDVFSHelper.acquire()
W/ContextImpl( 2329): Calling a method in the system process without a qualified user: android.app.ContextImpl.sendBroadcast:1501 com.android.internal.policy.impl.PhoneWindowManager.notifyToSSRM:6304 com.android.internal.policy.impl.PhoneWindowManager.access$200:195 com.android.internal.policy.impl.PhoneWindowManager$PolicyHandler.handleMessage:766 android.os.Handler.dispatchMessage:102 
D/SSRMv2:TSP:AirViewOnOff( 2329): SettingsAirViewInfo:: 000000000
W/ActivityManager( 2329): Permission Denial: getCurrentUser() from pid=8695, uid=10168 requires android.permission.INTERACT_ACROSS_USERS
D/StatusBarManagerService( 2329): tr p:8695,o:f
E/AndroidRuntime( 8695): FATAL EXCEPTION: main
E/AndroidRuntime( 8695): Process: com.example.android.videoplayersample, PID: 8695
E/AndroidRuntime( 8695): java.lang.RuntimeException: Unable to start activity ComponentInfo{com.example.android.videoplayersample/com.example.android.videoplayersample.VideoActivity}: java.lang.IllegalArgumentException: MediaButtonReceiver component may not be null.
E/AndroidRuntime( 8695): 	at android.app.ActivityThread.performLaunchActivity(ActivityThread.java:2404)
E/AndroidRuntime( 8695): 	at android.app.ActivityThread.handleLaunchActivity(ActivityThread.java:2464)
E/AndroidRuntime( 8695): 	at android.app.ActivityThread.access$900(ActivityThread.java:172)
E/AndroidRuntime( 8695): 	at android.app.ActivityThread$H.handleMessage(ActivityThread.java:1308)
E/AndroidRuntime( 8695): 	at android.os.Handler.dispatchMessage(Handler.java:102)
E/AndroidRuntime( 8695): 	at android.os.Looper.loop(Looper.java:146)
E/AndroidRuntime( 8695): 	at android.app.ActivityThread.main(ActivityThread.java:5653)
E/AndroidRuntime( 8695): 	at java.lang.reflect.Method.invokeNative(Native Method)
E/AndroidRuntime( 8695): 	at java.lang.reflect.Method.invoke(Method.java:515)
E/AndroidRuntime( 8695): 	at com.android.internal.os.ZygoteInit$MethodAndArgsCaller.run(ZygoteInit.java:1291)
E/AndroidRuntime( 8695): 	at com.android.internal.os.ZygoteInit.main(ZygoteInit.java:1107)
E/AndroidRuntime( 8695): 	at dalvik.system.NativeStart.main(Native Method)
E/AndroidRuntime( 8695): Caused by: java.lang.IllegalArgumentException: MediaButtonReceiver component may not be null.
E/AndroidRuntime( 8695): 	at android.support.v4.media.session.MediaSessionCompat$MediaSessionImplBase.<init>(MediaSessionCompat.java:1825)
E/AndroidRuntime( 8695): 	at android.support.v4.media.session.MediaSessionCompat$MediaSessionImplApi18.<init>(MediaSessionCompat.java:2979)
E/AndroidRuntime( 8695): 	at android.support.v4.media.session.MediaSessionCompat$MediaSessionImplApi19.<init>(MediaSessionCompat.java:3062)
E/AndroidRuntime( 8695): 	at android.support.v4.media.session.MediaSessionCompat.<init>(MediaSessionCompat.java:400)
E/AndroidRuntime( 8695): 	at android.support.v4.media.session.MediaSessionCompat.<init>(MediaSessionCompat.java:346)
E/AndroidRuntime( 8695): 	at com.example.android.videoplayersample.VideoActivity.createMediaSession(VideoActivity.kt:82)
E/AndroidRuntime( 8695): 	at com.example.android.videoplayersample.VideoActivity.onCreate(VideoActivity.kt:57)
E/AndroidRuntime( 8695): 	at android.app.Activity.performCreate(Activity.java:5541)
E/AndroidRuntime( 8695): 	at android.app.Instrumentation.callActivityOnCreate(Instrumentation.java:1093)
E/AndroidRuntime( 8695): 	at android.app.ActivityThread.performLaunchActivity(ActivityThread.java:2368)
E/AndroidRuntime( 8695): 	... 11 more
W/ActivityManager( 2329):   Force finishing activity com.example.android.videoplayersample/.VideoActivity
W/ActivityManager( 2329):   Force finishing activity com.example.android.videoplayersample/.MainActivity
D/STATUSBAR-StatusBarManagerService( 2329): manageDisableList what=0x0 pkg=WindowManager.LayoutParams
W/ContextImpl( 2329): Calling a method in the system process without a qualified user: android.app.ContextImpl.sendBroadcast:1515 com.android.server.analytics.data.collection.application.CrashAnrDetector.broadcastEvent:296 com.android.server.analytics.data.collection.application.CrashAnrDetector.processDropBoxEntry:254 com.android.server.analytics.data.collection.application.CrashAnrDetector.access$100:60 com.android.server.analytics.data.collection.application.CrashAnrDetector$1.onReceive:102 
D/StatusBarManagerService( 2329): semi p:2725,o:f
D/StatusBarManagerService( 2329): tr p:2725,o:f
D/BarController.StatusBar( 2329): mState: WINDOW_STATE_SHOWING
D/STATUSBAR-StatusBarManagerService( 2329): manageDisableList what=0x0 pkg=WindowManager.LayoutParams
W/ActivityManager( 2329): mDVFSHelper.release()
D/PowerManagerService( 2329): [api] userActivityFromNative : 40 (event: 2 flags: 0) eventTime = 788855
V/AlarmManager( 2329): waitForAlarm result :8
D/KeyguardClockWidgetService( 2926): onReceive action=android.intent.action.TIME_TICK
V/AlarmManager( 2329): ClockReceiver onReceive() ACTION_TIME_TICK
V/AlarmManager( 2329): ___SyncScheduler (v3) ACTIVATED___
V/AlarmManager( 2329): <AppSync3 Whitelist>
V/AlarmManager( 2329): (AppSync) ### 0 added ###
D/STATUSBAR-StatusBarManagerService( 2329): manageDisableList what=0x0 pkg=WindowManager.LayoutParams
D/StatusBarManagerService( 2329): tr p:2725,o:f
D/STATUSBAR-IconMerger( 2498): checkOverflow(1120), More:false, Req:false Child:3
W/ContextImpl( 2329): Calling a method in the system process without a qualified user: android.app.ContextImpl.sendBroadcast:1501 com.android.server.InputMethodManagerService$4.run:2692 java.lang.Thread.run:841 <bottom of call stack> <bottom of call stack> 
I/WindowState( 2329): WIN DEATH: Window{22578860 u0 com.example.android.videoplayersample/com.example.android.videoplayersample.MainActivity}
I/ActivityManager( 2329): Process com.example.android.videoplayersample (pid 8695) (adj 9) has died.
W/InputMethodManagerService( 2329): Got RemoteException sending setActive(false) notification to pid 8695 uid 10168
D/BatteryService( 2329): level:14, scale:100, status:3, health:2, present:true, voltage: 3363, temperature: 369, technology: Li-ion, AC powered:false, USB powered:false, Wireless powered:false, icon:17303550, invalid charger:0, online:1, current avg:-1068, charge type:0, power sharing:false
D/BatteryService( 2329): Sending ACTION_BATTERY_CHANGED.
D/STATUSBAR-PhoneStatusBar( 2498):  mBrightnessEnablebySettings = true mBrightnessEnablebyBattery = true mBrightnessEnablebyDisableFlag = true mPmsBrightnessEnablebySettings = true
D/BatteryMeterView( 2498): ACTION_BATTERY_CHANGED : level:14 status:3 health:2
D/STATUSBAR-IconMerger( 2498): checkOverflow(1120), More:false, Req:false Child:3
D/BatteryMeterView( 2498): onDraw batteryColor : -1
D/RecentTasksLoader( 2498): preloadRecentTasksList
D/STATUSBAR-RecentTasksLoader( 2498): loadTasksInBackground() mstate:CANCELLED
D/STATUSBAR-RecentTasksLoader( 2498): loadThumbnailsAndIconsInBackground()
D/STATUSBAR-RecentTasksLoader( 2498): loadTasksInBackground -doInBackground()
D/STATUSBAR-RecentTasksLoader( 2498): loadThumbnailsAndIconsInBackground-doInBackground()
D/STATUSBAR-RecentTasksLoader( 2498):     recentTasks.size():2
D/STATUSBAR-RecentTasksLoader( 2498): loadTasksInBackground-onProgressUpdate()
D/STATUSBAR-RecentTasksLoader( 2498):  error - mRecentsPanel == null
D/STATUSBAR-RecentTasksLoader( 2498): loadTasksInBackground-onProgressUpdate()
D/STATUSBAR-RecentTasksLoader( 2498):  error - mRecentsPanel == null
D/STATUSBAR-RecentTasksLoader( 2498): loadThumbnailsAndIconsInBackground-onProgressUpdate()
D/STATUSBAR-RecentTasksLoader( 2498):     !isCancelled()
D/STATUSBAR-RecentTasksLoader( 2498): loadThumbnailsAndIconsInBackground-onProgressUpdate()
D/STATUSBAR-RecentTasksLoader( 2498):     !isCancelled()
D/STATUSBAR-RecentTasksLoader( 2498): mState = State.LOADED
D/VoIPInterfaceManager( 2329): isVoIPRinging()...
D/VoIPInterfaceManager( 2329): isVoIPRunningAndDeregi()...
D/VoIPInterfaceManager( 2329): Not exist call session
V/VibratorService( 2329): hasVibrator - useVibetonz: false
W/ActivityManager( 2329): mDVFSHelper.acquire()
D/StatusBarManagerService( 2329): tr p:2725,o:f
D/STATUSBAR-AirplaneModeQuickSettingButton( 2498): onReceive : android.intent.action.CLOSE_SYSTEM_DIALOGS
D/STATUSBAR-RecentsPanel( 2498): onCreate()
D/StatusBarManagerService( 2329): tr p:2498,o:f
D/STATUSBAR-RecentsPanelView( 2498): onFinishInflate()
D/STATUSBAR-RecentsPanel( 2498): PrivateMode  initState(false)
D/STATUSBAR-RecentsPanel( 2498): handleIntent(): com.android.systemui.recent.action.TOGGLE_RECENTS
D/STATUSBAR-RecentsPanelView( 2498): refreshRecentTasksList()
D/STATUSBAR-RecentsPanelView( 2498): onTasksLoaded()
D/RecentsPanelView( 2498): show: true
D/STATUSBAR-RecentsPanel( 2498): onStart()
D/STATUSBAR-RecentsPanelView( 2498): refreshRecentTasksList()
D/STATUSBAR-RecentTasksLoader( 2498): loadTasksInBackground() mstate:LOADED
D/STATUSBAR-RecentTasksLoader( 2498):     return (mState != State.CANCELLED)
D/STATUSBAR-RecentsPanelView( 2498): updateUiElements items:1 Showing:true
D/RecentsPanelView( 2498): show: true
D/STATUSBAR-RecentsPanel( 2498): onResume()
D/StatusBarManagerService( 2329): semi p:2498,o:f
D/STATUSBAR-AirplaneModeQuickSettingButton( 2498): onReceive : android.intent.action.CLOSE_SYSTEM_DIALOGS
D/STATUSBAR-AirplaneModeQuickSettingButton( 2498): onReceive : android.intent.action.CLOSE_SYSTEM_DIALOGS
D/STATUSBAR-RecentsPanel( 2498): onReceive(Intent { act=android.intent.action.CLOSE_SYSTEM_DIALOGS flg=0x50000010 (has extras) })
D/RecentsPanel( 2498): reason : recentapps
D/STATUSBAR-StatusBarManagerService( 2329): manageDisableList what=0x0 pkg=WindowManager.LayoutParams
W/ContextImpl( 2329): Calling a method in the system process without a qualified user: android.app.ContextImpl.sendBroadcast:1501 com.android.server.InputMethodManagerService$4.run:2692 java.lang.Thread.run:841 <bottom of call stack> <bottom of call stack> 
D/STATUSBAR-StatusBarManagerService( 2329): manageDisableList what=0x0 pkg=WindowManager.LayoutParams
W/ActivityManager( 2329): mDVFSHelper.release()
D/RecentsPanelView( 2498): show: false
W/ActivityManager( 2329): mDVFSHelper.acquire()
D/SSRMv2:SIOP( 2329): SIOP:: AP = 350, Delta = 0
D/StatusBarManagerService( 2329): tr p:2329,o:f
D/STATUSBAR-RecentsPanel( 2498): dismissAndGoHome()
D/RecentsPanelView( 2498): show: false
D/STATUSBAR-RecentsPanel( 2498): onPause()
D/BarController.StatusBar( 2329): mState: WINDOW_STATE_HIDING
D/STATUSBAR-StatusBarManagerService( 2329): manageDisableList what=0x0 pkg=WindowManager.LayoutParams
W/ContextImpl( 2329): Calling a method in the system process without a qualified user: android.app.ContextImpl.sendBroadcast:1501 com.android.internal.policy.impl.PhoneWindowManager.notifyToSSRM:6304 com.android.internal.policy.impl.PhoneWindowManager.access$200:195 com.android.internal.policy.impl.PhoneWindowManager$PolicyHandler.handleMessage:766 android.os.Handler.dispatchMessage:102 
D/SSRMv2:TSP:AirViewOnOff( 2329): SettingsAirViewInfo:: 000000000
D/STATUSBAR-RecentsPanel( 2498): onReceive(Intent { act=com.android.systemui.recent.action.CLOSE flg=0x10 pkg=com.android.systemui })
W/ActivityManager( 2329): Permission Denial: getCurrentUser() from pid=8760, uid=10168 requires android.permission.INTERACT_ACROSS_USERS
W/ActivityManager( 2329): Permission Denial: getCurrentUser() from pid=8760, uid=10168 requires android.permission.INTERACT_ACROSS_USERS
D/StatusBarManagerService( 2329): tr p:8760,o:f
D/StatusBarManagerService( 2329): semi p:8760,o:f
W/ContextImpl( 2329): Calling a method in the system process without a qualified user: android.app.ContextImpl.sendBroadcast:1501 com.android.server.InputMethodManagerService$4.run:2692 java.lang.Thread.run:841 <bottom of call stack> <bottom of call stack> 
W/ActivityManager( 2329): mDVFSHelper.release()
D/STATUSBAR-RecentsPanel( 2498): onStop()
D/STATUSBAR-RecentsPanelView( 2498): onUiHidden() - mShowing:false, mRecentTaskDescriptions != null:true
D/STATUSBAR-RecentsPanelView( 2498): clearRecentTasksList()
D/STATUSBAR-RecentTasksLoader( 2498): cancelLoadingThumbnailsAndIcons()
D/STATUSBAR-RecentTasksLoader( 2498): mTaskLoader.cancel()
D/STATUSBAR-RecentTasksLoader( 2498): mThumbnailLoader.cancel()
D/STATUSBAR-RecentTasksLoader( 2498):  - mRecentsPanel.onTaskLoadingCancelled()
D/STATUSBAR-RecentsPanelView( 2498): onTaskLoadingCancelled()
D/STATUSBAR-RecentTasksLoader( 2498):  - mRecentsPanel.dismiss()
D/RecentsPanelView( 2498): show: false
D/STATUSBAR-RecentsPanelView( 2498): onTaskLoadingCancelled()
D/STATUSBAR-RecentsPanel( 2498): onDestroy()
D/BarController.StatusBar( 2329): mState: WINDOW_STATE_HIDDEN
D/WifiP2pService( 2329): InactiveState{ what=147461 }
D/WifiP2pService( 2329): P2pEnabledState{ what=147461 }
D/WifiP2pService( 2329): DefaultState{ what=147461 }
E/Watchdog( 2329): !@Sync 26
D/UsbSettingsManager( 2329): requestPermission:/dev/bus/usb/001/004 ,pi PendingIntent{22541410: PendingIntentRecord{21daa690 com.example.android.videoplayersample broadcastIntent}}
D/UsbSettingsManager( 2329): Request Permission for Device vendorId: 10862, productId: 32771, package: com.example.android.videoplayersample
D/UsbSettingsManager( 2329): hasPermission++
D/UsbSettingsManager( 2329): hasPermission: UsbDevice[mName=/dev/bus/usb/001/004,mVendorId=10862,mProductId=32771,mClass=239,mSubclass=2,mProtocol=1,mInterfaces=[Landroid.os.Parcelable;@22470308]for {10168=true}
D/UsbSettingsManager( 2329): requestPermission:/dev/bus/usb/001/004 has permissions
D/UsbSettingsManager( 2329): checkPermission: /dev/bus/usb/001/004
D/UsbSettingsManager( 2329): hasPermission++
D/UsbSettingsManager( 2329): hasPermission: UsbDevice[mName=/dev/bus/usb/001/004,mVendorId=10862,mProductId=32771,mClass=239,mSubclass=2,mProtocol=1,mInterfaces=[Landroid.hardware.usb.UsbInterface;@224c84e8]for {10168=true}
W/ActivityManager( 2329): mDVFSHelper.acquire()
W/ContextImpl( 2329): Calling a method in the system process without a qualified user: android.app.ContextImpl.sendBroadcast:1501 com.android.internal.policy.impl.PhoneWindowManager.notifyToSSRM:6304 com.android.internal.policy.impl.PhoneWindowManager.access$200:195 com.android.internal.policy.impl.PhoneWindowManager$PolicyHandler.handleMessage:766 android.os.Handler.dispatchMessage:102 
D/SSRMv2:TSP:AirViewOnOff( 2329): SettingsAirViewInfo:: 000000000
W/ActivityManager( 2329): Permission Denial: getCurrentUser() from pid=8760, uid=10168 requires android.permission.INTERACT_ACROSS_USERS
D/StatusBarManagerService( 2329): tr p:8760,o:f
E/AndroidRuntime( 8760): FATAL EXCEPTION: main
E/AndroidRuntime( 8760): Process: com.example.android.videoplayersample, PID: 8760
E/AndroidRuntime( 8760): java.lang.RuntimeException: Unable to start activity ComponentInfo{com.example.android.videoplayersample/com.example.android.videoplayersample.VideoActivity}: java.lang.IllegalArgumentException: MediaButtonReceiver component may not be null.
E/AndroidRuntime( 8760): 	at android.app.ActivityThread.performLaunchActivity(ActivityThread.java:2404)
E/AndroidRuntime( 8760): 	at android.app.ActivityThread.handleLaunchActivity(ActivityThread.java:2464)
E/AndroidRuntime( 8760): 	at android.app.ActivityThread.access$900(ActivityThread.java:172)
E/AndroidRuntime( 8760): 	at android.app.ActivityThread$H.handleMessage(ActivityThread.java:1308)
E/AndroidRuntime( 8760): 	at android.os.Handler.dispatchMessage(Handler.java:102)
E/AndroidRuntime( 8760): 	at android.os.Looper.loop(Looper.java:146)
E/AndroidRuntime( 8760): 	at android.app.ActivityThread.main(ActivityThread.java:5653)
E/AndroidRuntime( 8760): 	at java.lang.reflect.Method.invokeNative(Native Method)
E/AndroidRuntime( 8760): 	at java.lang.reflect.Method.invoke(Method.java:515)
E/AndroidRuntime( 8760): 	at com.android.internal.os.ZygoteInit$MethodAndArgsCaller.run(ZygoteInit.java:1291)
E/AndroidRuntime( 8760): 	at com.android.internal.os.ZygoteInit.main(ZygoteInit.java:1107)
E/AndroidRuntime( 8760): 	at dalvik.system.NativeStart.main(Native Method)
