D/SurfaceWidgetClient$ISurfaceWidgetStub( 2907): [237392/4] Surface widget pause on instance = 1
D/accuweather( 2895): [Accuweather_J_Tab]>>> SWW:191 [0:0] [SWW] onPause : rI = 1
D/accuweather( 2895): [Accuweather_J_Tab]>>> SWW:201 [0:0] [SWW] onPause : size = 0
D/SurfaceWidgetClient$ISurfaceWidgetStub( 2895): [237392/4] Surface widget visibility changed visibility = false on instance = 1
D/SurfaceWidgetClient$ISurfaceWidgetStub( 2907): [237392/4] Surface widget visibility changed visibility = false on instance = 1
D/accuweather( 2895): [Accuweather_J_Tab]>>> SWW:611 [0:0]  unRegisterTTReceiver !! 
D/KeyguardUpdateMonitor( 2498): sendKeyguardVisibilityChanged(true)
I/KeyguardUpdateMonitor( 2498): visibility is same
D/accuweather( 2895): [Accuweather_J_Tab]>>> WCD:1335 [0:0] cARH()
E/IMGSRV  ( 1891): :0: PVRDRMOpen: TP3, ret = 49
D/accuweather( 2895): [Accuweather_J_Tab]>>> WCD:492 [0:0]  onPause 
D/accuweather( 2895): [Accuweather_J_Tab]>>> WR:467 [0:0] onPause : 1
D/accuweather( 2895): [Accuweather_J_Tab]>>> SWW:517 [0:0] =================== , pause :1
D/Launcher( 2725): onTrimMemory. Level: 20
I/SurfaceFlinger( 1891): Device Built-in Screen -> ls 0 
I/InputReader( 2329): Touch event's action is 0x0 (deviceType=0) [pCnt=1, s=0.168 ] when=1861765074000
I/InputDispatcher( 2329): Delivering touch to: action: 0x4, toolType: 1
I/InputDispatcher( 2329): Delivering touch to: action: 0x0, toolType: 1
I/InputDispatcher( 2329): Delivering touch to: action: 0x0, toolType: 1
I/InputReader( 2329): Touch event's action is 0x1 (deviceType=0) [pCnt=1, s=] when=1861815796000
I/InputDispatcher( 2329): Delivering touch to: action: 0x1, toolType: 1
I/InputDispatcher( 2329): Delivering touch to: action: 0x1, toolType: 1
E/IMGSRV  ( 1891): :0: PVRDRMOpen: TP3, ret = 40
I/SurfaceFlinger( 1891): Device Built-in Screen -> ls 0 
D/RecentsPanelView( 2498): show: false
D/dalvikvm( 2329): GC_FOR_ALLOC freed 455K, 14% free 23652K/27268K, paused 116ms, total 116ms
I/dalvikvm-heap( 2329): Grow heap (frag case) to 24.089MB for 141616-byte allocation
D/dalvikvm( 2329): GC_FOR_ALLOC freed 2K, 14% free 23788K/27408K, paused 82ms, total 82ms
E/IMGSRV  ( 1891): :0: PVRDRMOpen: TP3, ret = 71
D/PointerIcon( 2329): setMouseIconStyle1 pointerType: 1001iconType:101 flag:0
D/PointerIcon( 2329): setMouseCustomIcon IconType is same.101
D/STATUSBAR-RecentsPanel( 2498): dismissAndGoHome()
D/RecentsPanelView( 2498): show: false
D/STATUSBAR-RecentsPanel( 2498): onPause()
W/ActivityManager( 2329): mDVFSHelper.acquire()
D/KeyguardUpdateMonitor( 2498): sendKeyguardVisibilityChanged(true)
I/KeyguardUpdateMonitor( 2498): visibility is same
D/KeyguardUpdateMonitor( 2498): sendKeyguardVisibilityChanged(true)
I/KeyguardUpdateMonitor( 2498): visibility is same
I/SurfaceFlinger( 1891): Device Built-in Screen -> ls 0 
D/PhoneStatusBar( 2498): setSemiTransparentMode=false, mTransparentMode=false, mSemiTransparentMode=false, mMultiWindowMode=false
I/SurfaceFlinger( 1891): Device Built-in Screen -> ls 0 
I/SurfaceFlinger( 1891): Device Built-in Screen -> ls 0 
I/SurfaceFlinger( 1891): Device Built-in Screen -> ls 0 
I/SurfaceFlinger( 1891): Device Built-in Screen -> ls 0 
E/IMGSRV  ( 1891): :0: PVRDRMOpen: TP3, ret = 65
D/StatusBarManagerService( 2329): semi p:10467,o:f
I/SurfaceFlinger( 1891): Device Built-in Screen -> ls 0 
D/KeyguardUpdateMonitor( 2498): sendKeyguardVisibilityChanged(true)
I/KeyguardUpdateMonitor( 2498): visibility is same
D/PointerIcon( 2329): setMouseIconStyle1 pointerType: 1001iconType:101 flag:0
D/PointerIcon( 2329): setMouseCustomIcon IconType is same.101
D/STATUSBAR-StatusBarManagerService( 2329): manageDisableList what=0x0 pkg=WindowManager.LayoutParams
E/IMGSRV  ( 1891): :0: PVRDRMOpen: TP3, ret = 70
I/SurfaceFlinger( 1891): Device Built-in Screen -> ls 0 
I/SurfaceFlinger( 1891): Device Built-in Screen -> ls 0 
I/SurfaceFlinger( 1891): Device Built-in Screen -> ls 0 
I/SurfaceFlinger( 1891): Device Built-in Screen -> ls 0 
I/SurfaceFlinger( 1891): Device Built-in Screen -> ls 0 
W/ContextImpl( 2329): Calling a method in the system process without a qualified user: android.app.ContextImpl.sendBroadcast:1501 com.android.server.InputMethodManagerService$4.run:2692 java.lang.Thread.run:841 <bottom of call stack> <bottom of call stack> 
I/SurfaceFlinger( 1891): Device Built-in Screen -> ls 0 
I/SurfaceFlinger( 1891): Device Built-in Screen -> ls 0 
I/SurfaceFlinger( 1891): Device Built-in Screen -> ls 0 
I/SurfaceFlinger( 1891): Device Built-in Screen -> ls 0 
I/SurfaceFlinger( 1891): Device Built-in Screen -> ls 0 
D/KeyguardUpdateMonitor( 2498): sendKeyguardVisibilityChanged(true)
I/KeyguardUpdateMonitor( 2498): visibility is same
I/SurfaceFlinger( 1891): Device Built-in Screen -> ls 0 
I/SurfaceFlinger( 1891): Device Built-in Screen -> ls 0 
I/SurfaceFlinger( 1891): Device Built-in Screen -> ls 0 
I/SurfaceFlinger( 1891): Device Built-in Screen -> ls 0 
I/SurfaceFlinger( 1891): Device Built-in Screen -> ls 0 
E/IMGSRV  ( 1891): :0: PVRDRMOpen: TP3, ret = 71
I/SurfaceFlinger( 1891): Device Built-in Screen -> ls 0 
I/SurfaceFlinger( 1891): Device Built-in Screen -> ls 0 
I/SurfaceFlinger( 1891): Device Built-in Screen -> ls 0 
I/SurfaceFlinger( 1891): Device Built-in Screen -> ls 0 
I/SurfaceFlinger( 1891): Device Built-in Screen -> ls 0 
D/KeyguardUpdateMonitor( 2498): sendKeyguardVisibilityChanged(true)
I/KeyguardUpdateMonitor( 2498): visibility is same
D/KeyguardUpdateMonitor( 2498): sendKeyguardVisibilityChanged(true)
I/KeyguardUpdateMonitor( 2498): visibility is same
D/BarController.StatusBar( 2329): mState: WINDOW_STATE_HIDING
W/ContextImpl( 2329): Calling a method in the system process without a qualified user: android.app.ContextImpl.sendBroadcast:1501 com.android.internal.policy.impl.PhoneWindowManager.notifyToSSRM:6304 com.android.internal.policy.impl.PhoneWindowManager.access$200:195 com.android.internal.policy.impl.PhoneWindowManager$PolicyHandler.handleMessage:766 android.os.Handler.dispatchMessage:102 
I/SurfaceFlinger( 1891): Device Built-in Screen -> ls 0 
I/SurfaceFlinger( 1891): Device Built-in Screen -> ls 0 
I/SurfaceFlinger( 1891): Device Built-in Screen -> ls 0 
I/SurfaceFlinger( 1891): Device Built-in Screen -> ls 0 
I/SurfaceFlinger( 1891): Device Built-in Screen -> ls 0 
D/KeyguardUpdateMonitor( 2498): sendKeyguardVisibilityChanged(true)
I/KeyguardUpdateMonitor( 2498): visibility is same
D/SSRMv2:TSP:AirViewOnOff( 2329): SettingsAirViewInfo:: 000000000
I/SurfaceFlinger( 1891): Device Built-in Screen -> ls 0 
I/SurfaceFlinger( 1891): Device Built-in Screen -> ls 0 
I/SurfaceFlinger( 1891): Device Built-in Screen -> ls 0 
I/SurfaceFlinger( 1891): Device Built-in Screen -> ls 0 
I/SurfaceFlinger( 1891): Device Built-in Screen -> ls 0 
D/hwcomposer( 1891): bool IntelOverlayContext::disable(uint32_t): disable overlay...
D/PhoneStatusBar( 2498): Status bar WINDOW_STATE_HIDING
D/KeyguardUpdateMonitor( 2498): sendKeyguardVisibilityChanged(true)
I/KeyguardUpdateMonitor( 2498): visibility is same
D/STATUSBAR-RecentsPanel( 2498): onReceive(Intent { act=com.android.systemui.recent.action.CLOSE flg=0x10 pkg=com.android.systemui })
I/SurfaceFlinger( 1891): Device Built-in Screen -> ls 0 
I/SurfaceFlinger( 1891): Device Built-in Screen -> ls 0 
I/SurfaceFlinger( 1891): Device Built-in Screen -> ls 0 
I/SurfaceFlinger( 1891): Device Built-in Screen -> ls 0 
I/SurfaceFlinger( 1891): Device Built-in Screen -> ls 0 
I/SurfaceFlinger( 1891): Device Built-in Screen -> ls 0 
I/SurfaceFlinger( 1891): Device Built-in Screen -> ls 0 
I/SurfaceFlinger( 1891): Device Built-in Screen -> ls 0 
I/SurfaceFlinger( 1891): Device Built-in Screen -> ls 0 
I/SurfaceFlinger( 1891): Device Built-in Screen -> ls 0 
I/SurfaceFlinger( 1891): Device Built-in Screen -> ls 0 
I/SurfaceFlinger( 1891): Device Built-in Screen -> ls 0 
I/SurfaceFlinger( 1891): Device Built-in Screen -> ls 0 
I/SurfaceFlinger( 1891): Device Built-in Screen -> ls 0 
I/SurfaceFlinger( 1891): Device Built-in Screen -> ls 0 
I/SurfaceFlinger( 1891): Device Built-in Screen -> ls 0 
I/SurfaceFlinger( 1891): Device Built-in Screen -> ls 0 
I/SurfaceFlinger( 1891): Device Built-in Screen -> ls 0 
I/SurfaceFlinger( 1891): Device Built-in Screen -> ls 0 
I/SurfaceFlinger( 1891): Device Built-in Screen -> ls 0 
I/SurfaceFlinger( 1891): Device Built-in Screen -> ls 0 
I/SurfaceFlinger( 1891): Device Built-in Screen -> ls 0 
I/SurfaceFlinger( 1891): Device Built-in Screen -> ls 0 
I/SurfaceFlinger( 1891): Device Built-in Screen -> ls 0 
I/SurfaceFlinger( 1891): Device Built-in Screen -> ls 0 
I/SurfaceFlinger( 1891): Device Built-in Screen -> ls 0 
I/SurfaceFlinger( 1891): Device Built-in Screen -> ls 0 
I/SurfaceFlinger( 1891): Device Built-in Screen -> ls 0 
I/SurfaceFlinger( 1891): Device Built-in Screen -> ls 0 
I/SurfaceFlinger( 1891): Device Built-in Screen -> ls 0 
I/SurfaceFlinger( 1891): Device Built-in Screen -> ls 0 
I/SurfaceFlinger( 1891): Device Built-in Screen -> ls 0 
I/SurfaceFlinger( 1891): Device Built-in Screen -> ls 0 
I/SurfaceFlinger( 1891): Device Built-in Screen -> ls 0 
I/SurfaceFlinger( 1891): Device Built-in Screen -> ls 0 
I/SurfaceFlinger( 1891): Device Built-in Screen -> ls 0 
I/SurfaceFlinger( 1891): Device Built-in Screen -> ls 0 
I/SurfaceFlinger( 1891): Device Built-in Screen -> ls 0 
I/SurfaceFlinger( 1891): Device Built-in Screen -> ls 0 
I/SurfaceFlinger( 1891): Device Built-in Screen -> ls 0 
I/SurfaceFlinger( 1891): Device Built-in Screen -> ls 0 
I/SurfaceFlinger( 1891): Device Built-in Screen -> ls 0 
I/SurfaceFlinger( 1891): Device Built-in Screen -> ls 0 
I/SurfaceFlinger( 1891): Device Built-in Screen -> ls 0 
I/SurfaceFlinger( 1891): Device Built-in Screen -> ls 0 
I/SurfaceFlinger( 1891): Device Built-in Screen -> ls 0 
I/SurfaceFlinger( 1891): Device Built-in Screen -> ls 0 
I/SurfaceFlinger( 1891): Device Built-in Screen -> ls 0 
I/SurfaceFlinger( 1891): Device Built-in Screen -> ls 0 
I/SurfaceFlinger( 1891): Device Built-in Screen -> ls 0 
I/SurfaceFlinger( 1891): Device Built-in Screen -> ls 0 
I/SurfaceFlinger( 1891): Device Built-in Screen -> ls 0 
I/SurfaceFlinger( 1891): Device Built-in Screen -> ls 0 
I/SurfaceFlinger( 1891): Device Built-in Screen -> ls 0 
I/SurfaceFlinger( 1891): Device Built-in Screen -> ls 0 
I/SurfaceFlinger( 1891): Device Built-in Screen -> ls 0 
I/SurfaceFlinger( 1891): Device Built-in Screen -> ls 0 
I/SurfaceFlinger( 1891): Device Built-in Screen -> ls 0 
I/SurfaceFlinger( 1891): Device Built-in Screen -> ls 0 
I/SurfaceFlinger( 1891): Device Built-in Screen -> ls 0 
I/SurfaceFlinger( 1891): Device Built-in Screen -> ls 0 
I/SurfaceFlinger( 1891): Device Built-in Screen -> ls 0 
I/SurfaceFlinger( 1891): Device Built-in Screen -> ls 0 
I/SurfaceFlinger( 1891): Device Built-in Screen -> ls 0 
I/SurfaceFlinger( 1891): Device Built-in Screen -> ls 0 
I/SurfaceFlinger( 1891): Device Built-in Screen -> ls 0 
I/SurfaceFlinger( 1891): Device Built-in Screen -> ls 0 
I/SurfaceFlinger( 1891): Device Built-in Screen -> ls 0 
I/SurfaceFlinger( 1891): Device Built-in Screen -> ls 0 
I/SurfaceFlinger( 1891): Device Built-in Screen -> ls 0 
I/SurfaceFlinger( 1891): Device Built-in Screen -> ls 0 
I/SurfaceFlinger( 1891): Device Built-in Screen -> ls 0 
I/SurfaceFlinger( 1891): Device Built-in Screen -> ls 0 
I/SurfaceFlinger( 1891): Device Built-in Screen -> ls 0 
I/SurfaceFlinger( 1891): Device Built-in Screen -> ls 0 
I/SurfaceFlinger( 1891): Device Built-in Screen -> ls 0 
I/SurfaceFlinger( 1891): Device Built-in Screen -> ls 0 
I/SurfaceFlinger( 1891): Device Built-in Screen -> ls 0 
I/SurfaceFlinger( 1891): Device Built-in Screen -> ls 0 
I/SurfaceFlinger( 1891): Device Built-in Screen -> ls 0 
I/SurfaceFlinger( 1891): Device Built-in Screen -> ls 0 
I/SurfaceFlinger( 1891): Device Built-in Screen -> ls 0 
I/SurfaceFlinger( 1891): Device Built-in Screen -> ls 0 
I/SurfaceFlinger( 1891): Device Built-in Screen -> ls 0 
I/SurfaceFlinger( 1891): Device Built-in Screen -> ls 0 
I/SurfaceFlinger( 1891): Device Built-in Screen -> ls 0 
I/SurfaceFlinger( 1891): Device Built-in Screen -> ls 0 
I/SurfaceFlinger( 1891): Device Built-in Screen -> ls 0 
I/SurfaceFlinger( 1891): Device Built-in Screen -> ls 0 
I/SurfaceFlinger( 1891): Device Built-in Screen -> ls 0 
I/SurfaceFlinger( 1891): Device Built-in Screen -> ls 0 
I/SurfaceFlinger( 1891): Device Built-in Screen -> ls 0 
I/SurfaceFlinger( 1891): Device Built-in Screen -> ls 0 
I/SurfaceFlinger( 1891): Device Built-in Screen -> ls 0 
I/SurfaceFlinger( 1891): Device Built-in Screen -> ls 0 
I/SurfaceFlinger( 1891): Device Built-in Screen -> ls 0 
I/SurfaceFlinger( 1891): Device Built-in Screen -> ls 0 
D/KeyguardUpdateMonitor( 2498): sendKeyguardVisibilityChanged(true)
I/KeyguardUpdateMonitor( 2498): visibility is same
W/ActivityManager( 2329): mDVFSHelper.release()
I/SurfaceFlinger( 1891): Device Built-in Screen -> ls 0 
I/SurfaceFlinger( 1891): Device Built-in Screen -> ls 0 
I/SurfaceFlinger( 1891): Device Built-in Screen -> ls 0 
D/STATUSBAR-RecentsPanel( 2498): onStop()
D/STATUSBAR-RecentsPanelView( 2498): onUiHidden() - mShowing:false, mRecentTaskDescriptions != null:true
D/STATUSBAR-RecentsPanelView( 2498): clearRecentTasksList()
D/STATUSBAR-RecentTasksLoader( 2498): cancelLoadingThumbnailsAndIcons()
D/STATUSBAR-RecentTasksLoader( 2498): mTaskLoader.cancel()
D/STATUSBAR-RecentTasksLoader( 2498): mThumbnailLoader.cancel()
D/STATUSBAR-RecentTasksLoader( 2498):  - mRecentsPanel.onTaskLoadingCancelled()
D/STATUSBAR-RecentsPanelView( 2498): onTaskLoadingCancelled()
I/SurfaceFlinger( 1891): Device Built-in Screen -> ls 0 
D/KeyguardUpdateMonitor( 2498): sendKeyguardVisibilityChanged(true)
I/KeyguardUpdateMonitor( 2498): visibility is same
D/STATUSBAR-RecentTasksLoader( 2498):  - mRecentsPanel.dismiss()
D/RecentsPanelView( 2498): show: false
D/STATUSBAR-RecentsPanelView( 2498): onTaskLoadingCancelled()
D/STATUSBAR-RecentsPanel( 2498): onDestroy()
I/SurfaceFlinger( 1891): Device Built-in Screen -> ls 0 
I/SurfaceFlinger( 1891): Device Built-in Screen -> ls 0 
I/SurfaceFlinger( 1891): Device Built-in Screen -> ls 0 
I/SurfaceFlinger( 1891): Device Built-in Screen -> ls 0 
D/KeyguardUpdateMonitor( 2498): sendKeyguardVisibilityChanged(true)
I/KeyguardUpdateMonitor( 2498): visibility is same
I/SurfaceFlinger( 1891): Device Built-in Screen -> ls 0 
I/SurfaceFlinger( 1891): Device Built-in Screen -> ls 0 
I/SurfaceFlinger( 1891): Device Built-in Screen -> ls 0 
I/SurfaceFlinger( 1891): Device Built-in Screen -> ls 0 
I/SurfaceFlinger( 1891): Device Built-in Screen -> ls 0 
I/SurfaceFlinger( 1891): Device Built-in Screen -> ls 0 
I/SurfaceFlinger( 1891): Device Built-in Screen -> ls 0 
I/SurfaceFlinger( 1891): Device Built-in Screen -> ls 0 
I/SurfaceFlinger( 1891): Device Built-in Screen -> ls 0 
I/SurfaceFlinger( 1891): Device Built-in Screen -> ls 0 
I/SurfaceFlinger( 1891): Device Built-in Screen -> ls 0 
I/SurfaceFlinger( 1891): Device Built-in Screen -> ls 0 
I/SurfaceFlinger( 1891): Device Built-in Screen -> ls 0 
I/SurfaceFlinger( 1891): Device Built-in Screen -> ls 0 
I/SurfaceFlinger( 1891): Device Built-in Screen -> ls 0 
D/KeyguardUpdateMonitor( 2498): sendKeyguardVisibilityChanged(true)
I/KeyguardUpdateMonitor( 2498): visibility is same
D/BarController.StatusBar( 2329): mState: WINDOW_STATE_HIDDEN
D/KeyguardUpdateMonitor( 2498): sendKeyguardVisibilityChanged(true)
I/KeyguardUpdateMonitor( 2498): visibility is same
I/SurfaceFlinger( 1891): Device Built-in Screen -> ls 0 
I/SurfaceFlinger( 1891): Device Built-in Screen -> ls 0 
I/SurfaceFlinger( 1891): Device Built-in Screen -> ls 0 
D/PhoneStatusBar( 2498): Status bar WINDOW_STATE_HIDDEN
D/SSRMv2:SIOP( 2329): SIOP:: AP = 360, Delta = 10
I/PlayCommon( 4425): [314] com.google.android.play.a.h.e(262): Preparing logs for uploading
E/GooglePlayServicesUtil( 2776): GooglePlayServices not available due to error 12
W/ContextImpl( 2329): Calling a method in the system process without a qualified user: android.app.ContextImpl.sendBroadcast:1515 com.android.server.StatusBarManagerService.sendNotification:987 com.android.server.StatusBarManagerService.addNotification:676 com.android.server.NotificationManagerService$7.run:2148 android.os.Handler.handleCallback:733 
D/STATUSBAR-StatusBarManagerService( 2329): sendNotification(1) - 39789
W/GLSActivity( 2776): com.google.android.gms.auth.UserRecoverableNotifiedException: User intervention required. Notification has been pushed.
W/GLSActivity( 2776): 	at com.google.android.gms.auth.GoogleAuthUtil.a(Unknown Source)
W/GLSActivity( 2776): 	at com.google.android.gms.auth.GoogleAuthUtil.getTokenWithNotification(Unknown Source)
W/GLSActivity( 2776): 	at com.google.android.gsf.loginservice.GoogleLoginService$AccountAuthenticatorImpl.getAuthToken(GoogleLoginService.java:296)
W/GLSActivity( 2776): 	at android.accounts.AbstractAccountAuthenticator$Transport.getAuthToken(AbstractAccountAuthenticator.java:196)
W/GLSActivity( 2776): 	at android.accounts.IAccountAuthenticator$Stub.onTransact(IAccountAuthenticator.java:113)
W/GLSActivity( 2776): 	at android.os.Binder.execTransact(Binder.java:404)
W/GLSActivity( 2776): 	at dalvik.system.NativeStart.run(Native Method)
E/PlayCommon( 4425): [314] com.google.android.play.a.h.a(669): Failed to get auth token: android.accounts.AuthenticatorException: User intervention required. Notification has been pushed.
W/PlayCommon( 4425): [314] com.google.android.play.a.h.a(500): Deferring log upload because couldn't retrieve auth token
W/ResourceType( 2498): Attempt to retrieve bag 0x01030068 which is invalid or in a cycle.
W/ResourceType( 2498): Attempt to retrieve bag 0x01030067 which is invalid or in a cycle.
D/ProgressBar( 2498): setProgressDrawable drawableHeight = 7
W/ResourceType( 2498): Attempt to retrieve bag 0x01030200 which is invalid or in a cycle.
D/PhoneStatusBar( 2498): tick(): knoxCustomManager = android.app.enterprise.knoxcustom.KnoxCustomManager@21c541a0
D/ContexualWidgetMonitor( 2498): action =com.android.server.NotificationManagerService.NotificationArrived
D/ContexualWidgetMonitor( 2498): pkg =null
D/ContexualWidgetMonitor( 2498): mCheckMissedEvent =false
I/SurfaceFlinger( 1891): Device Built-in Screen -> ls 0 
I/SurfaceFlinger( 1891): Device Built-in Screen -> ls 0 
I/SurfaceFlinger( 1891): Device Built-in Screen -> ls 0 
I/SurfaceFlinger( 1891): Device Built-in Screen -> ls 0 
I/SurfaceFlinger( 1891): Device Built-in Screen -> ls 0 
I/SurfaceFlinger( 1891): Device Built-in Screen -> ls 0 
I/SurfaceFlinger( 1891): Device Built-in Screen -> ls 0 
I/SurfaceFlinger( 1891): Device Built-in Screen -> ls 0 
I/SurfaceFlinger( 1891): Device Built-in Screen -> ls 0 
I/SurfaceFlinger( 1891): Device Built-in Screen -> ls 0 
I/SurfaceFlinger( 1891): Device Built-in Screen -> ls 0 
I/SurfaceFlinger( 1891): Device Built-in Screen -> ls 0 
I/SurfaceFlinger( 1891): Device Built-in Screen -> ls 0 
I/SurfaceFlinger( 1891): Device Built-in Screen -> ls 0 
I/SurfaceFlinger( 1891): Device Built-in Screen -> ls 0 
I/SurfaceFlinger( 1891): Device Built-in Screen -> ls 0 
I/SurfaceFlinger( 1891): Device Built-in Screen -> ls 0 
I/SurfaceFlinger( 1891): Device Built-in Screen -> ls 0 
I/SurfaceFlinger( 1891): Device Built-in Screen -> ls 0 
I/SurfaceFlinger( 1891): Device Built-in Screen -> ls 0 
I/SurfaceFlinger( 1891): Device Built-in Screen -> ls 0 
I/SurfaceFlinger( 1891): Device Built-in Screen -> ls 0 
I/SurfaceFlinger( 1891): Device Built-in Screen -> ls 0 
I/SurfaceFlinger( 1891): Device Built-in Screen -> ls 0 
I/SurfaceFlinger( 1891): Device Built-in Screen -> ls 0 
I/SurfaceFlinger( 1891): Device Built-in Screen -> ls 0 
I/SurfaceFlinger( 1891): Device Built-in Screen -> ls 0 
E/IMGSRV  ( 1891): :0: PVRDRMOpen: TP3, ret = 37
I/SurfaceFlinger( 1891): Device Built-in Screen -> ls 0 
I/SurfaceFlinger( 1891): Device Built-in Screen -> ls 0 
I/SurfaceFlinger( 1891): Device Built-in Screen -> ls 0 
I/SurfaceFlinger( 1891): Device Built-in Screen -> ls 0 
I/SurfaceFlinger( 1891): Device Built-in Screen -> ls 0 
I/SurfaceFlinger( 1891): Device Built-in Screen -> ls 0 
I/SurfaceFlinger( 1891): Device Built-in Screen -> ls 0 
I/dalvikvm(10467): Total arena pages for JIT: 11
I/dalvikvm(10467): Total arena pages for JIT: 12
I/dalvikvm(10467): Total arena pages for JIT: 13
I/dalvikvm(10467): Total arena pages for JIT: 14
I/dalvikvm(10467): Total arena pages for JIT: 15
I/dalvikvm(10467): Total arena pages for JIT: 16
I/dalvikvm(10467): Total arena pages for JIT: 17
I/dalvikvm(10467): Total arena pages for JIT: 18
I/dalvikvm(10467): Total arena pages for JIT: 19
I/dalvikvm(10467): Total arena pages for JIT: 20
I/dalvikvm(10467): Total arena pages for JIT: 21
W/ActivityManager( 2329): mDVFSHelper.acquire()
D/PointerIcon( 2329): setMouseIconStyle1 pointerType: 1001iconType:101 flag:0
D/PointerIcon( 2329): setMouseCustomIcon IconType is same.101
E/IMGSRV  ( 1891): :0: PVRDRMOpen: TP3, ret = 50
I/SurfaceFlinger( 1891): Device Built-in Screen -> ls 0 
D/KeyguardUpdateMonitor( 2498): sendKeyguardVisibilityChanged(true)
I/KeyguardUpdateMonitor( 2498): visibility is same
W/ContextImpl( 2329): Calling a method in the system process without a qualified user: android.app.ContextImpl.sendBroadcast:1501 com.android.internal.policy.impl.PhoneWindowManager.notifyToSSRM:6304 com.android.internal.policy.impl.PhoneWindowManager.access$200:195 com.android.internal.policy.impl.PhoneWindowManager$PolicyHandler.handleMessage:766 android.os.Handler.dispatchMessage:102 
D/KeyguardUpdateMonitor( 2498): sendKeyguardVisibilityChanged(true)
I/KeyguardUpdateMonitor( 2498): visibility is same
D/SSRMv2:TSP:AirViewOnOff( 2329): SettingsAirViewInfo:: 000000000
E/dalvikvm(10467): Could not find class 'android.app.PictureInPictureParams$Builder', referenced from method com.example.android.videoplayersample.VideoActivity.onUserLeaveHint
W/dalvikvm(10467): VFY: unable to resolve new-instance 61 (Landroid/app/PictureInPictureParams$Builder;) in Lcom/example/android/videoplayersample/VideoActivity;
D/dalvikvm(10467): VFY: replacing opcode 0x22 at 0x0007
D/dalvikvm(10467): DexOpt: unable to opt direct call 0x015e at 0x09 in Lcom/example/android/videoplayersample/VideoActivity;.onUserLeaveHint
D/dalvikvm(10467): DexOpt: unable to opt direct call 0x4cc6 at 0x13 in Lcom/example/android/videoplayersample/VideoActivity;.onUserLeaveHint
I/SurfaceFlinger( 1891): Device Built-in Screen -> ls 0 
I/SurfaceFlinger( 1891): Device Built-in Screen -> ls 0 
I/SurfaceFlinger( 1891): Device Built-in Screen -> ls 0 
D/PhoneStatusBar( 2498): setTransGradationMode=false, mTransparentMode=false, mSemiTransparentMode=false, mMultiWindowMode=false
W/ActivityManager( 2329): Permission Denial: getCurrentUser() from pid=10467, uid=10168 requires android.permission.INTERACT_ACROSS_USERS
D/StatusBarManagerService( 2329): tr p:10467,o:f
I/dalvikvm(10467): Could not find method android.content.res.Resources.getDrawable, referenced from method com.google.android.exoplayer2.ui.PlayerView.configureEditModeLogoV23
W/dalvikvm(10467): VFY: unable to resolve virtual method 911: Landroid/content/res/Resources;.getDrawable (ILandroid/content/res/Resources$Theme;)Landroid/graphics/drawable/Drawable;
D/dalvikvm(10467): VFY: replacing opcode 0x6e at 0x0003
E/dalvikvm(10467): Could not find class 'android.graphics.drawable.RippleDrawable', referenced from method android.support.v7.widget.AppCompatImageHelper.hasOverlappingRendering
W/dalvikvm(10467): VFY: unable to resolve instanceof 270 (Landroid/graphics/drawable/RippleDrawable;) in Landroid/support/v7/widget/AppCompatImageHelper;
D/dalvikvm(10467): VFY: replacing opcode 0x20 at 0x000c
I/dalvikvm(10467): Could not find method android.view.accessibility.CaptioningManager$CaptionStyle.hasForegroundColor, referenced from method com.google.android.exoplayer2.text.CaptionStyleCompat.createFromCaptionStyleV21
W/dalvikvm(10467): VFY: unable to resolve virtual method 20711: Landroid/view/accessibility/CaptioningManager$CaptionStyle;.hasForegroundColor ()Z
D/dalvikvm(10467): VFY: replacing opcode 0x6e at 0x0002
D/dalvikvm(10467): DexOpt: couldn't find field Landroid/view/accessibility/CaptioningManager$CaptionStyle;.windowColor
I/dalvikvm(10467): DexOpt: unable to optimize instance field ref 0x302d at 0x26 in Lcom/google/android/exoplayer2/text/CaptionStyleCompat;.createFromCaptionStyleV21
D/dalvikvm(10467): GC_FOR_ALLOC freed 150K, 22% free 5271K/6704K, paused 4ms, total 4ms
I/dalvikvm-heap(10467): Grow heap (frag case) to 11.061MB for 5308432-byte allocation
D/dalvikvm(10467): GC_CONCURRENT freed 2K, 13% free 10453K/11892K, paused 2ms+2ms, total 7ms
D/dalvikvm(10467): WAIT_FOR_CONCURRENT_GC blocked 5ms
I/dalvikvm(10467): Could not find method android.view.Display.getMode, referenced from method com.google.android.exoplayer2.util.Util.getDisplaySizeV23
W/dalvikvm(10467): VFY: unable to resolve virtual method 19721: Landroid/view/Display;.getMode ()Landroid/view/Display$Mode;
D/dalvikvm(10467): VFY: replacing opcode 0x6e at 0x0000
I/dalvikvm(10467): Could not find method android.app.Activity.checkSelfPermission, referenced from method com.google.android.exoplayer2.util.Util.maybeRequestReadExternalStoragePermission
W/dalvikvm(10467): VFY: unable to resolve virtual method 115: Landroid/app/Activity;.checkSelfPermission (Ljava/lang/String;)I
D/dalvikvm(10467): VFY: replacing opcode 0x6e at 0x0016
I/dalvikvm(10467): Could not find method android.graphics.drawable.Drawable.setLayoutDirection, referenced from method com.google.android.exoplayer2.ui.DefaultTimeBar.setDrawableLayoutDirection
W/dalvikvm(10467): VFY: unable to resolve virtual method 1324: Landroid/graphics/drawable/Drawable;.setLayoutDirection (I)Z
D/dalvikvm(10467): VFY: replacing opcode 0x6e at 0x0006
W/dalvikvm(10467): VFY: unable to resolve static field 12322 (ACTION_SCROLL_FORWARD) in Landroid/view/accessibility/AccessibilityNodeInfo$AccessibilityAction;
D/dalvikvm(10467): VFY: replacing opcode 0x62 at 0x0022
I/dalvikvm(10467): DexOpt: unable to optimize static field ref 0x3020 at 0x27 in Lcom/google/android/exoplayer2/ui/DefaultTimeBar;.onInitializeAccessibilityNodeInfo
I/dalvikvm(10467): Could not find method android.content.Context.startForegroundService, referenced from method android.support.v4.media.session.MediaButtonReceiver.startForegroundService
W/dalvikvm(10467): VFY: unable to resolve virtual method 750: Landroid/content/Context;.startForegroundService (Landroid/content/Intent;)Landroid/content/ComponentName;
D/dalvikvm(10467): VFY: replacing opcode 0x6e at 0x0006
W/MediaSessionCompat(10467): Couldn't find a unique registered media button receiver in the given context.
D/AndroidRuntime(10467): Shutting down VM
W/dalvikvm(10467): threadid=1: thread exiting with uncaught exception (group=0x433101a0)
E/AndroidRuntime(10467): FATAL EXCEPTION: main
E/AndroidRuntime(10467): Process: com.example.android.videoplayersample, PID: 10467
E/AndroidRuntime(10467): java.lang.RuntimeException: Unable to start activity ComponentInfo{com.example.android.videoplayersample/com.example.android.videoplayersample.VideoActivity}: java.lang.IllegalArgumentException: MediaButtonReceiver component may not be null.
E/AndroidRuntime(10467): 	at android.app.ActivityThread.performLaunchActivity(ActivityThread.java:2404)
E/AndroidRuntime(10467): 	at android.app.ActivityThread.handleLaunchActivity(ActivityThread.java:2464)
E/AndroidRuntime(10467): 	at android.app.ActivityThread.access$900(ActivityThread.java:172)
E/AndroidRuntime(10467): 	at android.app.ActivityThread$H.handleMessage(ActivityThread.java:1308)
E/AndroidRuntime(10467): 	at android.os.Handler.dispatchMessage(Handler.java:102)
E/AndroidRuntime(10467): 	at android.os.Looper.loop(Looper.java:146)
E/AndroidRuntime(10467): 	at android.app.ActivityThread.main(ActivityThread.java:5653)
E/AndroidRuntime(10467): 	at java.lang.reflect.Method.invokeNative(Native Method)
E/AndroidRuntime(10467): 	at java.lang.reflect.Method.invoke(Method.java:515)
E/AndroidRuntime(10467): 	at com.android.internal.os.ZygoteInit$MethodAndArgsCaller.run(ZygoteInit.java:1291)
E/AndroidRuntime(10467): 	at com.android.internal.os.ZygoteInit.main(ZygoteInit.java:1107)
E/AndroidRuntime(10467): 	at dalvik.system.NativeStart.main(Native Method)
E/AndroidRuntime(10467): Caused by: java.lang.IllegalArgumentException: MediaButtonReceiver component may not be null.
E/AndroidRuntime(10467): 	at android.support.v4.media.session.MediaSessionCompat$MediaSessionImplBase.<init>(MediaSessionCompat.java:1825)
E/AndroidRuntime(10467): 	at android.support.v4.media.session.MediaSessionCompat$MediaSessionImplApi18.<init>(MediaSessionCompat.java:2979)
E/AndroidRuntime(10467): 	at android.support.v4.media.session.MediaSessionCompat$MediaSessionImplApi19.<init>(MediaSessionCompat.java:3062)
E/AndroidRuntime(10467): 	at android.support.v4.media.session.MediaSessionCompat.<init>(MediaSessionCompat.java:400)
E/AndroidRuntime(10467): 	at android.support.v4.media.session.MediaSessionCompat.<init>(MediaSessionCompat.java:346)
E/AndroidRuntime(10467): 	at com.example.android.videoplayersample.VideoActivity.createMediaSession(VideoActivity.kt:82)
E/AndroidRuntime(10467): 	at com.example.android.videoplayersample.VideoActivity.onCreate(VideoActivity.kt:57)
E/AndroidRuntime(10467): 	at android.app.Activity.performCreate(Activity.java:5541)
E/AndroidRuntime(10467): 	at android.app.Instrumentation.callActivityOnCreate(Instrumentation.java:1093)
E/AndroidRuntime(10467): 	at android.app.ActivityThread.performLaunchActivity(ActivityThread.java:2368)
E/AndroidRuntime(10467): 	... 11 more
W/ActivityManager( 2329):   Force finishing activity com.example.android.videoplayersample/.VideoActivity
W/ActivityManager( 2329):   Force finishing activity com.example.android.videoplayersample/.MainActivity
D/STATUSBAR-StatusBarManagerService( 2329): manageDisableList what=0x0 pkg=WindowManager.LayoutParams
D/PointerIcon( 2329): setMouseIconStyle1 pointerType: 1001iconType:101 flag:0
D/PointerIcon( 2329): setMouseCustomIcon IconType is same.101
D/CrashAnrDetector( 2329): processName: com.example.android.videoplayersample
D/CrashAnrDetector( 2329): broadcastEvent : com.example.android.videoplayersample data_app_crash
W/ContextImpl( 2329): Calling a method in the system process without a qualified user: android.app.ContextImpl.sendBroadcast:1515 com.android.server.analytics.data.collection.application.CrashAnrDetector.broadcastEvent:296 com.android.server.analytics.data.collection.application.CrashAnrDetector.processDropBoxEntry:254 com.android.server.analytics.data.collection.application.CrashAnrDetector.access$100:60 com.android.server.analytics.data.collection.application.CrashAnrDetector$1.onReceive:102 
D/KeyguardUpdateMonitor( 2498): sendKeyguardVisibilityChanged(true)
I/KeyguardUpdateMonitor( 2498): visibility is same
I/SurfaceFlinger( 1891): Device Built-in Screen -> ls 0 
I/SurfaceFlinger( 1891): Device Built-in Screen -> ls 0 
I/SurfaceFlinger( 1891): Device Built-in Screen -> ls 0 
D/KeyguardUpdateMonitor( 2498): sendKeyguardVisibilityChanged(true)
I/KeyguardUpdateMonitor( 2498): visibility is same
I/SurfaceFlinger( 1891): Device Built-in Screen -> ls 0 
I/SurfaceFlinger( 1891): Device Built-in Screen -> ls 0 
I/SurfaceFlinger( 1891): Device Built-in Screen -> ls 0 
E/IMGSRV  ( 1891): :0: PVRDRMOpen: TP3, ret = 49
D/KeyguardUpdateMonitor( 2498): sendKeyguardVisibilityChanged(true)
I/KeyguardUpdateMonitor( 2498): visibility is same
I/SurfaceFlinger( 1891): Device Built-in Screen -> ls 0 
I/SurfaceFlinger( 1891): Device Built-in Screen -> ls 0 
I/SurfaceFlinger( 1891): Device Built-in Screen -> ls 0 
D/KeyguardUpdateMonitor( 2498): sendKeyguardVisibilityChanged(true)
I/KeyguardUpdateMonitor( 2498): visibility is same
I/SurfaceFlinger( 1891): Device Built-in Screen -> ls 0 
I/SurfaceFlinger( 1891): Device Built-in Screen -> ls 0 
I/SurfaceFlinger( 1891): Device Built-in Screen -> ls 0 
I/SurfaceFlinger( 1891): Device Built-in Screen -> ls 0 
I/SurfaceFlinger( 1891): Device Built-in Screen -> ls 0 
I/SurfaceFlinger( 1891): Device Built-in Screen -> ls 0 
I/SurfaceFlinger( 1891): Device Built-in Screen -> ls 0 
I/SurfaceFlinger( 1891): Device Built-in Screen -> ls 0 
I/SurfaceFlinger( 1891): Device Built-in Screen -> ls 0 
I/SurfaceFlinger( 1891): Device Built-in Screen -> ls 0 
I/SurfaceFlinger( 1891): Device Built-in Screen -> ls 0 
I/SurfaceFlinger( 1891): Device Built-in Screen -> ls 0 
I/SurfaceFlinger( 1891): Device Built-in Screen -> ls 0 
I/SurfaceFlinger( 1891): Device Built-in Screen -> ls 0 
I/SurfaceFlinger( 1891): Device Built-in Screen -> ls 0 
I/SurfaceFlinger( 1891): Device Built-in Screen -> ls 0 
I/SurfaceFlinger( 1891): Device Built-in Screen -> ls 0 
I/SurfaceFlinger( 1891): Device Built-in Screen -> ls 0 
I/SurfaceFlinger( 1891): Device Built-in Screen -> ls 0 
I/SurfaceFlinger( 1891): Device Built-in Screen -> ls 0 
I/SurfaceFlinger( 1891): Device Built-in Screen -> ls 0 
I/SurfaceFlinger( 1891): Device Built-in Screen -> ls 0 
I/SurfaceFlinger( 1891): Device Built-in Screen -> ls 0 
I/SurfaceFlinger( 1891): Device Built-in Screen -> ls 0 
I/SurfaceFlinger( 1891): Device Built-in Screen -> ls 0 
I/SurfaceFlinger( 1891): Device Built-in Screen -> ls 0 
I/SurfaceFlinger( 1891): Device Built-in Screen -> ls 0 
I/SurfaceFlinger( 1891): Device Built-in Screen -> ls 0 
I/SurfaceFlinger( 1891): Device Built-in Screen -> ls 0 
I/SurfaceFlinger( 1891): Device Built-in Screen -> ls 0 
I/SurfaceFlinger( 1891): Device Built-in Screen -> ls 0 
I/SurfaceFlinger( 1891): Device Built-in Screen -> ls 0 
I/SurfaceFlinger( 1891): Device Built-in Screen -> ls 0 
I/SurfaceFlinger( 1891): Device Built-in Screen -> ls 0 
I/SurfaceFlinger( 1891): Device Built-in Screen -> ls 0 
I/SurfaceFlinger( 1891): Device Built-in Screen -> ls 0 
I/SurfaceFlinger( 1891): Device Built-in Screen -> ls 0 
I/SurfaceFlinger( 1891): Device Built-in Screen -> ls 0 
I/SurfaceFlinger( 1891): Device Built-in Screen -> ls 0 
I/SurfaceFlinger( 1891): Device Built-in Screen -> ls 0 
I/SurfaceFlinger( 1891): Device Built-in Screen -> ls 0 
I/SurfaceFlinger( 1891): Device Built-in Screen -> ls 0 
I/SurfaceFlinger( 1891): Device Built-in Screen -> ls 0 
I/SurfaceFlinger( 1891): Device Built-in Screen -> ls 0 
I/SurfaceFlinger( 1891): Device Built-in Screen -> ls 0 
I/SurfaceFlinger( 1891): Device Built-in Screen -> ls 0 
I/SurfaceFlinger( 1891): Device Built-in Screen -> ls 0 
I/SurfaceFlinger( 1891): Device Built-in Screen -> ls 0 
I/SurfaceFlinger( 1891): Device Built-in Screen -> ls 0 
I/SurfaceFlinger( 1891): Device Built-in Screen -> ls 0 
I/SurfaceFlinger( 1891): Device Built-in Screen -> ls 0 
I/SurfaceFlinger( 1891): Device Built-in Screen -> ls 0 
I/SurfaceFlinger( 1891): Device Built-in Screen -> ls 0 
I/SurfaceFlinger( 1891): Device Built-in Screen -> ls 0 
I/SurfaceFlinger( 1891): Device Built-in Screen -> ls 0 
I/SurfaceFlinger( 1891): Device Built-in Screen -> ls 0 
I/SurfaceFlinger( 1891): Device Built-in Screen -> ls 0 
E/android.os.Debug( 2329): !@Dumpstate > dumpstate -k -t -z -d -o /data/log/dumpstate_app_error
I/SurfaceFlinger( 1891): Device Built-in Screen -> ls 0 
I/SurfaceFlinger( 1891): Device Built-in Screen -> ls 0 
I/SurfaceFlinger( 1891): Device Built-in Screen -> ls 0 
I/SurfaceFlinger( 1891): Device Built-in Screen -> ls 0 
I/SurfaceFlinger( 1891): Device Built-in Screen -> ls 0 
I/dumpstate(10546): begin
I/SurfaceFlinger( 1891): Device Built-in Screen -> ls 0 
I/SurfaceFlinger( 1891): Device Built-in Screen -> ls 0 
I/SurfaceFlinger( 1891): Device Built-in Screen -> ls 0 
I/SurfaceFlinger( 1891): Device Built-in Screen -> ls 0 
I/SurfaceFlinger( 1891): Device Built-in Screen -> ls 0 
I/SurfaceFlinger( 1891): Device Built-in Screen -> ls 0 
I/SurfaceFlinger( 1891): Device Built-in Screen -> ls 0 
I/SurfaceFlinger( 1891): Device Built-in Screen -> ls 0 
I/SurfaceFlinger( 1891): Device Built-in Screen -> ls 0 
I/SurfaceFlinger( 1891): Device Built-in Screen -> ls 0 
D/KeyguardUpdateMonitor( 2498): sendKeyguardVisibilityChanged(true)
I/KeyguardUpdateMonitor( 2498): visibility is same
I/SurfaceFlinger( 1891): Device Built-in Screen -> ls 0 
I/SurfaceFlinger( 1891): Device Built-in Screen -> ls 0 
I/SurfaceFlinger( 1891): Device Built-in Screen -> ls 0 
I/SurfaceFlinger( 1891): Device Built-in Screen -> ls 0 
I/SurfaceFlinger( 1891): Device Built-in Screen -> ls 0 
D/Launcher( 2725): onRestart, Launcher: 566858704
D/Launcher( 2725): onStart, Launcher: 566858704
D/Launcher.HomeView( 2725): onStart
D/Launcher( 2725): onResume, Launcher: 566858704
D/PhoneStatusBar( 2498): setSemiTransparentMode=false, mTransparentMode=false, mSemiTransparentMode=false, mMultiWindowMode=false
D/Launcher.HomeView( 2725): onResume
D/SurfaceWidgetConnection( 2725): .SurfaceWidgetWeather#1 is being resumed by launcher
D/SurfaceWidgetConnection( 2725): .BriefingWidget#1 is being resumed by launcher
D/SurfaceWidgetClient$ISurfaceWidgetStub( 2895): [237392/4] Surface widget resume on instance = 1
D/SurfaceWidgetClient$ISurfaceWidgetStub( 2907): [237392/4] Surface widget resume on instance = 1
D/accuweather( 2895): [Accuweather_J_Tab]>>> SWW:158 [0:0] [SWW] onResume : rI = 1
D/accuweather( 2895): [Accuweather_J_Tab]>>> SWW:163 [0:0] [SWW] onResume : Orientation = 2/2
D/PhoneStatusBar( 2498): setTransGradationMode=false, mTransparentMode=false, mSemiTransparentMode=false, mMultiWindowMode=false
D/accuweather( 2895): [Accuweather_J_Tab]>>> WR:448 [0:0] =============== updateTime = 1
D/StatusBarManagerService( 2329): semi p:2725,o:f
D/StatusBarManagerService( 2329): tr p:2725,o:f
D/accuweather( 2895): [Accuweather_J_Tab]>>> SWW:177 [0:0] [SWW] onResume : size = 1
D/KeyguardUpdateMonitor( 2498): sendKeyguardVisibilityChanged(true)
I/KeyguardUpdateMonitor( 2498): visibility is same
D/accuweather( 2895): [Accuweather_J_Tab]>>> DBH:1761 [0:0] gADWI : count = 1
D/MenuAppsGridFragment( 2725): onResume
D/SurfaceWidgetClient$ISurfaceWidgetStub( 2895): [237392/4] Surface widget visibility changed visibility = true on instance = 1
D/SurfaceWidget.Renderer( 2895): [237392/4] SurfaceWidget drawing first frame
D/accuweather( 2895): [Accuweather_J_Tab]>>> WR:610 [0:0] onGLDraw : BG texture = 490007
D/SurfaceWidgetClient$ISurfaceWidgetStub( 2907): [237392/4] Surface widget visibility changed visibility = true on instance = 1
D/SurfaceWidget.Renderer( 2907): [237392/4] SurfaceWidget drawing first frame
D/accuweather( 2895): [Accuweather_J_Tab]>>> WCD:416 [0:0]  onFirstUpdate :: fU = false
D/accuweather( 2895): [Accuweather_J_Tab]>>> SWW:292 [0:0] hideMsg : mResumeInstnceList[0] = 1
D/accuweather( 2895): [Accuweather_J_Tab]>>> WR:772 [0:0] hideMsg : -1, isShow = false
D/accuweather( 2895): [Accuweather_J_Tab]>>> WR:778 [0:0] hideMsg : 0
D/accuweather( 2895): [Accuweather_J_Tab]>>> WCD:456 [0:0]  onResume : fU = false, cnt =1
D/accuweather( 2895): [Accuweather_J_Tab]>>> WCD:1310 [0:0] AR_S_T : 3
D/accuweather( 2895): [Accuweather_J_Tab]>>> WCD:1335 [0:0] cARH()
D/accuweather( 2895): [Accuweather_J_Tab]>>> WCD:1359 [0:0] sAS
I/SurfaceFlinger( 1891): Device Built-in Screen -> ls 0 
I/SurfaceFlinger( 1891): Device Built-in Screen -> ls 0 
I/SurfaceFlinger( 1891): Device Built-in Screen -> ls 0 
I/SurfaceFlinger( 1891): Device Built-in Screen -> ls 0 
I/SurfaceFlinger( 1891): Device Built-in Screen -> ls 0 
D/accuweather( 2895): [Accuweather_J_Tab]>>> WCD:1366 [0:0] sAS : scroll = 0, size = 1
D/accuweather( 2895): [Accuweather_J_Tab]>>> WCD:466 [0:0]  onResume :: mFAR = false, cC = false, isa = false
D/KeyguardUpdateMonitor( 2498): sendKeyguardVisibilityChanged(true)
I/KeyguardUpdateMonitor( 2498): visibility is same
D/accuweather( 2895): [Accuweather_J_Tab]>>> SWW:582 [0:0]  registerTTReceiver ! 
I/SurfaceFlinger( 1891): Device Built-in Screen -> ls 0 
I/SurfaceFlinger( 1891): Device Built-in Screen -> ls 0 
I/SurfaceFlinger( 1891): Device Built-in Screen -> ls 0 
I/SurfaceFlinger( 1891): Device Built-in Screen -> ls 0 
I/SurfaceFlinger( 1891): Device Built-in Screen -> ls 0 
D/accuweather( 2895): [Accuweather_J_Tab]>>> WR:488 [0:0] onResume : 1, widgetMode : 2, orientation : 2
D/comsamsunglog( 2895): [Accuweather_J_Tab]>>> ==============================================================================================
D/comsamsunglog( 2895): [Accuweather_J_Tab]>>> widgetappatheroaccuweather [Version : 14102401] [ 1 ] 
D/comsamsunglog( 2895): [Accuweather_J_Tab]>>> Header set to : ===> "accuweather" <===
D/comsamsunglog( 2895): [Accuweather_J_Tab]>>> ==============================================================================================
D/accuweather( 2895): [Accuweather_J_Tab]>>> SM:1085 [0:0] updateCurrentCityTime : [1]0/1
D/accuweather( 2895): [Accuweather_J_Tab]>>> SM:1100 [0:0] updateCurrentCityTime , ConditionLayerWidth = 813, mConditionLayerHeight = 525
D/accuweather( 2895): [Accuweather_J_Tab]>>> SM:1936 [0:0] drw 1nd Tm dt = Fr, 1 Januar
I/SurfaceFlinger( 1891): Device Built-in Screen -> ls 0 
I/SurfaceFlinger( 1891): Device Built-in Screen -> ls 0 
I/SurfaceFlinger( 1891): Device Built-in Screen -> ls 0 
I/SurfaceFlinger( 1891): Device Built-in Screen -> ls 0 
I/SurfaceFlinger( 1891): Device Built-in Screen -> ls 0 
D/accuweather( 2895): [Accuweather_J_Tab]>>> SM:1130 [0:0] updateCityAniType : mCityList.size():1 mCityIndex : 0
D/accuweather( 2895): [Accuweather_J_Tab]>>> SM:3149 [0:0] onR : isAni = false
I/SurfaceFlinger( 1891): Device Built-in Screen -> ls 0 
I/SurfaceFlinger( 1891): Device Built-in Screen -> ls 0 
I/SurfaceFlinger( 1891): Device Built-in Screen -> ls 0 
I/SurfaceFlinger( 1891): Device Built-in Screen -> ls 0 
I/SurfaceFlinger( 1891): Device Built-in Screen -> ls 0 
E/IMGSRV  ( 1891): :0: PVRDRMOpen: TP3, ret = 71
D/ProgramMonitor(10329): LAUNCHER_RESUME
D/ProgramMonitor(10329): isWidgetEnabled:0  mViews:null
V/TaskCloserActivity(10329): TaskCloserActivity onReceive()
W/ContextImpl(10329): Implicit intents with startService are not safe: Intent { act=com.sec.android.app.controlpanel.service.REMOTE_SERVICE } android.content.ContextWrapper.bindService:529 com.sec.android.widgetapp.programmonitorwidget.taskcloser.TaskCloserActivity.onReceive:371 com.sec.android.widgetapp.programmonitorwidget.ProgramMonitorProvider.onReceive:423 
I/SurfaceFlinger( 1891): Device Built-in Screen -> ls 0 
I/SurfaceFlinger( 1891): Device Built-in Screen -> ls 0 
I/SurfaceFlinger( 1891): Device Built-in Screen -> ls 0 
I/SurfaceFlinger( 1891): Device Built-in Screen -> ls 0 
I/SurfaceFlinger( 1891): Device Built-in Screen -> ls 0 
D/accuweather( 2895): [Accuweather_J_Tab]>>> U:213 [0:0] widget 1516931340000
D/accuweather( 2895): [Accuweather_J_Tab]>>> WCD:1212 [0:0] nt=1516931340000
D/accuweather( 2895): [Accuweather_J_Tab]>>> WCD:1213 [0:0] [ARH] now = [378696066347] lt = [1516931340000] need RF = [false]
D/accuweather( 2895): [Accuweather_J_Tab]>>> WCD:1218 [0:0] nt - now =1138235273653
D/accuweather( 2895): [Accuweather_J_Tab]>>> WCD:1219 [0:0]  now : 82/01/01 02:21:06 lt : 18/01/26 02:49:00
D/accuweather( 2895): [Accuweather_J_Tab]>>> U:2868 [0:0] get UT pref:0
D/accuweather( 2895): [Accuweather_J_Tab]>>> SWW:419 [0:0] getRefreshAnimation : mResumeInstnceList[0] = 1
D/accuweather( 2895): [Accuweather_J_Tab]>>> SWW:521 [0:0] =================== , resume :1
I/SurfaceFlinger( 1891): Device Built-in Screen -> ls 0 
I/SurfaceFlinger( 1891): Device Built-in Screen -> ls 0 
I/SurfaceFlinger( 1891): Device Built-in Screen -> ls 0 
I/SurfaceFlinger( 1891): Device Built-in Screen -> ls 0 
I/SurfaceFlinger( 1891): Device Built-in Screen -> ls 0 
I/SurfaceFlinger( 1891): Device Built-in Screen -> ls 0 
I/SurfaceFlinger( 1891): Device Built-in Screen -> ls 0 
I/SurfaceFlinger( 1891): Device Built-in Screen -> ls 0 
I/SurfaceFlinger( 1891): Device Built-in Screen -> ls 0 
I/SurfaceFlinger( 1891): Device Built-in Screen -> ls 0 
D/KeyguardUpdateMonitor( 2498): sendKeyguardVisibilityChanged(true)
I/KeyguardUpdateMonitor( 2498): visibility is same
D/BarController.StatusBar( 2329): mState: WINDOW_STATE_SHOWING
D/STATUSBAR-StatusBarManagerService( 2329): manageDisableList what=0x0 pkg=WindowManager.LayoutParams
D/KeyguardUpdateMonitor( 2498): sendKeyguardVisibilityChanged(true)
I/KeyguardUpdateMonitor( 2498): visibility is same
I/SurfaceFlinger( 1891): Device Built-in Screen -> ls 0 
I/SurfaceFlinger( 1891): Device Built-in Screen -> ls 0 
I/SurfaceFlinger( 1891): Device Built-in Screen -> ls 0 
I/SurfaceFlinger( 1891): Device Built-in Screen -> ls 0 
D/KeyguardUpdateMonitor( 2498): sendKeyguardVisibilityChanged(true)
I/KeyguardUpdateMonitor( 2498): visibility is same
I/SurfaceFlinger( 1891): Device Built-in Screen -> ls 0 
D/PhoneStatusBar( 2498): Status bar WINDOW_STATE_SHOWING
I/ActivityManager( 2329): Killing 9944:com.sec.android.service.cm/u0a70 (adj 15): empty #31
I/SurfaceFlinger( 1891): Device Built-in Screen -> ls 0 
I/SurfaceFlinger( 1891): Device Built-in Screen -> ls 0 
I/SurfaceFlinger( 1891): Device Built-in Screen -> ls 0 
I/SurfaceFlinger( 1891): Device Built-in Screen -> ls 0 
I/SurfaceFlinger( 1891): Device Built-in Screen -> ls 0 
D/KeyguardUpdateMonitor( 2498): sendKeyguardVisibi